Component: ARM Compiler 5.06 update 5 (build 528) Tool: armlink [4d35e2]

==============================================================================

Section Cross References

    main.o(i.HAL_TIM_PeriodElapsedCallback) refers to haltick_drv.o(i.HAL_IncTick) for HAL_IncTick
    main.o(i.SystemClock_Config) refers to rt_memclr_w.o(.text) for __aeabi_memclr4
    main.o(i.SystemClock_Config) refers to stm32f4xx_hal_rcc.o(i.HAL_RCC_OscConfig) for HAL_RCC_OscConfig
    main.o(i.SystemClock_Config) refers to main.o(i.Error_Handler) for Error_Handler
    main.o(i.SystemClock_Config) refers to stm32f4xx_hal_rcc.o(i.HAL_RCC_ClockConfig) for HAL_RCC_ClockConfig
    main.o(i.main) refers to stm32f4xx_hal.o(i.HAL_Init) for HAL_Init
    main.o(i.main) refers to main.o(i.SystemClock_Config) for SystemClock_Config
    main.o(i.main) refers to gpio.o(i.MX_GPIO_Init) for MX_GPIO_Init
    main.o(i.main) refers to dma.o(i.MX_DMA_Init) for MX_DMA_Init
    main.o(i.main) refers to spi.o(i.MX_SPI1_Init) for MX_SPI1_Init
    main.o(i.main) refers to tim.o(i.MX_TIM10_Init) for MX_TIM10_Init
    main.o(i.main) refers to can.o(i.MX_CAN1_Init) for MX_CAN1_Init
    main.o(i.main) refers to can.o(i.MX_CAN2_Init) for MX_CAN2_Init
    main.o(i.main) refers to usart.o(i.MX_USART3_UART_Init) for MX_USART3_UART_Init
    main.o(i.main) refers to usart.o(i.MX_USART2_UART_Init) for MX_USART2_UART_Init
    main.o(i.main) refers to usart.o(i.MX_USART1_UART_Init) for MX_USART1_UART_Init
    main.o(i.main) refers to device.o(i.Device_Init) for Device_Init
    main.o(i.main) refers to driver.o(i.Driver_Init) for Driver_Init
    main.o(i.main) refers to iwdg.o(i.MX_IWDG_Init) for MX_IWDG_Init
    main.o(i.main) refers to freertos.o(i.MX_FREERTOS_Init) for MX_FREERTOS_Init
    main.o(i.main) refers to cmsis_os.o(i.osKernelStart) for osKernelStart
    gpio.o(i.MX_GPIO_Init) refers to rt_memclr_w.o(.text) for __aeabi_memclr4
    gpio.o(i.MX_GPIO_Init) refers to stm32f4xx_hal_gpio.o(i.HAL_GPIO_WritePin) for HAL_GPIO_WritePin
    gpio.o(i.MX_GPIO_Init) refers to stm32f4xx_hal_gpio.o(i.HAL_GPIO_Init) for HAL_GPIO_Init
    gpio.o(i.MX_GPIO_Init) refers to stm32f4xx_hal_cortex.o(i.HAL_NVIC_SetPriority) for HAL_NVIC_SetPriority
    gpio.o(i.MX_GPIO_Init) refers to stm32f4xx_hal_cortex.o(i.HAL_NVIC_EnableIRQ) for HAL_NVIC_EnableIRQ
    can.o(i.HAL_CAN_MspDeInit) refers to stm32f4xx_hal_gpio.o(i.HAL_GPIO_DeInit) for HAL_GPIO_DeInit
    can.o(i.HAL_CAN_MspDeInit) refers to stm32f4xx_hal_cortex.o(i.HAL_NVIC_DisableIRQ) for HAL_NVIC_DisableIRQ
    can.o(i.HAL_CAN_MspDeInit) refers to can.o(.data) for .data
    can.o(i.HAL_CAN_MspInit) refers to rt_memclr_w.o(.text) for __aeabi_memclr4
    can.o(i.HAL_CAN_MspInit) refers to stm32f4xx_hal_gpio.o(i.HAL_GPIO_Init) for HAL_GPIO_Init
    can.o(i.HAL_CAN_MspInit) refers to stm32f4xx_hal_cortex.o(i.HAL_NVIC_SetPriority) for HAL_NVIC_SetPriority
    can.o(i.HAL_CAN_MspInit) refers to stm32f4xx_hal_cortex.o(i.HAL_NVIC_EnableIRQ) for HAL_NVIC_EnableIRQ
    can.o(i.HAL_CAN_MspInit) refers to can.o(.data) for .data
    can.o(i.MX_CAN1_Init) refers to stm32f4xx_hal_can.o(i.HAL_CAN_Init) for HAL_CAN_Init
    can.o(i.MX_CAN1_Init) refers to main.o(i.Error_Handler) for Error_Handler
    can.o(i.MX_CAN1_Init) refers to can.o(.bss) for .bss
    can.o(i.MX_CAN2_Init) refers to stm32f4xx_hal_can.o(i.HAL_CAN_Init) for HAL_CAN_Init
    can.o(i.MX_CAN2_Init) refers to main.o(i.Error_Handler) for Error_Handler
    can.o(i.MX_CAN2_Init) refers to can.o(.bss) for .bss
    freertos.o(i.MX_FREERTOS_Init) refers to rt_memcpy_w.o(.text) for __aeabi_memcpy4
    freertos.o(i.MX_FREERTOS_Init) refers to cmsis_os.o(i.osThreadCreate) for osThreadCreate
    freertos.o(i.MX_FREERTOS_Init) refers to freertos.o(.constdata) for .constdata
    freertos.o(i.MX_FREERTOS_Init) refers to freertos.o(.data) for .data
    freertos.o(i.StartMonitorTask) refers to cmsis_os.o(i.osDelay) for osDelay
    freertos.o(i.vApplicationGetIdleTaskMemory) refers to freertos.o(.bss) for .bss
    freertos.o(.constdata) refers to freertos.o(.conststring) for .conststring
    freertos.o(.constdata) refers to monitor_task.o(i.StartMonitorTask) for StartMonitorTask
    freertos.o(.constdata) refers to system_task.o(i.StartSystemTask) for StartSystemTask
    freertos.o(.constdata) refers to control_task.o(i.StartControlTask) for StartControlTask
    dma.o(i.MX_DMA_Init) refers to stm32f4xx_hal_cortex.o(i.HAL_NVIC_SetPriority) for HAL_NVIC_SetPriority
    dma.o(i.MX_DMA_Init) refers to stm32f4xx_hal_cortex.o(i.HAL_NVIC_EnableIRQ) for HAL_NVIC_EnableIRQ
    iwdg.o(i.MX_IWDG_Init) refers to stm32f4xx_hal_iwdg.o(i.HAL_IWDG_Init) for HAL_IWDG_Init
    iwdg.o(i.MX_IWDG_Init) refers to main.o(i.Error_Handler) for Error_Handler
    iwdg.o(i.MX_IWDG_Init) refers to iwdg.o(.bss) for .bss
    spi.o(i.HAL_SPI_MspDeInit) refers to stm32f4xx_hal_gpio.o(i.HAL_GPIO_DeInit) for HAL_GPIO_DeInit
    spi.o(i.HAL_SPI_MspDeInit) refers to stm32f4xx_hal_dma.o(i.HAL_DMA_DeInit) for HAL_DMA_DeInit
[...]
    __scatterload_zeroinit                   0x08000221   Thumb Code    28  __scatter_zi.o(!!handler_zi)
    __rt_lib_init                            0x0800023d   Thumb Code     0  libinit.o(.ARM.Collect$$libinit$$00000000)
    __rt_lib_init_fp_1                       0x0800023f   Thumb Code     0  libinit2.o(.ARM.Collect$$libinit$$00000001)
    __rt_lib_init_alloca_1                   0x08000243   Thumb Code     0  libinit2.o(.ARM.Collect$$libinit$$0000002E)
    __rt_lib_init_argv_1                     0x08000243   Thumb Code     0  libinit2.o(.ARM.Collect$$libinit$$0000002C)
    __rt_lib_init_atexit_1                   0x08000243   Thumb Code     0  libinit2.o(.ARM.Collect$$libinit$$0000001B)
    __rt_lib_init_clock_1                    0x08000243   Thumb Code     0  libinit2.o(.ARM.Collect$$libinit$$00000021)
    __rt_lib_init_cpp_1                      0x08000243   Thumb Code     0  libinit2.o(.ARM.Collect$$libinit$$00000032)
    __rt_lib_init_exceptions_1               0x08000243   Thumb Code     0  libinit2.o(.ARM.Collect$$libinit$$00000030)
    __rt_lib_init_fp_trap_1                  0x08000243   Thumb Code     0  libinit2.o(.ARM.Collect$$libinit$$0000001F)
    __rt_lib_init_getenv_1                   0x08000243   Thumb Code     0  libinit2.o(.ARM.Collect$$libinit$$00000023)
    __rt_lib_init_heap_1                     0x08000243   Thumb Code     0  libinit2.o(.ARM.Collect$$libinit$$0000000A)
    __rt_lib_init_lc_collate_1               0x08000243   Thumb Code     0  libinit2.o(.ARM.Collect$$libinit$$00000011)
    __rt_lib_init_lc_ctype_1                 0x08000243   Thumb Code     0  libinit2.o(.ARM.Collect$$libinit$$00000013)
    __rt_lib_init_lc_monetary_1              0x08000243   Thumb Code     0  libinit2.o(.ARM.Collect$$libinit$$00000015)
    __rt_lib_init_lc_numeric_1               0x08000243   Thumb Code     0  libinit2.o(.ARM.Collect$$libinit$$00000017)
    __rt_lib_init_lc_time_1                  0x08000243   Thumb Code     0  libinit2.o(.ARM.Collect$$libinit$$00000019)
    __rt_lib_init_preinit_1                  0x08000243   Thumb Code     0  libinit2.o(.ARM.Collect$$libinit$$00000004)
    __rt_lib_init_rand_1                     0x08000243   Thumb Code     0  libinit2.o(.ARM.Collect$$libinit$$0000000E)
    __rt_lib_init_return                     0x08000243   Thumb Code     0  libinit2.o(.ARM.Collect$$libinit$$00000033)
    __rt_lib_init_signal_1                   0x08000243   Thumb Code     0  libinit2.o(.ARM.Collect$$libinit$$0000001D)
    __rt_lib_init_stdio_1                    0x08000243   Thumb Code     0  libinit2.o(.ARM.Collect$$libinit$$00000025)
    __rt_lib_init_user_alloc_1               0x08000243   Thumb Code     0  libinit2.o(.ARM.Collect$$libinit$$0000000C)
    __rt_lib_shutdown                        0x08000245   Thumb Code     0  libshutdown.o(.ARM.Collect$$libshutdown$$00000000)
    __rt_lib_shutdown_cpp_1                  0x08000247   Thumb Code     0  libshutdown2.o(.ARM.Collect$$libshutdown$$00000002)
    __rt_lib_shutdown_fp_trap_1              0x08000247   Thumb Code     0  libshutdown2.o(.ARM.Collect$$libshutdown$$00000007)
    __rt_lib_shutdown_heap_1                 0x08000247   Thumb Code     0  libshutdown2.o(.ARM.Collect$$libshutdown$$0000000F)
    __rt_lib_shutdown_return                 0x08000247   Thumb Code     0  libshutdown2.o(.ARM.Collect$$libshutdown$$00000010)
    __rt_lib_shutdown_signal_1               0x08000247   Thumb Code     0  libshutdown2.o(.ARM.Collect$$libshutdown$$0000000A)
    __rt_lib_shutdown_stdio_1                0x08000247   Thumb Code     0  libshutdown2.o(.ARM.Collect$$libshutdown$$00000004)
    __rt_lib_shutdown_user_alloc_1           0x08000247   Thumb Code     0  libshutdown2.o(.ARM.Collect$$libshutdown$$0000000C)
    __rt_entry                               0x08000249   Thumb Code     0  __rtentry.o(.ARM.Collect$$rtentry$$00000000)
    __rt_entry_presh_1                       0x08000249   Thumb Code     0  __rtentry2.o(.ARM.Collect$$rtentry$$00000002)
    __rt_entry_sh                            0x08000249   Thumb Code     0  __rtentry4.o(.ARM.Collect$$rtentry$$00000004)
    __rt_entry_li                            0x0800024f   Thumb Code     0  __rtentry2.o(.ARM.Collect$$rtentry$$0000000A)
    __rt_entry_postsh_1                      0x0800024f   Thumb Code     0  __rtentry2.o(.ARM.Collect$$rtentry$$00000009)
    __rt_entry_main                          0x08000253   Thumb Code     0  __rtentry2.o(.ARM.Collect$$rtentry$$0000000D)
    __rt_entry_postli_1                      0x08000253   Thumb Code     0  __rtentry2.o(.ARM.Collect$$rtentry$$0000000C)
    __rt_exit                                0x0800025b   Thumb Code     0  rtexit.o(.ARM.Collect$$rtexit$$00000000)
    __rt_exit_ls                             0x0800025d   Thumb Code     0  rtexit2.o(.ARM.Collect$$rtexit$$00000003)
    __rt_exit_prels_1                        0x0800025d   Thumb Code     0  rtexit2.o(.ARM.Collect$$rtexit$$00000002)
    __rt_exit_exit                           0x08000261   Thumb Code     0  rtexit2.o(.ARM.Collect$$rtexit$$00000004)
    SVC_Handler                              0x08000269   Thumb Code    28  port.o(.emb_text)
    __asm___6_port_c_39a90d8d__prvStartFirstTask 0x08000289   Thumb Code    36  port.o(.emb_text)
    __asm___6_port_c_39a90d8d__prvEnableVFP  0x080002b1   Thumb Code    16  port.o(.emb_text)
    PendSV_Handler                           0x080002c5   Thumb Code    88  port.o(.emb_text)
    vPortGetIPSR                             0x08000321   Thumb Code     6  port.o(.emb_text)
    Reset_Handler                            0x08000329   Thumb Code     8  startup_stm32f407xx.o(.text)
    ADC_IRQHandler                           0x08000343   Thumb Code     0  startup_stm32f407xx.o(.text)
    CAN1_RX1_IRQHandler                      0x08000343   Thumb Code     0  startup_stm32f407xx.o(.text)
    CAN1_SCE_IRQHandler                      0x08000343   Thumb Code     0  startup_stm32f407xx.o(.text)
    CAN1_TX_IRQHandler                       0x08000343   Thumb Code     0  startup_stm32f407xx.o(.text)
    CAN2_RX1_IRQHandler                      0x08000343   Thumb Code     0  startup_stm32f407xx.o(.text)
    CAN2_SCE_IRQHandler                      0x08000343   Thumb Code     0  startup_stm32f407xx.o(.text)
    CAN2_TX_IRQHandler                       0x08000343   Thumb Code     0  startup_stm32f407xx.o(.text)
    DCMI_IRQHandler                          0x08000343   Thumb Code     0  startup_stm32f407xx.o(.text)
    DMA1_Stream0_IRQHandler                  0x08000343   Thumb Code     0  startup_stm32f407xx.o(.text)
    DMA1_Stream2_IRQHandler                  0x08000343   Thumb Code     0  startup_stm32f407xx.o(.text)
    DMA1_Stream3_IRQHandler                  0x08000343   Thumb Code     0  startup_stm32f407xx.o(.text)
    DMA1_Stream4_IRQHandler                  0x08000343   Thumb Code     0  startup_stm32f407xx.o(.text)
    DMA1_Stream7_IRQHandler                  0x08000343   Thumb Code     0  startup_stm32f407xx.o(.text)
    DMA2_Stream1_IRQHandler                  0x08000343   Thumb Code     0  startup_stm32f407xx.o(.text)
    DMA2_Stream4_IRQHandler                  0x08000343   Thumb Code     0  startup_stm32f407xx.o(.text)
    DMA2_Stream5_IRQHandler                  0x08000343   Thumb Code     0  startup_stm32f407xx.o(.text)
    DMA2_Stream6_IRQHandler                  0x08000343   Thumb Code     0  startup_stm32f407xx.o(.text)
    ETH_IRQHandler                           0x08000343   Thumb Code     0  startup_stm32f407xx.o(.text)
    ETH_WKUP_IRQHandler                      0x08000343   Thumb Code     0  startup_stm32f407xx.o(.text)
    EXTI0_IRQHandler                         0x08000343   Thumb Code     0  startup_stm32f407xx.o(.text)
    EXTI15_10_IRQHandler                     0x08000343   Thumb Code     0  startup_stm32f407xx.o(.text)
    EXTI1_IRQHandler                         0x08000343   Thumb Code     0  startup_stm32f407xx.o(.text)
    EXTI2_IRQHandler                         0x08000343   Thumb Code     0  startup_stm32f407xx.o(.text)
    EXTI3_IRQHandler                         0x08000343   Thumb Code     0  startup_stm32f407xx.o(.text)
    FLASH_IRQHandler                         0x08000343   Thumb Code     0  startup_stm32f407xx.o(.text)
    FMC_IRQHandler                           0x08000343   Thumb Code     0  startup_stm32f407xx.o(.text)
    FPU_IRQHandler                           0x08000343   Thumb Code     0  startup_stm32f407xx.o(.text)
    HASH_RNG_IRQHandler                      0x08000343   Thumb Code     0  startup_stm32f407xx.o(.text)
    I2C1_ER_IRQHandler                       0x08000343   Thumb Code     0  startup_stm32f407xx.o(.text)
    I2C1_EV_IRQHandler                       0x08000343   Thumb Code     0  startup_stm32f407xx.o(.text)
    I2C2_ER_IRQHandler                       0x08000343   Thumb Code     0  startup_stm32f407xx.o(.text)
    I2C2_EV_IRQHandler                       0x08000343   Thumb Code     0  startup_stm32f407xx.o(.text)
    I2C3_ER_IRQHandler                       0x08000343   Thumb Code     0  startup_stm32f407xx.o(.text)
    I2C3_EV_IRQHandler                       0x08000343   Thumb Code     0  startup_stm32f407xx.o(.text)
    OTG_FS_IRQHandler                        0x08000343   Thumb Code     0  startup_stm32f407xx.o(.text)
    OTG_FS_WKUP_IRQHandler                   0x08000343   Thumb Code     0  startup_stm32f407xx.o(.text)
    OTG_HS_EP1_IN_IRQHandler                 0x08000343   Thumb Code     0  startup_stm32f407xx.o(.text)
    OTG_HS_EP1_OUT_IRQHandler                0x08000343   Thumb Code     0  startup_stm32f407xx.o(.text)
    OTG_HS_IRQHandler                        0x08000343   Thumb Code     0  startup_stm32f407xx.o(.text)
    OTG_HS_WKUP_IRQHandler                   0x08000343   Thumb Code     0  startup_stm32f407xx.o(.text)
    PVD_IRQHandler                           0x08000343   Thumb Code     0  startup_stm32f407xx.o(.text)
    RCC_IRQHandler                           0x08000343   Thumb Code     0  startup_stm32f407xx.o(.text)
    RTC_Alarm_IRQHandler                     0x08000343   Thumb Code     0  startup_stm32f407xx.o(.text)
    RTC_WKUP_IRQHandler                      0x08000343   Thumb Code     0  startup_stm32f407xx.o(.text)
    SDIO_IRQHandler                          0x08000343   Thumb Code     0  startup_stm32f407xx.o(.text)
    SPI1_IRQHandler                          0x08000343   Thumb Code     0  startup_stm32f407xx.o(.text)
    SPI2_IRQHandler                          0x08000343   Thumb Code     0  startup_stm32f407xx.o(.text)
    SPI3_IRQHandler                          0x08000343   Thumb Code     0  startup_stm32f407xx.o(.text)
    TAMP_STAMP_IRQHandler                    0x08000343   Thumb Code     0  startup_stm32f407xx.o(.text)
    TIM1_BRK_TIM9_IRQHandler                 0x08000343   Thumb Code     0  startup_stm32f407xx.o(.text)
    TIM1_CC_IRQHandler                       0x08000343   Thumb Code     0  startup_stm32f407xx.o(.text)
    TIM1_TRG_COM_TIM11_IRQHandler            0x08000343   Thumb Code     0  startup_stm32f407xx.o(.text)
    TIM1_UP_TIM10_IRQHandler                 0x08000343   Thumb Code     0  startup_stm32f407xx.o(.text)
    TIM3_IRQHandler                          0x08000343   Thumb Code     0  startup_stm32f407xx.o(.text)
    TIM4_IRQHandler                          0x08000343   Thumb Code     0  startup_stm32f407xx.o(.text)
    TIM5_IRQHandler                          0x08000343   Thumb Code     0  startup_stm32f407xx.o(.text)
    TIM6_DAC_IRQHandler                      0x08000343   Thumb Code     0  startup_stm32f407xx.o(.text)
    TIM7_IRQHandler                          0x08000343   Thumb Code     0  startup_stm32f407xx.o(.text)
    TIM8_BRK_TIM12_IRQHandler                0x08000343   Thumb Code     0  startup_stm32f407xx.o(.text)
    TIM8_CC_IRQHandler                       0x08000343   Thumb Code     0  startup_stm32f407xx.o(.text)
    TIM8_TRG_COM_TIM14_IRQHandler            0x08000343   Thumb Code     0  startup_stm32f407xx.o(.text)
    TIM8_UP_TIM13_IRQHandler                 0x08000343   Thumb Code     0  startup_stm32f407xx.o(.text)
    UART4_IRQHandler                         0x08000343   Thumb Code     0  startup_stm32f407xx.o(.text)
    UART5_IRQHandler                         0x08000343   Thumb Code     0  startup_stm32f407xx.o(.text)
    USART6_IRQHandler                        0x08000343   Thumb Code     0  startup_stm32f407xx.o(.text)
    WWDG_IRQHandler                          0x08000343   Thumb Code     0  startup_stm32f407xx.o(.text)
    __user_initial_stackheap                 0x08000345   Thumb Code     0  startup_stm32f407xx.o(.text)
    __aeabi_uldivmod                         0x08000369   Thumb Code     0  lludivv7m.o(.text)
    _ll_udiv                                 0x08000369   Thumb Code   238  lludivv7m.o(.text)
    __aeabi_memcpy4                          0x08000457   Thumb Code     0  rt_memcpy_w.o(.text)
    __aeabi_memcpy8                          0x08000457   Thumb Code     0  rt_memcpy_w.o(.text)
    __rt_memcpy_w                            0x08000457   Thumb Code   100  rt_memcpy_w.o(.text)
    _memcpy_lastbytes_aligned                0x0800049f   Thumb Code     0  rt_memcpy_w.o(.text)
    __aeabi_memclr                           0x080004bb   Thumb Code     0  rt_memclr.o(.text)
    __rt_memclr                              0x080004bb   Thumb Code    68  rt_memclr.o(.text)
    _memset                                  0x080004bf   Thumb Code     0  rt_memclr.o(.text)
    __aeabi_memclr4                          0x080004ff   Thumb Code     0  rt_memclr_w.o(.text)
    __aeabi_memclr8                          0x080004ff   Thumb Code     0  rt_memclr_w.o(.text)
    __rt_memclr_w                            0x080004ff   Thumb Code    78  rt_memclr_w.o(.text)
    _memset_w                                0x08000503   Thumb Code     0  rt_memclr_w.o(.text)
    __use_two_region_memory                  0x0800054d   Thumb Code     2  heapauxi.o(.text)
    __rt_heap_escrow$2region                 0x0800054f   Thumb Code     2  heapauxi.o(.text)
    __rt_heap_expand$2region                 0x08000551   Thumb Code     2  heapauxi.o(.text)
    __user_libspace                          0x08000555   Thumb Code     8  libspace.o(.text)
    __user_perproc_libspace                  0x08000555   Thumb Code     0  libspace.o(.text)
    __user_perthread_libspace                0x08000555   Thumb Code     0  libspace.o(.text)
    __user_setup_stackheap                   0x0800055d   Thumb Code    74  sys_stackheap_outer.o(.text)
    exit                                     0x080005a7   Thumb Code    18  exit.o(.text)
    _sys_exit                                0x080005b9   Thumb Code     8  sys_exit.o(.text)
    __I$use$semihosting                      0x080005c5   Thumb Code     0  use_no_semi.o(.text)
    __use_no_semihosting_swi                 0x080005c5   Thumb Code     2  use_no_semi.o(.text)
    __semihosting_library_function           0x080005c7   Thumb Code     0  indicate_semi.o(.text)
    BMI088_ACCEL_NS_H                        0x08000841   Thumb Code    10  bmi088middleware.o(i.BMI088_ACCEL_NS_H)
    BMI088_ACCEL_NS_L                        0x08000851   Thumb Code    10  bmi088middleware.o(i.BMI088_ACCEL_NS_L)
    BMI088_GPIO_init                         0x08000861   Thumb Code     2  bmi088middleware.o(i.BMI088_GPIO_init)
    BMI088_GYRO_NS_H                         0x08000865   Thumb Code    10  bmi088middleware.o(i.BMI088_GYRO_NS_H)
    BMI088_GYRO_NS_L                         0x08000875   Thumb Code    10  bmi088middleware.o(i.BMI088_GYRO_NS_L)
    BMI088_com_init                          0x08000885   Thumb Code     2  bmi088middleware.o(i.BMI088_com_init)
    BMI088_delay_ms                          0x08000887   Thumb Code    24  bmi088middleware.o(i.BMI088_delay_ms)
    BMI088_delay_us                          0x0800089f   Thumb Code    22  bmi088middleware.o(i.BMI088_delay_us)
    BMI088_init                              0x080008b5   Thumb Code    24  bmi088driver.o(i.BMI088_init)
    BMI088_read                              0x080008cd   Thumb Code   342  bmi088driver.o(i.BMI088_read)
    BMI088_read_write_byte                   0x08000a65   Thumb Code    28  bmi088middleware.o(i.BMI088_read_write_byte)
    BusFault_Handler                         0x08000a97   Thumb Code     2  stm32f4xx_it.o(i.BusFault_Handler)
    CAN1_Init                                0x08000a99   Thumb Code    36  can_drv.o(i.CAN1_Init)
    CAN1_RX0_IRQHandler                      0x08000ac1   Thumb Code     6  stm32f4xx_it.o(i.CAN1_RX0_IRQHandler)
    CAN1_Send_1FF_Motor                      0x08000acd   Thumb Code    96  can_protocol.o(i.CAN1_Send_1FF_Motor)
    CAN1_Send_200_Motor                      0x08000b39   Thumb Code    96  can_protocol.o(i.CAN1_Send_200_Motor)
    CAN1_rxDataHandler                       0x08000ba5   Thumb Code     2  can_protocol.o(i.CAN1_rxDataHandler)
    CAN2_Init                                0x08000ba9   Thumb Code    36  can_drv.o(i.CAN2_Init)
    CAN2_RX0_IRQHandler                      0x08000bd1   Thumb Code     6  stm32f4xx_it.o(i.CAN2_RX0_IRQHandler)
    CAN2_Send_1FF_Motor                      0x08000bdd   Thumb Code    96  can_protocol.o(i.CAN2_Send_1FF_Motor)
    CAN2_Send_200_Motor                      0x08000c49   Thumb Code    96  can_protocol.o(i.CAN2_Send_200_Motor)
    CAN2_rxDataHandler                       0x08000cb5   Thumb Code     2  can_protocol.o(i.CAN2_rxDataHandler)
    DMA1_Stream1_IRQHandler                  0x08000d5d   Thumb Code     6  stm32f4xx_it.o(i.DMA1_Stream1_IRQHandler)
    DMA1_Stream5_IRQHandler                  0x08000d69   Thumb Code     6  stm32f4xx_it.o(i.DMA1_Stream5_IRQHandler)
    DMA1_Stream6_IRQHandler                  0x08000d75   Thumb Code     6  stm32f4xx_it.o(i.DMA1_Stream6_IRQHandler)
    DMA2_Stream0_IRQHandler                  0x08000d81   Thumb Code     6  stm32f4xx_it.o(i.DMA2_Stream0_IRQHandler)
    DMA2_Stream2_IRQHandler                  0x08000d8d   Thumb Code     6  stm32f4xx_it.o(i.DMA2_Stream2_IRQHandler)
    DMA2_Stream3_IRQHandler                  0x08000d99   Thumb Code     6  stm32f4xx_it.o(i.DMA2_Stream3_IRQHandler)
    DMA2_Stream7_IRQHandler                  0x08000da5   Thumb Code     6  stm32f4xx_it.o(i.DMA2_Stream7_IRQHandler)
    DRV_UART_IRQHandler                      0x08001161   Thumb Code    20  uart_drv.o(i.DRV_UART_IRQHandler)
    DeathZoom                                0x08001175   Thumb Code    42  rp_math.o(i.DeathZoom)
    DebugMon_Handler                         0x0800119f   Thumb Code     2  stm32f4xx_it.o(i.DebugMon_Handler)
    Device_Init                              0x080011a1   Thumb Code   328  device.o(i.Device_Init)
    Driver_Init                              0x08001385   Thumb Code    58  driver.o(i.Driver_Init)
    EXTI4_IRQHandler                         0x080013c5   Thumb Code     6  stm32f4xx_it.o(i.EXTI4_IRQHandler)
    EXTI9_5_IRQHandler                       0x080013cb   Thumb Code     6  stm32f4xx_it.o(i.EXTI9_5_IRQHandler)
    Error_Handler                            0x080013d1   Thumb Code     4  main.o(i.Error_Handler)
    HAL_CAN_ActivateNotification             0x080013d5   Thumb Code    36  stm32f4xx_hal_can.o(i.HAL_CAN_ActivateNotification)
    HAL_CAN_AddTxMessage                     0x080013f9   Thumb Code   226  stm32f4xx_hal_can.o(i.HAL_CAN_AddTxMessage)
    HAL_CAN_ConfigFilter                     0x080014dd   Thumb Code   266  stm32f4xx_hal_can.o(i.HAL_CAN_ConfigFilter)
    HAL_CAN_ErrorCallback                    0x080015ed   Thumb Code     2  stm32f4xx_hal_can.o(i.HAL_CAN_ErrorCallback)
    HAL_CAN_GetRxMessage                     0x080015ef   Thumb Code   274  stm32f4xx_hal_can.o(i.HAL_CAN_GetRxMessage)
    HAL_CAN_IRQHandler                       0x08001701   Thumb Code   508  stm32f4xx_hal_can.o(i.HAL_CAN_IRQHandler)
    HAL_CAN_Init                             0x080018fd   Thumb Code   338  stm32f4xx_hal_can.o(i.HAL_CAN_Init)
    HAL_CAN_MspInit                          0x08001a51   Thumb Code   230  can.o(i.HAL_CAN_MspInit)
    HAL_CAN_RxFifo0FullCallback              0x08001b51   Thumb Code     2  stm32f4xx_hal_can.o(i.HAL_CAN_RxFifo0FullCallback)
    HAL_CAN_RxFifo0MsgPendingCallback        0x08001b55   Thumb Code    24  can_drv.o(i.HAL_CAN_RxFifo0MsgPendingCallback)
    HAL_CAN_RxFifo1FullCallback              0x08001b75   Thumb Code     2  stm32f4xx_hal_can.o(i.HAL_CAN_RxFifo1FullCallback)
    HAL_CAN_RxFifo1MsgPendingCallback        0x08001b77   Thumb Code     2  stm32f4xx_hal_can.o(i.HAL_CAN_RxFifo1MsgPendingCallback)
    HAL_CAN_SleepCallback                    0x08001b79   Thumb Code     2  stm32f4xx_hal_can.o(i.HAL_CAN_SleepCallback)
    HAL_CAN_Start                            0x08001b7b   Thumb Code    88  stm32f4xx_hal_can.o(i.HAL_CAN_Start)
    HAL_CAN_TxMailbox0AbortCallback          0x08001bd3   Thumb Code     2  stm32f4xx_hal_can.o(i.HAL_CAN_TxMailbox0AbortCallback)
    HAL_CAN_TxMailbox0CompleteCallback       0x08001bd5   Thumb Code     2  stm32f4xx_hal_can.o(i.HAL_CAN_TxMailbox0CompleteCallback)
    HAL_CAN_TxMailbox1AbortCallback          0x08001bd7   Thumb Code     2  stm32f4xx_hal_can.o(i.HAL_CAN_TxMailbox1AbortCallback)
    HAL_CAN_TxMailbox1CompleteCallback       0x08001bd9   Thumb Code     2  stm32f4xx_hal_can.o(i.HAL_CAN_TxMailbox1CompleteCallback)
    HAL_CAN_TxMailbox2AbortCallback          0x08001bdb   Thumb Code     2  stm32f4xx_hal_can.o(i.HAL_CAN_TxMailbox2AbortCallback)
    HAL_CAN_TxMailbox2CompleteCallback       0x08001bdd   Thumb Code     2  stm32f4xx_hal_can.o(i.HAL_CAN_TxMailbox2CompleteCallback)
    HAL_CAN_WakeUpFromRxMsgCallback          0x08001bdf   Thumb Code     2  stm32f4xx_hal_can.o(i.HAL_CAN_WakeUpFromRxMsgCallback)
    HAL_DMA_Abort                            0x08001be1   Thumb Code   142  stm32f4xx_hal_dma.o(i.HAL_DMA_Abort)
    HAL_DMA_Abort_IT                         0x08001c6f   Thumb Code    36  stm32f4xx_hal_dma.o(i.HAL_DMA_Abort_IT)
    HAL_DMA_IRQHandler                       0x08001c95   Thumb Code   460  stm32f4xx_hal_dma.o(i.HAL_DMA_IRQHandler)
    HAL_DMA_Init                             0x08001e65   Thumb Code   208  stm32f4xx_hal_dma.o(i.HAL_DMA_Init)
    HAL_Delay                                0x08001f39   Thumb Code    32  stm32f4xx_hal.o(i.HAL_Delay)
    HAL_GPIO_EXTI_Callback                   0x08001f5d   Thumb Code     2  stm32f4xx_hal_gpio.o(i.HAL_GPIO_EXTI_Callback)
    HAL_GPIO_EXTI_IRQHandler                 0x08001f61   Thumb Code    18  stm32f4xx_hal_gpio.o(i.HAL_GPIO_EXTI_IRQHandler)
    HAL_GPIO_Init                            0x08001f79   Thumb Code   420  stm32f4xx_hal_gpio.o(i.HAL_GPIO_Init)
    HAL_GPIO_WritePin                        0x08002149   Thumb Code    14  stm32f4xx_hal_gpio.o(i.HAL_GPIO_WritePin)
    HAL_GetTick                              0x08002159   Thumb Code     6  stm32f4xx_hal.o(i.HAL_GetTick)
    HAL_IWDG_Init                            0x08002165   Thumb Code    90  stm32f4xx_hal_iwdg.o(i.HAL_IWDG_Init)
    HAL_IncTick                              0x080021c1   Thumb Code    38  haltick_drv.o(i.HAL_IncTick)
    HAL_Init                                 0x080021f5   Thumb Code    48  stm32f4xx_hal.o(i.HAL_Init)
    HAL_InitTick                             0x08002229   Thumb Code   134  stm32f4xx_hal_timebase_tim.o(i.HAL_InitTick)
    HAL_MspInit                              0x080022c1   Thumb Code    52  stm32f4xx_hal_msp.o(i.HAL_MspInit)
    HAL_NVIC_EnableIRQ                       0x080022f9   Thumb Code    26  stm32f4xx_hal_cortex.o(i.HAL_NVIC_EnableIRQ)
    HAL_NVIC_SetPriority                     0x08002315   Thumb Code    60  stm32f4xx_hal_cortex.o(i.HAL_NVIC_SetPriority)
    HAL_NVIC_SetPriorityGrouping             0x08002355   Thumb Code    26  stm32f4xx_hal_cortex.o(i.HAL_NVIC_SetPriorityGrouping)
    HAL_RCC_ClockConfig                      0x08002379   Thumb Code   310  stm32f4xx_hal_rcc.o(i.HAL_RCC_ClockConfig)
    HAL_RCC_GetClockConfig                   0x080024c5   Thumb Code    52  stm32f4xx_hal_rcc.o(i.HAL_RCC_GetClockConfig)
    HAL_RCC_GetHCLKFreq                      0x08002501   Thumb Code     6  stm32f4xx_hal_rcc.o(i.HAL_RCC_GetHCLKFreq)
    HAL_RCC_GetPCLK1Freq                     0x0800250d   Thumb Code    22  stm32f4xx_hal_rcc.o(i.HAL_RCC_GetPCLK1Freq)
    HAL_RCC_GetPCLK2Freq                     0x0800252d   Thumb Code    22  stm32f4xx_hal_rcc.o(i.HAL_RCC_GetPCLK2Freq)
    HAL_RCC_GetSysClockFreq                  0x0800254d   Thumb Code    94  stm32f4xx_hal_rcc.o(i.HAL_RCC_GetSysClockFreq)
    HAL_RCC_OscConfig                        0x080025b9   Thumb Code   942  stm32f4xx_hal_rcc.o(i.HAL_RCC_OscConfig)
    HAL_SPI_Init                             0x08002979   Thumb Code   190  stm32f4xx_hal_spi.o(i.HAL_SPI_Init)
    HAL_SPI_MspInit                          0x08002a39   Thumb Code   240  spi.o(i.HAL_SPI_MspInit)
    HAL_SPI_TransmitReceive                  0x08002b41   Thumb Code   502  stm32f4xx_hal_spi.o(i.HAL_SPI_TransmitReceive)
    HAL_TIMEx_BreakCallback                  0x08002d37   Thumb Code     2  stm32f4xx_hal_tim_ex.o(i.HAL_TIMEx_BreakCallback)
    HAL_TIMEx_CommutCallback                 0x08002d39   Thumb Code     2  stm32f4xx_hal_tim_ex.o(i.HAL_TIMEx_CommutCallback)
    HAL_TIM_Base_Init                        0x08002d3b   Thumb Code    74  stm32f4xx_hal_tim.o(i.HAL_TIM_Base_Init)
    HAL_TIM_Base_MspInit                     0x08002d85   Thumb Code    30  tim.o(i.HAL_TIM_Base_MspInit)
    HAL_TIM_Base_Start_IT                    0x08002dad   Thumb Code   110  stm32f4xx_hal_tim.o(i.HAL_TIM_Base_Start_IT)
    HAL_TIM_IC_CaptureCallback               0x08002e39   Thumb Code     2  stm32f4xx_hal_tim.o(i.HAL_TIM_IC_CaptureCallback)
    HAL_TIM_IRQHandler                       0x08002e3b   Thumb Code   312  stm32f4xx_hal_tim.o(i.HAL_TIM_IRQHandler)
    HAL_TIM_MspPostInit                      0x08002f75   Thumb Code    70  tim.o(i.HAL_TIM_MspPostInit)
    HAL_TIM_OC_DelayElapsedCallback          0x08002fc9   Thumb Code     2  stm32f4xx_hal_tim.o(i.HAL_TIM_OC_DelayElapsedCallback)
    HAL_TIM_PWM_ConfigChannel                0x08002fcb   Thumb Code   216  stm32f4xx_hal_tim.o(i.HAL_TIM_PWM_ConfigChannel)
    HAL_TIM_PWM_Init                         0x080030a3   Thumb Code    74  stm32f4xx_hal_tim.o(i.HAL_TIM_PWM_Init)
    HAL_TIM_PWM_MspInit                      0x080030ed   Thumb Code     2  stm32f4xx_hal_tim.o(i.HAL_TIM_PWM_MspInit)
    HAL_TIM_PWM_PulseFinishedCallback        0x080030ef   Thumb Code     2  stm32f4xx_hal_tim.o(i.HAL_TIM_PWM_PulseFinishedCallback)
    HAL_TIM_PeriodElapsedCallback            0x080030f1   Thumb Code    14  main.o(i.HAL_TIM_PeriodElapsedCallback)
    HAL_TIM_TriggerCallback                  0x080030ff   Thumb Code     2  stm32f4xx_hal_tim.o(i.HAL_TIM_TriggerCallback)
    HAL_UARTEx_RxEventCallback               0x08003101   Thumb Code     2  stm32f4xx_hal_uart.o(i.HAL_UARTEx_RxEventCallback)
    HAL_UART_ErrorCallback                   0x08003103   Thumb Code     2  stm32f4xx_hal_uart.o(i.HAL_UART_ErrorCallback)
    HAL_UART_IRQHandler                      0x08003105   Thumb Code   556  stm32f4xx_hal_uart.o(i.HAL_UART_IRQHandler)
    HAL_UART_Init                            0x08003335   Thumb Code   102  stm32f4xx_hal_uart.o(i.HAL_UART_Init)
    HAL_UART_MspInit                         0x0800339d   Thumb Code   706  usart.o(i.HAL_UART_MspInit)
    HAL_UART_RxCpltCallback                  0x08003691   Thumb Code     2  stm32f4xx_hal_uart.o(i.HAL_UART_RxCpltCallback)
    HAL_UART_TxCpltCallback                  0x08003693   Thumb Code     2  stm32f4xx_hal_uart.o(i.HAL_UART_TxCpltCallback)
    HardFault_Handler                        0x08003695   Thumb Code    92  stm32f4xx_it.o(i.HardFault_Handler)
    Led_Close                                0x08003865   Thumb Code    50  gpio_drv.o(i.Led_Close)
    MX_CAN1_Init                             0x0800389d   Thumb Code    62  can.o(i.MX_CAN1_Init)
    MX_CAN2_Init                             0x080038e5   Thumb Code    62  can.o(i.MX_CAN2_Init)
    MX_DMA_Init                              0x0800392d   Thumb Code   152  dma.o(i.MX_DMA_Init)
    MX_FREERTOS_Init                         0x080039c9   Thumb Code    74  freertos.o(i.MX_FREERTOS_Init)
    MX_GPIO_Init                             0x08003a1d   Thumb Code   268  gpio.o(i.MX_GPIO_Init)
    MX_IWDG_Init                             0x08003b3d   Thumb Code    36  iwdg.o(i.MX_IWDG_Init)
    MX_SPI1_Init                             0x08003b69   Thumb Code    64  spi.o(i.MX_SPI1_Init)
    MX_TIM10_Init                            0x08003bb1   Thumb Code    92  tim.o(i.MX_TIM10_Init)
    MX_USART1_UART_Init                      0x08003c15   Thumb Code    48  usart.o(i.MX_USART1_UART_Init)
    MX_USART2_UART_Init                      0x08003c4d   Thumb Code    48  usart.o(i.MX_USART2_UART_Init)
    MX_USART3_UART_Init                      0x08003c85   Thumb Code    50  usart.o(i.MX_USART3_UART_Init)
    MemManage_Handler                        0x08003cc5   Thumb Code     2  stm32f4xx_it.o(i.MemManage_Handler)
    NMI_Handler                              0x08003cc7   Thumb Code     2  stm32f4xx_it.o(i.NMI_Handler)
    RP_QuaternionMartix_LeftMult             0x08003cf1   Thumb Code   158  imu.o(i.RP_QuaternionMartix_LeftMult)
    RP_QuaternionMartix_RightMult            0x08003d8f   Thumb Code   158  imu.o(i.RP_QuaternionMartix_RightMult)
    StartControlTask                         0x08003fbd   Thumb Code     8  control_task.o(i.StartControlTask)
    StartMonitorTask                         0x08003fc5   Thumb Code     8  monitor_task.o(i.StartMonitorTask)
    StartSystemTask                          0x08003fcd   Thumb Code     8  system_task.o(i.StartSystemTask)
    SysTick_Handler                          0x08003fd5   Thumb Code    38  port.o(i.SysTick_Handler)
    SystemClock_Config                       0x08004001   Thumb Code   146  main.o(i.SystemClock_Config)
    SystemInit                               0x0800409d   Thumb Code    12  system_stm32f4xx.o(i.SystemInit)
    TIM2_IRQHandler                          0x080040ad   Thumb Code     6  stm32f4xx_it.o(i.TIM2_IRQHandler)
    TIM_Base_SetConfig                       0x080040b9   Thumb Code   174  stm32f4xx_hal_tim.o(i.TIM_Base_SetConfig)
    TIM_OC2_SetConfig                        0x080041fd   Thumb Code   106  stm32f4xx_hal_tim.o(i.TIM_OC2_SetConfig)
    USART1_IRQHandler                        0x080045e9   Thumb Code    18  stm32f4xx_it.o(i.USART1_IRQHandler)
    USART1_Init                              0x08004601   Thumb Code    46  uart_drv.o(i.USART1_Init)
    USART1_rxDataHandler                     0x08004639   Thumb Code     2  uart_drv.o(i.USART1_rxDataHandler)
    USART2_IRQHandler                        0x0800463d   Thumb Code    18  stm32f4xx_it.o(i.USART2_IRQHandler)
    USART2_Init                              0x08004655   Thumb Code    46  uart_drv.o(i.USART2_Init)
    USART2_rxDataHandler                     0x0800468d   Thumb Code     2  uart_drv.o(i.USART2_rxDataHandler)
    USART3_IRQHandler                        0x08004691   Thumb Code    18  stm32f4xx_it.o(i.USART3_IRQHandler)
    USART3_Init                              0x080046a9   Thumb Code    52  uart_drv.o(i.USART3_Init)
    USART3_rxDataHandler                     0x080046e5   Thumb Code    22  rc_protocol.o(i.USART3_rxDataHandler)
    UsageFault_Handler                       0x08004701   Thumb Code     2  stm32f4xx_it.o(i.UsageFault_Handler)
    arm_atan2_f32                            0x08004725   Thumb Code   524  arm_atan2_f32.o(i.arm_atan2_f32)
    arm_cos_f32                              0x0800494d   Thumb Code   124  arm_cos_f32.o(i.arm_cos_f32)
    arm_sin_f32                              0x080049d5   Thumb Code   120  arm_sin_f32.o(i.arm_sin_f32)
    bmi088_accel_init                        0x08004a59   Thumb Code   264  bmi088driver.o(i.bmi088_accel_init)
    bmi088_gyro_init                         0x08004b65   Thumb Code   214  bmi088driver.o(i.bmi088_gyro_init)
    bmi2_micros                              0x08004c41   Thumb Code    30  bmi088middleware.o(i.bmi2_micros)
    can_rx_buff                              0x08004c65   Thumb Code    38  motor.o(i.can_rx_buff)
    imu_half_cycle                           0x08004d3b   Thumb Code    60  imu.o(i.imu_half_cycle)
    inVSqrt                                  0x08005119   Thumb Code    40  imu.o(i.inVSqrt)
    main                                     0x08005145   Thumb Code    66  main.o(i.main)
    motor_class_heartbeat                    0x08005193   Thumb Code    44  motor.o(i.motor_class_heartbeat)
    motor_class_idling_flag                  0x080051bf   Thumb Code    60  motor.o(i.motor_class_idling_flag)
    motor_class_init                         0x080051fd   Thumb Code   104  motor.o(i.motor_class_init)
    motor_class_pid_init                     0x08005295   Thumb Code   112  motor.o(i.motor_class_pid_init)
    motor_class_stucking_flag                0x08005309   Thumb Code   154  motor.o(i.motor_class_stucking_flag)
    motor_judge_dir                          0x080053ff   Thumb Code    58  motor.o(i.motor_judge_dir)
    motor_offset                             0x08005439   Thumb Code    78  motor.o(i.motor_offset)
    motor_pid_angle                          0x08005489   Thumb Code    80  motor.o(i.motor_pid_angle)
    motor_pid_cal                            0x080054dd   Thumb Code   284  motor.o(i.motor_pid_cal)
    motor_pid_ctrl                           0x080055fd   Thumb Code   264  motor.o(i.motor_pid_ctrl)
    motor_pid_double                         0x08005715   Thumb Code     8  motor.o(i.motor_pid_double)
    motor_pid_err                            0x0800571d   Thumb Code    32  motor.o(i.motor_pid_err)
    motor_pid_position                       0x08005741   Thumb Code    76  motor.o(i.motor_pid_position)
    motor_pid_single                         0x08005791   Thumb Code    16  motor.o(i.motor_pid_single)
    motor_pid_speed                          0x080057a5   Thumb Code    68  motor.o(i.motor_pid_speed)
    osDelay                                  0x080057ed   Thumb Code    16  cmsis_os.o(i.osDelay)
    osKernelStart                            0x080057fd   Thumb Code    10  cmsis_os.o(i.osKernelStart)
    osThreadCreate                           0x08005807   Thumb Code    88  cmsis_os.o(i.osThreadCreate)
    pvPortMalloc                             0x08005bd9   Thumb Code   214  heap_4.o(i.pvPortMalloc)
    pxPortInitialiseStack                    0x08005cb5   Thumb Code    30  port.o(i.pxPortInitialiseStack)
    uxListRemove                             0x080064f5   Thumb Code    38  list.o(i.uxListRemove)
    vApplicationGetIdleTaskMemory            0x0800651d   Thumb Code    16  freertos.o(i.vApplicationGetIdleTaskMemory)
    vListInitialise                          0x08006531   Thumb Code    22  list.o(i.vListInitialise)
    vListInitialiseItem                      0x08006547   Thumb Code     6  list.o(i.vListInitialiseItem)
    vListInsert                              0x0800654d   Thumb Code    48  list.o(i.vListInsert)
    vListInsertEnd                           0x0800657d   Thumb Code    24  list.o(i.vListInsertEnd)
    vPortEnterCritical                       0x08006595   Thumb Code    54  port.o(i.vPortEnterCritical)
    vPortExitCritical                        0x080065d5   Thumb Code    38  port.o(i.vPortExitCritical)
    vPortFree                                0x08006601   Thumb Code    94  heap_4.o(i.vPortFree)
    vPortSetupTimerInterrupt                 0x08006665   Thumb Code    32  port.o(i.vPortSetupTimerInterrupt)
    vTaskDelay                               0x08006689   Thumb Code    70  tasks.o(i.vTaskDelay)
    vTaskStartScheduler                      0x080066d9   Thumb Code   118  tasks.o(i.vTaskStartScheduler)
    vTaskSuspendAll                          0x08006761   Thumb Code    10  tasks.o(i.vTaskSuspendAll)
    vTaskSwitchContext                       0x08006771   Thumb Code    86  tasks.o(i.vTaskSwitchContext)
    xPortStartScheduler                      0x080067d1   Thumb Code   222  port.o(i.xPortStartScheduler)
    xTaskCreate                              0x080068c5   Thumb Code   100  tasks.o(i.xTaskCreate)
    xTaskCreateStatic                        0x08006929   Thumb Code    92  tasks.o(i.xTaskCreateStatic)
    xTaskIncrementTick                       0x08006985   Thumb Code   198  tasks.o(i.xTaskIncrementTick)
    xTaskResumeAll                           0x08006a55   Thumb Code   192  tasks.o(i.xTaskResumeAll)
    _fp_init                                 0x08006b21   Thumb Code    10  fpinit.o(x$fpl$fpinit)
    __fplib_config_fpu_vfp                   0x08006b29   Thumb Code     0  fpinit.o(x$fpl$fpinit)
    __fplib_config_pureend_doubles           0x08006b29   Thumb Code     0  fpinit.o(x$fpl$fpinit)
    sinTable_f32                             0x08006ba8   Data        2052  arm_common_tables.o(.constdata)
    AHBPrescTable                            0x080073ac   Data          16  system_stm32f4xx.o(.constdata)
    APBPrescTable                            0x080073bc   Data           8  system_stm32f4xx.o(.constdata)
    Region$$Table$$Base                      0x080073e4   Number         0  anon$$obj.o(Region$$Table)
    Region$$Table$$Limit                     0x08007404   Number         0  anon$$obj.o(Region$$Table)
    MonitorHandle                            0x20000004   Data           4  freertos.o(.data)
    SystemHandle                             0x20000008   Data           4  freertos.o(.data)
    ControlHandle                            0x2000000c   Data           4  freertos.o(.data)
    chassis_lf_speed_pid_param               0x20000010   Data          28  device.o(.data)
    chassis_rf_speed_pid_param               0x2000002c   Data          28  device.o(.data)
    chassis_lb_speed_pid_param               0x20000048   Data          28  device.o(.data)
    chassis_rb_speed_pid_param               0x20000064   Data          28  device.o(.data)
    gimbal_yaw_mec_in_pid_param              0x20000080   Data          28  device.o(.data)
    gimbal_yaw_mec_pid_param                 0x2000009c   Data          28  device.o(.data)
    gimbal_pitch_mec_in_pid_param            0x200000b8   Data          28  device.o(.data)
    gimbal_pitch_mec_pid_param               0x200000d4   Data          28  device.o(.data)
    gimbal_yaw_imu_in_pid_param              0x200000f0   Data          28  device.o(.data)
    gimbal_yaw_imu_pid_param                 0x2000010c   Data          28  device.o(.data)
    gimbal_pitch_imu_in_pid_param            0x20000128   Data          28  device.o(.data)
    gimbal_pitch_imu_pid_param               0x20000144   Data          28  device.o(.data)
    launch_firc_speed_pid_param              0x20000160   Data          28  device.o(.data)
    launch_dial_speed_pid_param              0x2000017c   Data          28  device.o(.data)
    launch_dial_angle_in_pid_param           0x20000198   Data          28  device.o(.data)
    launch_dial_angle_pid_param              0x200001b4   Data          28  device.o(.data)
    motor                                    0x200001d0   Data        6444  motor.o(.data)
    rc_sensor_info                           0x20001afc   Data          26  rc_sensor.o(.data)
    rc_sensor                                0x20001b1c   Data          36  rc_sensor.o(.data)
    rc_info                                  0x20001b40   Data         484  rc_sensor.o(.data)
    rc                                       0x20001d24   Data          52  rc_sensor.o(.data)
    imu                                      0x20001d58   Data         300  imu.o(.data)
    rslt_test                                0x20001e84   Data           1  imu.o(.data)
    temp                                     0x20001e88   Data           4  imu.o(.data)
    exInt                                    0x20001e8c   Data           4  imu.o(.data)
    eyInt                                    0x20001e90   Data           4  imu.o(.data)
    ezInt                                    0x20001e94   Data           4  imu.o(.data)
    BMI088_ACCEL_SEN                         0x20001e98   Data           4  bmi088driver.o(.data)
    BMI088_GYRO_SEN                          0x20001e9c   Data           4  bmi088driver.o(.data)
    btick                                    0x20001ec4   Data           4  bmi088middleware.o(.data)
    TxMailbox                                0x20001ec8   Data           4  can_protocol.o(.data)
    CAN1_200_TxData                          0x20001ecc   Data           8  can_protocol.o(.data)
    CAN1_1FF_TxData                          0x20001ed4   Data           8  can_protocol.o(.data)
    CAN1_2FF_TxData                          0x20001edc   Data           8  can_protocol.o(.data)
    CAN1_1FE_TxData                          0x20001ee4   Data           8  can_protocol.o(.data)
    CAN1_2FE_TxData                          0x20001eec   Data           8  can_protocol.o(.data)
    CAN2_200_TxData                          0x20001ef4   Data           8  can_protocol.o(.data)
    CAN2_1FF_TxData                          0x20001efc   Data           8  can_protocol.o(.data)
    CAN2_2FF_TxData                          0x20001f04   Data           8  can_protocol.o(.data)
    CAN2_1FE_TxData                          0x20001f0c   Data           8  can_protocol.o(.data)
    CAN2_2FE_TxData                          0x20001f14   Data           8  can_protocol.o(.data)
    HalTick                                  0x20001f1c   Data           4  haltick_drv.o(.data)
    SystemCoreClock                          0x20001f20   Data           4  system_stm32f4xx.o(.data)
    pxCurrentTCB                             0x20001f24   Data           4  tasks.o(.data)
    uwTickFreq                               0x20001f8c   Data           1  stm32f4xx_hal.o(.data)
    uwTickPrio                               0x20001f90   Data           4  stm32f4xx_hal.o(.data)
    uwTick                                   0x20001f94   Data           4  stm32f4xx_hal.o(.data)
    hcan1                                    0x20001f98   Data          40  can.o(.bss)
    hcan2                                    0x20001fc0   Data          40  can.o(.bss)
    hiwdg                                    0x2000223c   Data          12  iwdg.o(.bss)
    hspi1                                    0x20002248   Data          88  spi.o(.bss)
    hdma_spi1_rx                             0x200022a0   Data          96  spi.o(.bss)
    hdma_spi1_tx                             0x20002300   Data          96  spi.o(.bss)
    htim10                                   0x20002360   Data          72  tim.o(.bss)
    huart1                                   0x200023a8   Data          72  usart.o(.bss)
    huart2                                   0x200023f0   Data          72  usart.o(.bss)
    huart3                                   0x20002438   Data          72  usart.o(.bss)
    hdma_usart1_rx                           0x20002480   Data          96  usart.o(.bss)
    hdma_usart1_tx                           0x200024e0   Data          96  usart.o(.bss)
    hdma_usart2_rx                           0x20002540   Data          96  usart.o(.bss)
    hdma_usart2_tx                           0x200025a0   Data          96  usart.o(.bss)
    hdma_usart3_rx                           0x20002600   Data          96  usart.o(.bss)
    htim2                                    0x20002660   Data          72  stm32f4xx_hal_timebase_tim.o(.bss)
    TxMessage                                0x200026d0   Data          24  can_protocol.o(.bss)
    hcan1RxFrame                             0x200026e8   Data          36  can_drv.o(.bss)
    hcan2RxFrame                             0x2000270c   Data          36  can_drv.o(.bss)
    usart1_dma_rxbuf                         0x20002730   Data         100  uart_drv.o(.bss)
    USART2_dma_rxbuf                         0x20002794   Data         100  uart_drv.o(.bss)
    USART3_dma_rxbuf                         0x200027f8   Data          48  uart_drv.o(.bss)
    __libspace_start                         0x20006518   Data          96  libspace.o(.bss)
    __temporary_stack_top$libspace           0x20006578   Data           0  libspace.o(.bss)



==============================================================================

Memory Map of the image

  Image Entry point : 0x08000189

  Load Region LR_IROM1 (Base: 0x08000000, Size: 0x0000939c, Max: 0x00100000, ABSOLUTE, COMPRESSED[0x00007608])

    Execution Region ER_IROM1 (Exec base: 0x08000000, Load base: 0x08000000, Size: 0x00007404, Max: 0x00100000, ABSOLUTE)

    Exec Addr    Load Addr    Size         Type   Attr      Idx    E Section Name        Object

    0x08000000   0x08000000   0x00000188   Data   RO         5329    RESET               startup_stm32f407xx.o
    0x08000188   0x08000188   0x00000008   Code   RO         9797  * !!!main             c_w.l(__main.o)
    0x08000190   0x08000190   0x00000034   Code   RO        10153    !!!scatter          c_w.l(__scatter.o)
    0x080001c4   0x080001c4   0x0000005a   Code   RO        10151    !!dczerorl2         c_w.l(__dczerorl2.o)
    0x0800021e   0x0800021e   0x00000002   PAD
    0x08000220   0x08000220   0x0000001c   Code   RO        10155    !!handler_zi        c_w.l(__scatter_zi.o)
    0x0800023c   0x0800023c   0x00000002   Code   RO        10020    .ARM.Collect$$libinit$$00000000  c_w.l(libinit.o)
    0x0800023e   0x0800023e   0x00000004   Code   RO        10031    .ARM.Collect$$libinit$$00000001  c_w.l(libinit2.o)
    0x08000242   0x08000242   0x00000000   Code   RO        10034    .ARM.Collect$$libinit$$00000004  c_w.l(libinit2.o)
    0x08000242   0x08000242   0x00000000   Code   RO        10037    .ARM.Collect$$libinit$$0000000A  c_w.l(libinit2.o)
    0x08000242   0x08000242   0x00000000   Code   RO        10039    .ARM.Collect$$libinit$$0000000C  c_w.l(libinit2.o)
    0x08000242   0x08000242   0x00000000   Code   RO        10041    .ARM.Collect$$libinit$$0000000E  c_w.l(libinit2.o)
    0x08000242   0x08000242   0x00000000   Code   RO        10044    .ARM.Collect$$libinit$$00000011  c_w.l(libinit2.o)
    0x08000242   0x08000242   0x00000000   Code   RO        10046    .ARM.Collect$$libinit$$00000013  c_w.l(libinit2.o)
    0x08000242   0x08000242   0x00000000   Code   RO        10048    .ARM.Collect$$libinit$$00000015  c_w.l(libinit2.o)
    0x08000242   0x08000242   0x00000000   Code   RO        10050    .ARM.Collect$$libinit$$00000017  c_w.l(libinit2.o)
    0x08000242   0x08000242   0x00000000   Code   RO        10052    .ARM.Collect$$libinit$$00000019  c_w.l(libinit2.o)
    0x08000242   0x08000242   0x00000000   Code   RO        10054    .ARM.Collect$$libinit$$0000001B  c_w.l(libinit2.o)
    0x08000242   0x08000242   0x00000000   Code   RO        10056    .ARM.Collect$$libinit$$0000001D  c_w.l(libinit2.o)
    0x08000242   0x08000242   0x00000000   Code   RO        10058    .ARM.Collect$$libinit$$0000001F  c_w.l(libinit2.o)
    0x08000242   0x08000242   0x00000000   Code   RO        10060    .ARM.Collect$$libinit$$00000021  c_w.l(libinit2.o)
    0x08000242   0x08000242   0x00000000   Code   RO        10062    .ARM.Collect$$libinit$$00000023  c_w.l(libinit2.o)
    0x08000242   0x08000242   0x00000000   Code   RO        10064    .ARM.Collect$$libinit$$00000025  c_w.l(libinit2.o)
    0x08000242   0x08000242   0x00000000   Code   RO        10068    .ARM.Collect$$libinit$$0000002C  c_w.l(libinit2.o)
    0x08000242   0x08000242   0x00000000   Code   RO        10070    .ARM.Collect$$libinit$$0000002E  c_w.l(libinit2.o)
    0x08000242   0x08000242   0x00000000   Code   RO        10072    .ARM.Collect$$libinit$$00000030  c_w.l(libinit2.o)
    0x08000242   0x08000242   0x00000000   Code   RO        10074    .ARM.Collect$$libinit$$00000032  c_w.l(libinit2.o)
    0x08000242   0x08000242   0x00000002   Code   RO        10075    .ARM.Collect$$libinit$$00000033  c_w.l(libinit2.o)
    0x08000244   0x08000244   0x00000002   Code   RO        10108    .ARM.Collect$$libshutdown$$00000000  c_w.l(libshutdown.o)
    0x08000246   0x08000246   0x00000000   Code   RO        10134    .ARM.Collect$$libshutdown$$00000002  c_w.l(libshutdown2.o)
    0x08000246   0x08000246   0x00000000   Code   RO        10136    .ARM.Collect$$libshutdown$$00000004  c_w.l(libshutdown2.o)
    0x08000246   0x08000246   0x00000000   Code   RO        10139    .ARM.Collect$$libshutdown$$00000007  c_w.l(libshutdown2.o)
    0x08000246   0x08000246   0x00000000   Code   RO        10142    .ARM.Collect$$libshutdown$$0000000A  c_w.l(libshutdown2.o)
    0x08000246   0x08000246   0x00000000   Code   RO        10144    .ARM.Collect$$libshutdown$$0000000C  c_w.l(libshutdown2.o)
    0x08000246   0x08000246   0x00000000   Code   RO        10147    .ARM.Collect$$libshutdown$$0000000F  c_w.l(libshutdown2.o)
    0x08000246   0x08000246   0x00000002   Code   RO        10148    .ARM.Collect$$libshutdown$$00000010  c_w.l(libshutdown2.o)
    0x08000248   0x08000248   0x00000000   Code   RO         9895    .ARM.Collect$$rtentry$$00000000  c_w.l(__rtentry.o)
    0x08000248   0x08000248   0x00000000   Code   RO         9977    .ARM.Collect$$rtentry$$00000002  c_w.l(__rtentry2.o)
    0x08000248   0x08000248   0x00000006   Code   RO         9989    .ARM.Collect$$rtentry$$00000004  c_w.l(__rtentry4.o)
    0x0800024e   0x0800024e   0x00000000   Code   RO         9979    .ARM.Collect$$rtentry$$00000009  c_w.l(__rtentry2.o)
    0x0800024e   0x0800024e   0x00000004   Code   RO         9980    .ARM.Collect$$rtentry$$0000000A  c_w.l(__rtentry2.o)
    0x08000252   0x08000252   0x00000000   Code   RO         9982    .ARM.Collect$$rtentry$$0000000C  c_w.l(__rtentry2.o)
    0x08000252   0x08000252   0x00000008   Code   RO         9983    .ARM.Collect$$rtentry$$0000000D  c_w.l(__rtentry2.o)
    0x0800025a   0x0800025a   0x00000002   Code   RO        10023    .ARM.Collect$$rtexit$$00000000  c_w.l(rtexit.o)
    0x0800025c   0x0800025c   0x00000000   Code   RO        10081    .ARM.Collect$$rtexit$$00000002  c_w.l(rtexit2.o)
    0x0800025c   0x0800025c   0x00000004   Code   RO        10082    .ARM.Collect$$rtexit$$00000003  c_w.l(rtexit2.o)
    0x08000260   0x08000260   0x00000006   Code   RO        10083    .ARM.Collect$$rtexit$$00000004  c_w.l(rtexit2.o)
    0x08000266   0x08000266   0x00000002   PAD
    0x08000268   0x08000268   0x000000be   Code   RO         6572    .emb_text           port.o
    0x08000326   0x08000326   0x00000002   PAD
    0x08000328   0x08000328   0x00000040   Code   RO         5330    .text               startup_stm32f407xx.o
    0x08000368   0x08000368   0x000000ee   Code   RO         9777    .text               c_w.l(lludivv7m.o)
    0x08000456   0x08000456   0x00000064   Code   RO         9787    .text               c_w.l(rt_memcpy_w.o)
    0x080004ba   0x080004ba   0x00000044   Code   RO         9791    .text               c_w.l(rt_memclr.o)
    0x080004fe   0x080004fe   0x0000004e   Code   RO         9793    .text               c_w.l(rt_memclr_w.o)
    0x0800054c   0x0800054c   0x00000006   Code   RO         9795    .text               c_w.l(heapauxi.o)
    0x08000552   0x08000552   0x00000002   PAD
    0x08000554   0x08000554   0x00000008   Code   RO        10004    .text               c_w.l(libspace.o)
    0x0800055c   0x0800055c   0x0000004a   Code   RO        10007    .text               c_w.l(sys_stackheap_outer.o)
    0x080005a6   0x080005a6   0x00000012   Code   RO        10009    .text               c_w.l(exit.o)
    0x080005b8   0x080005b8   0x0000000c   Code   RO        10078    .text               c_w.l(sys_exit.o)
    0x080005c4   0x080005c4   0x00000002   Code   RO        10097    .text               c_w.l(use_no_semi.o)
    0x080005c6   0x080005c6   0x00000000   Code   RO        10099    .text               c_w.l(indicate_semi.o)
    0x080005c6   0x080005c6   0x00000002   PAD
    0x080005c8   0x080005c8   0x00000278   Code   RO         1544    i.AccGyr_2_EulerAngle  imu.o
    0x08000840   0x08000840   0x00000010   Code   RO         1936    i.BMI088_ACCEL_NS_H  bmi088middleware.o
    0x08000850   0x08000850   0x00000010   Code   RO         1937    i.BMI088_ACCEL_NS_L  bmi088middleware.o
    0x08000860   0x08000860   0x00000002   Code   RO         1938    i.BMI088_GPIO_init  bmi088middleware.o
    0x08000862   0x08000862   0x00000002   PAD
    0x08000864   0x08000864   0x00000010   Code   RO         1939    i.BMI088_GYRO_NS_H  bmi088middleware.o
    0x08000874   0x08000874   0x00000010   Code   RO         1940    i.BMI088_GYRO_NS_L  bmi088middleware.o
    0x08000884   0x08000884   0x00000002   Code   RO         1941    i.BMI088_com_init   bmi088middleware.o
    0x08000886   0x08000886   0x00000018   Code   RO         1942    i.BMI088_delay_ms   bmi088middleware.o
    0x0800089e   0x0800089e   0x00000016   Code   RO         1943    i.BMI088_delay_us   bmi088middleware.o
    0x080008b4   0x080008b4   0x00000018   Code   RO         1860    i.BMI088_init       bmi088driver.o
    0x080008cc   0x080008cc   0x0000015c   Code   RO         1861    i.BMI088_read       bmi088driver.o
    0x08000a28   0x08000a28   0x00000024   Code   RO         1862    i.BMI088_read_muli_reg  bmi088driver.o
    0x08000a4c   0x08000a4c   0x00000016   Code   RO         1863    i.BMI088_read_single_reg  bmi088driver.o
    0x08000a62   0x08000a62   0x00000002   PAD
    0x08000a64   0x08000a64   0x00000020   Code   RO         1944    i.BMI088_read_write_byte  bmi088middleware.o
    0x08000a84   0x08000a84   0x00000012   Code   RO         1864    i.BMI088_write_single_reg  bmi088driver.o
    0x08000a96   0x08000a96   0x00000002   Code   RO          751    i.BusFault_Handler  stm32f4xx_it.o
    0x08000a98   0x08000a98   0x00000028   Code   RO         2153    i.CAN1_Init         can_drv.o
    0x08000ac0   0x08000ac0   0x0000000c   Code   RO          752    i.CAN1_RX0_IRQHandler  stm32f4xx_it.o
    0x08000acc   0x08000acc   0x0000006c   Code   RO         2019    i.CAN1_Send_1FF_Motor  can_protocol.o
    0x08000b38   0x08000b38   0x0000006c   Code   RO         2020    i.CAN1_Send_200_Motor  can_protocol.o
    0x08000ba4   0x08000ba4   0x00000002   Code   RO         2023    i.CAN1_rxDataHandler  can_protocol.o
    0x08000ba6   0x08000ba6   0x00000002   PAD
    0x08000ba8   0x08000ba8   0x00000028   Code   RO         2155    i.CAN2_Init         can_drv.o
    0x08000bd0   0x08000bd0   0x0000000c   Code   RO          753    i.CAN2_RX0_IRQHandler  stm32f4xx_it.o
    0x08000bdc   0x08000bdc   0x0000006c   Code   RO         2025    i.CAN2_Send_1FF_Motor  can_protocol.o
    0x08000c48   0x08000c48   0x0000006c   Code   RO         2026    i.CAN2_Send_200_Motor  can_protocol.o
    0x08000cb4   0x08000cb4   0x00000002   Code   RO         2029    i.CAN2_rxDataHandler  can_protocol.o
    0x08000cb6   0x08000cb6   0x0000001a   Code   RO         2157    i.CAN_Filter_ParamsInit  can_drv.o
    0x08000cd0   0x08000cd0   0x0000000a   Code   RO         1208    i.CAN_GetMotorAngle  motor.o
    0x08000cda   0x08000cda   0x0000000c   Code   RO         1209    i.CAN_GetMotorCurrent  motor.o
    0x08000ce6   0x08000ce6   0x0000000c   Code   RO         1210    i.CAN_GetMotorSpeed  motor.o
    0x08000cf2   0x08000cf2   0x00000004   Code   RO         1211    i.CAN_GetMotorTemperature  motor.o
    0x08000cf6   0x08000cf6   0x0000000c   Code   RO         1212    i.CAN_GetMotorTorque  motor.o
    0x08000d02   0x08000d02   0x00000002   PAD
    0x08000d04   0x08000d04   0x00000058   Code   RO         2158    i.CAN_Rx_Callback   can_drv.o
    0x08000d5c   0x08000d5c   0x0000000c   Code   RO          754    i.DMA1_Stream1_IRQHandler  stm32f4xx_it.o
    0x08000d68   0x08000d68   0x0000000c   Code   RO          755    i.DMA1_Stream5_IRQHandler  stm32f4xx_it.o
    0x08000d74   0x08000d74   0x0000000c   Code   RO          756    i.DMA1_Stream6_IRQHandler  stm32f4xx_it.o
    0x08000d80   0x08000d80   0x0000000c   Code   RO          757    i.DMA2_Stream0_IRQHandler  stm32f4xx_it.o
    0x08000d8c   0x08000d8c   0x0000000c   Code   RO          758    i.DMA2_Stream2_IRQHandler  stm32f4xx_it.o
    0x08000d98   0x08000d98   0x0000000c   Code   RO          759    i.DMA2_Stream3_IRQHandler  stm32f4xx_it.o
    0x08000da4   0x08000da4   0x0000000c   Code   RO          760    i.DMA2_Stream7_IRQHandler  stm32f4xx_it.o
    0x08000db0   0x08000db0   0x000002a8   Code   RO         2392    i.DMAEx_MultiBufferStart_NoIT  uart_drv.o
    0x08001058   0x08001058   0x0000002c   Code   RO         7390    i.DMA_CalcBaseAndBitshift  stm32f4xx_hal_dma.o
    0x08001084   0x08001084   0x00000078   Code   RO         7391    i.DMA_CheckFifoParam  stm32f4xx_hal_dma.o
    0x080010fc   0x080010fc   0x00000064   Code   RO         2393    i.DMA_Start         uart_drv.o
    0x08001160   0x08001160   0x00000014   Code   RO         2394    i.DRV_UART_IRQHandler  uart_drv.o
    0x08001174   0x08001174   0x0000002a   Code   RO          973    i.DeathZoom         rp_math.o
    0x0800119e   0x0800119e   0x00000002   Code   RO          761    i.DebugMon_Handler  stm32f4xx_it.o
    0x080011a0   0x080011a0   0x0000015c   Code   RO         1167    i.Device_Init       device.o
    0x080012fc   0x080012fc   0x00000088   Code   RO         1545    i.Difference_2_WorldGyro  imu.o
    0x08001384   0x08001384   0x00000040   Code   RO         2228    i.Driver_Init       driver.o
    0x080013c4   0x080013c4   0x00000006   Code   RO          762    i.EXTI4_IRQHandler  stm32f4xx_it.o
    0x080013ca   0x080013ca   0x00000006   Code   RO          763    i.EXTI9_5_IRQHandler  stm32f4xx_it.o
    0x080013d0   0x080013d0   0x00000004   Code   RO            4    i.Error_Handler     main.o
    0x080013d4   0x080013d4   0x00000024   Code   RO         6653    i.HAL_CAN_ActivateNotification  stm32f4xx_hal_can.o
    0x080013f8   0x080013f8   0x000000e2   Code   RO         6654    i.HAL_CAN_AddTxMessage  stm32f4xx_hal_can.o
    0x080014da   0x080014da   0x00000002   PAD
    0x080014dc   0x080014dc   0x00000110   Code   RO         6655    i.HAL_CAN_ConfigFilter  stm32f4xx_hal_can.o
    0x080015ec   0x080015ec   0x00000002   Code   RO         6658    i.HAL_CAN_ErrorCallback  stm32f4xx_hal_can.o
    0x080015ee   0x080015ee   0x00000112   Code   RO         6661    i.HAL_CAN_GetRxMessage  stm32f4xx_hal_can.o
    0x08001700   0x08001700   0x000001fc   Code   RO         6665    i.HAL_CAN_IRQHandler  stm32f4xx_hal_can.o
    0x080018fc   0x080018fc   0x00000152   Code   RO         6666    i.HAL_CAN_Init      stm32f4xx_hal_can.o
    0x08001a4e   0x08001a4e   0x00000002   PAD
    0x08001a50   0x08001a50   0x00000100   Code   RO          413    i.HAL_CAN_MspInit   can.o
    0x08001b50   0x08001b50   0x00000002   Code   RO         6673    i.HAL_CAN_RxFifo0FullCallback  stm32f4xx_hal_can.o
    0x08001b52   0x08001b52   0x00000002   PAD
    0x08001b54   0x08001b54   0x00000020   Code   RO         2160    i.HAL_CAN_RxFifo0MsgPendingCallback  can_drv.o
    0x08001b74   0x08001b74   0x00000002   Code   RO         6675    i.HAL_CAN_RxFifo1FullCallback  stm32f4xx_hal_can.o
    0x08001b76   0x08001b76   0x00000002   Code   RO         6676    i.HAL_CAN_RxFifo1MsgPendingCallback  stm32f4xx_hal_can.o
    0x08001b78   0x08001b78   0x00000002   Code   RO         6677    i.HAL_CAN_SleepCallback  stm32f4xx_hal_can.o
    0x08001b7a   0x08001b7a   0x00000058   Code   RO         6678    i.HAL_CAN_Start     stm32f4xx_hal_can.o
    0x08001bd2   0x08001bd2   0x00000002   Code   RO         6680    i.HAL_CAN_TxMailbox0AbortCallback  stm32f4xx_hal_can.o
    0x08001bd4   0x08001bd4   0x00000002   Code   RO         6681    i.HAL_CAN_TxMailbox0CompleteCallback  stm32f4xx_hal_can.o
    0x08001bd6   0x08001bd6   0x00000002   Code   RO         6682    i.HAL_CAN_TxMailbox1AbortCallback  stm32f4xx_hal_can.o
    0x08001bd8   0x08001bd8   0x00000002   Code   RO         6683    i.HAL_CAN_TxMailbox1CompleteCallback  stm32f4xx_hal_can.o
    0x08001bda   0x08001bda   0x00000002   Code   RO         6684    i.HAL_CAN_TxMailbox2AbortCallback  stm32f4xx_hal_can.o
    0x08001bdc   0x08001bdc   0x00000002   Code   RO         6685    i.HAL_CAN_TxMailbox2CompleteCallback  stm32f4xx_hal_can.o
    0x08001bde   0x08001bde   0x00000002   Code   RO         6687    i.HAL_CAN_WakeUpFromRxMsgCallback  stm32f4xx_hal_can.o
    0x08001be0   0x08001be0   0x0000008e   Code   RO         7393    i.HAL_DMA_Abort     stm32f4xx_hal_dma.o
    0x08001c6e   0x08001c6e   0x00000024   Code   RO         7394    i.HAL_DMA_Abort_IT  stm32f4xx_hal_dma.o
    0x08001c92   0x08001c92   0x00000002   PAD
    0x08001c94   0x08001c94   0x000001d0   Code   RO         7398    i.HAL_DMA_IRQHandler  stm32f4xx_hal_dma.o
    0x08001e64   0x08001e64   0x000000d4   Code   RO         7399    i.HAL_DMA_Init      stm32f4xx_hal_dma.o
    0x08001f38   0x08001f38   0x00000024   Code   RO         7818    i.HAL_Delay         stm32f4xx_hal.o
    0x08001f5c   0x08001f5c   0x00000002   Code   RO         7284    i.HAL_GPIO_EXTI_Callback  stm32f4xx_hal_gpio.o
    0x08001f5e   0x08001f5e   0x00000002   PAD
    0x08001f60   0x08001f60   0x00000018   Code   RO         7285    i.HAL_GPIO_EXTI_IRQHandler  stm32f4xx_hal_gpio.o
    0x08001f78   0x08001f78   0x000001d0   Code   RO         7286    i.HAL_GPIO_Init     stm32f4xx_hal_gpio.o
    0x08002148   0x08002148   0x0000000e   Code   RO         7290    i.HAL_GPIO_WritePin  stm32f4xx_hal_gpio.o
    0x08002156   0x08002156   0x00000002   PAD
    0x08002158   0x08002158   0x0000000c   Code   RO         7824    i.HAL_GetTick       stm32f4xx_hal.o
    0x08002164   0x08002164   0x0000005a   Code   RO         8069    i.HAL_IWDG_Init     stm32f4xx_hal_iwdg.o
    0x080021be   0x080021be   0x00000002   PAD
    0x080021c0   0x080021c0   0x00000034   Code   RO         2320    i.HAL_IncTick       haltick_drv.o
    0x080021f4   0x080021f4   0x00000034   Code   RO         7831    i.HAL_Init          stm32f4xx_hal.o
    0x08002228   0x08002228   0x00000098   Code   RO          934    i.HAL_InitTick      stm32f4xx_hal_timebase_tim.o
    0x080022c0   0x080022c0   0x00000038   Code   RO          910    i.HAL_MspInit       stm32f4xx_hal_msp.o
    0x080022f8   0x080022f8   0x0000001a   Code   RO         7676    i.HAL_NVIC_EnableIRQ  stm32f4xx_hal_cortex.o
    0x08002312   0x08002312   0x00000002   PAD
    0x08002314   0x08002314   0x00000040   Code   RO         7682    i.HAL_NVIC_SetPriority  stm32f4xx_hal_cortex.o
    0x08002354   0x08002354   0x00000024   Code   RO         7683    i.HAL_NVIC_SetPriorityGrouping  stm32f4xx_hal_cortex.o
    0x08002378   0x08002378   0x0000014c   Code   RO         6887    i.HAL_RCC_ClockConfig  stm32f4xx_hal_rcc.o
    0x080024c4   0x080024c4   0x0000003c   Code   RO         6891    i.HAL_RCC_GetClockConfig  stm32f4xx_hal_rcc.o
    0x08002500   0x08002500   0x0000000c   Code   RO         6892    i.HAL_RCC_GetHCLKFreq  stm32f4xx_hal_rcc.o
    0x0800250c   0x0800250c   0x00000020   Code   RO         6894    i.HAL_RCC_GetPCLK1Freq  stm32f4xx_hal_rcc.o
    0x0800252c   0x0800252c   0x00000020   Code   RO         6895    i.HAL_RCC_GetPCLK2Freq  stm32f4xx_hal_rcc.o
    0x0800254c   0x0800254c   0x0000006c   Code   RO         6896    i.HAL_RCC_GetSysClockFreq  stm32f4xx_hal_rcc.o
    0x080025b8   0x080025b8   0x000003c0   Code   RO         6899    i.HAL_RCC_OscConfig  stm32f4xx_hal_rcc.o
    0x08002978   0x08002978   0x000000be   Code   RO         8110    i.HAL_SPI_Init      stm32f4xx_hal_spi.o
    0x08002a36   0x08002a36   0x00000002   PAD
    0x08002a38   0x08002a38   0x00000108   Code   RO          608    i.HAL_SPI_MspInit   spi.o
    0x08002b40   0x08002b40   0x000001f6   Code   RO         8119    i.HAL_SPI_TransmitReceive  stm32f4xx_hal_spi.o
    0x08002d36   0x08002d36   0x00000002   Code   RO         9138    i.HAL_TIMEx_BreakCallback  stm32f4xx_hal_tim_ex.o
    0x08002d38   0x08002d38   0x00000002   Code   RO         9139    i.HAL_TIMEx_CommutCallback  stm32f4xx_hal_tim_ex.o
    0x08002d3a   0x08002d3a   0x0000004a   Code   RO         8423    i.HAL_TIM_Base_Init  stm32f4xx_hal_tim.o
    0x08002d84   0x08002d84   0x00000028   Code   RO          650    i.HAL_TIM_Base_MspInit  tim.o
    0x08002dac   0x08002dac   0x0000008c   Code   RO         8428    i.HAL_TIM_Base_Start_IT  stm32f4xx_hal_tim.o
    0x08002e38   0x08002e38   0x00000002   Code   RO         8457    i.HAL_TIM_IC_CaptureCallback  stm32f4xx_hal_tim.o
    0x08002e3a   0x08002e3a   0x00000138   Code   RO         8471    i.HAL_TIM_IRQHandler  stm32f4xx_hal_tim.o
    0x08002f72   0x08002f72   0x00000002   PAD
    0x08002f74   0x08002f74   0x00000054   Code   RO          651    i.HAL_TIM_MspPostInit  tim.o
    0x08002fc8   0x08002fc8   0x00000002   Code   RO         8474    i.HAL_TIM_OC_DelayElapsedCallback  stm32f4xx_hal_tim.o
    0x08002fca   0x08002fca   0x000000d8   Code   RO         8495    i.HAL_TIM_PWM_ConfigChannel  stm32f4xx_hal_tim.o
    0x080030a2   0x080030a2   0x0000004a   Code   RO         8498    i.HAL_TIM_PWM_Init  stm32f4xx_hal_tim.o
    0x080030ec   0x080030ec   0x00000002   Code   RO         8500    i.HAL_TIM_PWM_MspInit  stm32f4xx_hal_tim.o
    0x080030ee   0x080030ee   0x00000002   Code   RO         8501    i.HAL_TIM_PWM_PulseFinishedCallback  stm32f4xx_hal_tim.o
    0x080030f0   0x080030f0   0x0000000e   Code   RO            5    i.HAL_TIM_PeriodElapsedCallback  main.o
    0x080030fe   0x080030fe   0x00000002   Code   RO         8514    i.HAL_TIM_TriggerCallback  stm32f4xx_hal_tim.o
    0x08003100   0x08003100   0x00000002   Code   RO         9417    i.HAL_UARTEx_RxEventCallback  stm32f4xx_hal_uart.o
    0x08003102   0x08003102   0x00000002   Code   RO         9431    i.HAL_UART_ErrorCallback  stm32f4xx_hal_uart.o
    0x08003104   0x08003104   0x00000230   Code   RO         9434    i.HAL_UART_IRQHandler  stm32f4xx_hal_uart.o
    0x08003334   0x08003334   0x00000066   Code   RO         9435    i.HAL_UART_Init     stm32f4xx_hal_uart.o
    0x0800339a   0x0800339a   0x00000002   PAD
    0x0800339c   0x0800339c   0x000002f4   Code   RO          698    i.HAL_UART_MspInit  usart.o
    0x08003690   0x08003690   0x00000002   Code   RO         9441    i.HAL_UART_RxCpltCallback  stm32f4xx_hal_uart.o
    0x08003692   0x08003692   0x00000002   Code   RO         9446    i.HAL_UART_TxCpltCallback  stm32f4xx_hal_uart.o
    0x08003694   0x08003694   0x00000064   Code   RO          764    i.HardFault_Handler  stm32f4xx_it.o
    0x080036f8   0x080036f8   0x0000004e   Code   RO         1546    i.IMU_Lpf           imu.o
    0x08003746   0x08003746   0x0000011e   Code   RO         1547    i.IMU_LpfCenter     imu.o
    0x08003864   0x08003864   0x00000038   Code   RO         2279    i.Led_Close         gpio_drv.o
    0x0800389c   0x0800389c   0x00000048   Code   RO          414    i.MX_CAN1_Init      can.o
    0x080038e4   0x080038e4   0x00000048   Code   RO          415    i.MX_CAN2_Init      can.o
    0x0800392c   0x0800392c   0x0000009c   Code   RO          550    i.MX_DMA_Init       dma.o
    0x080039c8   0x080039c8   0x00000054   Code   RO          461    i.MX_FREERTOS_Init  freertos.o
    0x08003a1c   0x08003a1c   0x00000120   Code   RO          286    i.MX_GPIO_Init      gpio.o
    0x08003b3c   0x08003b3c   0x0000002c   Code   RO          577    i.MX_IWDG_Init      iwdg.o
    0x08003b68   0x08003b68   0x00000048   Code   RO          609    i.MX_SPI1_Init      spi.o
    0x08003bb0   0x08003bb0   0x00000064   Code   RO          652    i.MX_TIM10_Init     tim.o
    0x08003c14   0x08003c14   0x00000038   Code   RO          699    i.MX_USART1_UART_Init  usart.o
    0x08003c4c   0x08003c4c   0x00000038   Code   RO          700    i.MX_USART2_UART_Init  usart.o
    0x08003c84   0x08003c84   0x00000040   Code   RO          701    i.MX_USART3_UART_Init  usart.o
    0x08003cc4   0x08003cc4   0x00000002   Code   RO          765    i.MemManage_Handler  stm32f4xx_it.o
    0x08003cc6   0x08003cc6   0x00000002   Code   RO          766    i.NMI_Handler       stm32f4xx_it.o
    0x08003cc8   0x08003cc8   0x00000028   Code   RO         1548    i.QuaternionGyr_2_WorldGyro  imu.o
    0x08003cf0   0x08003cf0   0x0000009e   Code   RO         1550    i.RP_QuaternionMartix_LeftMult  imu.o
    0x08003d8e   0x08003d8e   0x0000009e   Code   RO         1551    i.RP_QuaternionMartix_RightMult  imu.o
    0x08003e2c   0x08003e2c   0x00000058   Code   RO         1553    i.RotationTransform_IMU2Pose  imu.o
    0x08003e84   0x08003e84   0x0000007c   Code   RO         8148    i.SPI_EndRxTxTransaction  stm32f4xx_hal_spi.o
    0x08003f00   0x08003f00   0x000000bc   Code   RO         8153    i.SPI_WaitFlagStateUntilTimeout  stm32f4xx_hal_spi.o
    0x08003fbc   0x08003fbc   0x00000008   Code   RO         1022    i.StartControlTask  control_task.o
    0x08003fc4   0x08003fc4   0x00000008   Code   RO         1134    i.StartMonitorTask  monitor_task.o
    0x08003fcc   0x08003fcc   0x00000008   Code   RO         1149    i.StartSystemTask   system_task.o
    0x08003fd4   0x08003fd4   0x0000002c   Code   RO         6573    i.SysTick_Handler   port.o
    0x08004000   0x08004000   0x0000009c   Code   RO            6    i.SystemClock_Config  main.o
    0x0800409c   0x0800409c   0x00000010   Code   RO         5293    i.SystemInit        system_stm32f4xx.o
    0x080040ac   0x080040ac   0x0000000c   Code   RO          767    i.TIM2_IRQHandler   stm32f4xx_it.o
    0x080040b8   0x080040b8   0x000000dc   Code   RO         8516    i.TIM_Base_SetConfig  stm32f4xx_hal_tim.o
    0x08004194   0x08004194   0x00000068   Code   RO         8529    i.TIM_OC1_SetConfig  stm32f4xx_hal_tim.o
    0x080041fc   0x080041fc   0x00000074   Code   RO         8530    i.TIM_OC2_SetConfig  stm32f4xx_hal_tim.o
    0x08004270   0x08004270   0x00000070   Code   RO         8531    i.TIM_OC3_SetConfig  stm32f4xx_hal_tim.o
    0x080042e0   0x080042e0   0x00000054   Code   RO         8532    i.TIM_OC4_SetConfig  stm32f4xx_hal_tim.o
    0x08004334   0x08004334   0x00000010   Code   RO         9448    i.UART_DMAAbortOnError  stm32f4xx_hal_uart.o
    0x08004344   0x08004344   0x0000004e   Code   RO         9458    i.UART_EndRxTransfer  stm32f4xx_hal_uart.o
    0x08004392   0x08004392   0x0000001a   Code   RO         9459    i.UART_EndTransmit_IT  stm32f4xx_hal_uart.o
    0x080043ac   0x080043ac   0x000000c8   Code   RO         9461    i.UART_Receive_IT   stm32f4xx_hal_uart.o
    0x08004474   0x08004474   0x00000114   Code   RO         9462    i.UART_SetConfig    stm32f4xx_hal_uart.o
    0x08004588   0x08004588   0x0000005e   Code   RO         9465    i.UART_Transmit_IT  stm32f4xx_hal_uart.o
    0x080045e6   0x080045e6   0x00000002   PAD
    0x080045e8   0x080045e8   0x00000018   Code   RO          768    i.USART1_IRQHandler  stm32f4xx_it.o
    0x08004600   0x08004600   0x00000038   Code   RO         2395    i.USART1_Init       uart_drv.o
    0x08004638   0x08004638   0x00000002   Code   RO         2396    i.USART1_rxDataHandler  uart_drv.o
    0x0800463a   0x0800463a   0x00000002   PAD
    0x0800463c   0x0800463c   0x00000018   Code   RO          769    i.USART2_IRQHandler  stm32f4xx_it.o
    0x08004654   0x08004654   0x00000038   Code   RO         2397    i.USART2_Init       uart_drv.o
    0x0800468c   0x0800468c   0x00000002   Code   RO         2398    i.USART2_rxDataHandler  uart_drv.o
    0x0800468e   0x0800468e   0x00000002   PAD
    0x08004690   0x08004690   0x00000018   Code   RO          770    i.USART3_IRQHandler  stm32f4xx_it.o
    0x080046a8   0x080046a8   0x0000003c   Code   RO         2399    i.USART3_Init       uart_drv.o
    0x080046e4   0x080046e4   0x0000001c   Code   RO         2122    i.USART3_rxDataHandler  rc_protocol.o
    0x08004700   0x08004700   0x00000002   Code   RO          771    i.UsageFault_Handler  stm32f4xx_it.o
    0x08004702   0x08004702   0x00000020   Code   RO         7689    i.__NVIC_SetPriority  stm32f4xx_hal_cortex.o
    0x08004722   0x08004722   0x00000002   PAD
    0x08004724   0x08004724   0x00000228   Code   RO         2872    i.arm_atan2_f32     arm_atan2_f32.o
    0x0800494c   0x0800494c   0x00000088   Code   RO         3344    i.arm_cos_f32       arm_cos_f32.o
    0x080049d4   0x080049d4   0x00000084   Code   RO         4481    i.arm_sin_f32       arm_sin_f32.o
    0x08004a58   0x08004a58   0x0000010c   Code   RO         1865    i.bmi088_accel_init  bmi088driver.o
    0x08004b64   0x08004b64   0x000000dc   Code   RO         1866    i.bmi088_gyro_init  bmi088driver.o
    0x08004c40   0x08004c40   0x00000024   Code   RO         1945    i.bmi2_micros       bmi088middleware.o
    0x08004c64   0x08004c64   0x00000026   Code   RO         1213    i.can_rx_buff       motor.o
    0x08004c8a   0x08004c8a   0x00000002   PAD
    0x08004c8c   0x08004c8c   0x00000018   Code   RO         2401    i.dma_m0_rxcplt_callback  uart_drv.o
    0x08004ca4   0x08004ca4   0x00000018   Code   RO         2402    i.dma_m1_rxcplt_callback  uart_drv.o
    0x08004cbc   0x08004cbc   0x0000007e   Code   RO         1214    i.get_rm_info       motor.o
    0x08004d3a   0x08004d3a   0x0000003c   Code   RO         1554    i.imu_half_cycle    imu.o
    0x08004d76   0x08004d76   0x0000002a   Code   RO         1555    i.imu_heartbeat     imu.o
    0x08004da0   0x08004da0   0x00000174   Code   RO         1556    i.imu_init          imu.o
    0x08004f14   0x08004f14   0x00000050   Code   RO         1557    i.imu_spi_get_data  imu.o
    0x08004f64   0x08004f64   0x000001b4   Code   RO         1558    i.imu_updata        imu.o
    0x08005118   0x08005118   0x0000002c   Code   RO         1559    i.inVSqrt           imu.o
    0x08005144   0x08005144   0x00000042   Code   RO            7    i.main              main.o
    0x08005186   0x08005186   0x0000000c   Code   RO         6138    i.makeFreeRtosPriority  cmsis_os.o
    0x08005192   0x08005192   0x0000002c   Code   RO         1215    i.motor_class_heartbeat  motor.o
    0x080051be   0x080051be   0x0000003c   Code   RO         1216    i.motor_class_idling_flag  motor.o
    0x080051fa   0x080051fa   0x00000002   PAD
    0x080051fc   0x080051fc   0x00000098   Code   RO         1217    i.motor_class_init  motor.o
    0x08005294   0x08005294   0x00000074   Code   RO         1218    i.motor_class_pid_init  motor.o
    0x08005308   0x08005308   0x0000009a   Code   RO         1219    i.motor_class_stucking_flag  motor.o
    0x080053a2   0x080053a2   0x00000020   Code   RO         1220    i.motor_cycle       motor.o
    0x080053c2   0x080053c2   0x0000003c   Code   RO         1221    i.motor_half_cycle  motor.o
    0x080053fe   0x080053fe   0x0000003a   Code   RO         1222    i.motor_judge_dir   motor.o
    0x08005438   0x08005438   0x0000004e   Code   RO         1223    i.motor_offset      motor.o
    0x08005486   0x08005486   0x00000002   PAD
    0x08005488   0x08005488   0x00000054   Code   RO         1224    i.motor_pid_angle   motor.o
    0x080054dc   0x080054dc   0x00000120   Code   RO         1225    i.motor_pid_cal     motor.o
    0x080055fc   0x080055fc   0x00000118   Code   RO         1226    i.motor_pid_ctrl    motor.o
    0x08005714   0x08005714   0x00000008   Code   RO         1227    i.motor_pid_double  motor.o
    0x0800571c   0x0800571c   0x00000024   Code   RO         1228    i.motor_pid_err     motor.o
    0x08005740   0x08005740   0x00000050   Code   RO         1229    i.motor_pid_position  motor.o
    0x08005790   0x08005790   0x00000014   Code   RO         1230    i.motor_pid_single  motor.o
    0x080057a4   0x080057a4   0x00000048   Code   RO         1231    i.motor_pid_speed   motor.o
    0x080057ec   0x080057ec   0x00000010   Code   RO         6140    i.osDelay           cmsis_os.o
    0x080057fc   0x080057fc   0x0000000a   Code   RO         6143    i.osKernelStart     cmsis_os.o
    0x08005806   0x08005806   0x00000058   Code   RO         6177    i.osThreadCreate    cmsis_os.o
    0x0800585e   0x0800585e   0x00000002   PAD
    0x08005860   0x08005860   0x00000070   Code   RO         5809    i.prvAddCurrentTaskToDelayedList  tasks.o
    0x080058d0   0x080058d0   0x00000088   Code   RO         5810    i.prvAddNewTaskToReadyList  tasks.o
    0x08005958   0x08005958   0x0000003c   Code   RO         5811    i.prvCheckTasksWaitingTermination  tasks.o
    0x08005994   0x08005994   0x00000040   Code   RO         5812    i.prvDeleteTCB      tasks.o
    0x080059d4   0x080059d4   0x0000004c   Code   RO         6505    i.prvHeapInit       heap_4.o
    0x08005a20   0x08005a20   0x00000028   Code   RO         5813    i.prvIdleTask       tasks.o
    0x08005a48   0x08005a48   0x00000094   Code   RO         5814    i.prvInitialiseNewTask  tasks.o
    0x08005adc   0x08005adc   0x00000058   Code   RO         5815    i.prvInitialiseTaskLists  tasks.o
    0x08005b34   0x08005b34   0x00000054   Code   RO         6506    i.prvInsertBlockIntoFreeList  heap_4.o
    0x08005b88   0x08005b88   0x00000024   Code   RO         5816    i.prvResetNextTaskUnblockTime  tasks.o
    0x08005bac   0x08005bac   0x0000002c   Code   RO         6574    i.prvTaskExitError  port.o
    0x08005bd8   0x08005bd8   0x000000dc   Code   RO         6507    i.pvPortMalloc      heap_4.o
    0x08005cb4   0x08005cb4   0x00000024   Code   RO         6575    i.pxPortInitialiseStack  port.o
    0x08005cd8   0x08005cd8   0x0000001c   Code   RO         1402    i.rc_init           rc_sensor.o
    0x08005cf4   0x08005cf4   0x000000e8   Code   RO         1403    i.rc_mouse_mean_filtering  rc_sensor.o
    0x08005ddc   0x08005ddc   0x00000118   Code   RO         1404    i.rc_reset          rc_sensor.o
    0x08005ef4   0x08005ef4   0x00000014   Code   RO         1405    i.rc_reset_button   rc_sensor.o
    0x08005f08   0x08005f08   0x00000004   Code   RO         1406    i.rc_reset_mouse    rc_sensor.o
    0x08005f0c   0x08005f0c   0x00000004   Code   RO         1407    i.rc_reset_stick    rc_sensor.o
    0x08005f10   0x08005f10   0x00000014   Code   RO         1408    i.rc_reset_switch   rc_sensor.o
    0x08005f24   0x08005f24   0x0000004a   Code   RO         1409    i.rc_sensor_check   rc_sensor.o
    0x08005f6e   0x08005f6e   0x00000026   Code   RO         1410    i.rc_sensor_heartbeat  rc_sensor.o
    0x08005f94   0x08005f94   0x000000ac   Code   RO         1411    i.rc_sensor_if_channel_reset  rc_sensor.o
    0x08006040   0x08006040   0x0000000e   Code   RO         1412    i.rc_sensor_init    rc_sensor.o
    0x0800604e   0x0800604e   0x00000022   Code   RO         1413    i.rc_sensor_reset   rc_sensor.o
    0x08006070   0x08006070   0x000000ac   Code   RO         1414    i.rc_sensor_update  rc_sensor.o
    0x0800611c   0x0800611c   0x000001f4   Code   RO         1415    i.rc_update         rc_sensor.o
    0x08006310   0x08006310   0x0000003c   Code   RO         1416    i.rc_update_button  rc_sensor.o
    0x0800634c   0x0800634c   0x00000004   Code   RO         1417    i.rc_update_mouse   rc_sensor.o
    0x08006350   0x08006350   0x00000024   Code   RO         1418    i.rc_update_press_time  rc_sensor.o
    0x08006374   0x08006374   0x00000004   Code   RO         1419    i.rc_update_stick   rc_sensor.o
    0x08006378   0x08006378   0x0000005c   Code   RO         1420    i.rc_update_switch  rc_sensor.o
    0x080063d4   0x080063d4   0x00000060   Code   RO         1421    i.rc_update_thumbwheel  rc_sensor.o
    0x08006434   0x08006434   0x000000c0   Code   RO         2403    i.uart_rx_idle_callback  uart_drv.o
    0x080064f4   0x080064f4   0x00000026   Code   RO         5438    i.uxListRemove      list.o
    0x0800651a   0x0800651a   0x00000002   PAD
    0x0800651c   0x0800651c   0x00000014   Code   RO          463    i.vApplicationGetIdleTaskMemory  freertos.o
    0x08006530   0x08006530   0x00000016   Code   RO         5439    i.vListInitialise   list.o
    0x08006546   0x08006546   0x00000006   Code   RO         5440    i.vListInitialiseItem  list.o
    0x0800654c   0x0800654c   0x00000030   Code   RO         5441    i.vListInsert       list.o
    0x0800657c   0x0800657c   0x00000018   Code   RO         5442    i.vListInsertEnd    list.o
    0x08006594   0x08006594   0x00000040   Code   RO         6577    i.vPortEnterCritical  port.o
    0x080065d4   0x080065d4   0x0000002c   Code   RO         6578    i.vPortExitCritical  port.o
    0x08006600   0x08006600   0x00000064   Code   RO         6508    i.vPortFree         heap_4.o
    0x08006664   0x08006664   0x00000024   Code   RO         6579    i.vPortSetupTimerInterrupt  port.o
    0x08006688   0x08006688   0x00000050   Code   RO         5825    i.vTaskDelay        tasks.o
    0x080066d8   0x080066d8   0x00000088   Code   RO         5838    i.vTaskStartScheduler  tasks.o
    0x08006760   0x08006760   0x00000010   Code   RO         5840    i.vTaskSuspendAll   tasks.o
    0x08006770   0x08006770   0x00000060   Code   RO         5841    i.vTaskSwitchContext  tasks.o
    0x080067d0   0x080067d0   0x000000f4   Code   RO         6581    i.xPortStartScheduler  port.o
    0x080068c4   0x080068c4   0x00000064   Code   RO         5844    i.xTaskCreate       tasks.o
    0x08006928   0x08006928   0x0000005c   Code   RO         5845    i.xTaskCreateStatic  tasks.o
    0x08006984   0x08006984   0x000000d0   Code   RO         5852    i.xTaskIncrementTick  tasks.o
    0x08006a54   0x08006a54   0x000000cc   Code   RO         5858    i.xTaskResumeAll    tasks.o
    0x08006b20   0x08006b20   0x0000000a   Code   RO        10093    x$fpl$fpinit        fz_wm.l(fpinit.o)
    0x08006b2a   0x08006b2a   0x00000002   PAD
    0x08006b2c   0x08006b2c   0x00000054   Data   RO          465    .constdata          freertos.o
    0x08006b80   0x08006b80   0x00000028   Data   RO         2873    .constdata          arm_atan2_f32.o
    0x08006ba8   0x08006ba8   0x00000804   Data   RO         3183    .constdata          arm_common_tables.o
    0x080073ac   0x080073ac   0x00000010   Data   RO         5294    .constdata          system_stm32f4xx.o
    0x080073bc   0x080073bc   0x00000008   Data   RO         5295    .constdata          system_stm32f4xx.o
    0x080073c4   0x080073c4   0x00000008   Data   RO         7405    .constdata          stm32f4xx_hal_dma.o
    0x080073cc   0x080073cc   0x00000018   Data   RO          466    .conststring        freertos.o
    0x080073e4   0x080073e4   0x00000020   Data   RO        10149    Region$$Table       anon$$obj.o


    Execution Region RW_IRAM1 (Exec base: 0x20000000, Load base: 0x08007404, Size: 0x00006b78, Max: 0x0001c000, ABSOLUTE, COMPRESSED[0x00000204])

    Exec Addr    Load Addr    Size         Type   Attr      Idx    E Section Name        Object

    0x20000000   COMPRESSED   0x00000004   Data   RW          417    .data               can.o
    0x20000004   COMPRESSED   0x0000000c   Data   RW          467    .data               freertos.o
    0x20000010   COMPRESSED   0x000001c0   Data   RW         1168    .data               device.o
    0x200001d0   COMPRESSED   0x0000192c   Data   RW         1232    .data               motor.o
    0x20001afc   COMPRESSED   0x0000001a   Data   RW         1423    .data               rc_sensor.o
    0x20001b16   COMPRESSED   0x00000002   PAD
    0x20001b18   COMPRESSED   0x00000240   Data   RW         1424    .data               rc_sensor.o
    0x20001d58   COMPRESSED   0x0000012c   Data   RW         1560    .data               imu.o
    0x20001e84   COMPRESSED   0x00000014   Data   RW         1561    .data               imu.o
    0x20001e98   COMPRESSED   0x0000002c   Data   RW         1867    .data               bmi088driver.o
    0x20001ec4   COMPRESSED   0x00000004   Data   RW         1946    .data               bmi088middleware.o
    0x20001ec8   COMPRESSED   0x00000054   Data   RW         2032    .data               can_protocol.o
    0x20001f1c   COMPRESSED   0x00000004   Data   RW         2324    .data               haltick_drv.o
    0x20001f20   COMPRESSED   0x00000004   Data   RW         5296    .data               system_stm32f4xx.o
    0x20001f24   COMPRESSED   0x0000003c   Data   RW         5861    .data               tasks.o
    0x20001f60   COMPRESSED   0x00000020   Data   RW         6514    .data               heap_4.o
    0x20001f80   COMPRESSED   0x0000000c   Data   RW         6582    .data               port.o
    0x20001f8c   COMPRESSED   0x0000000c   Data   RW         7838    .data               stm32f4xx_hal.o
    0x20001f98        -       0x00000050   Zero   RW          416    .bss                can.o
    0x20001fe8        -       0x00000254   Zero   RW          464    .bss                freertos.o
    0x2000223c        -       0x0000000c   Zero   RW          578    .bss                iwdg.o
    0x20002248        -       0x00000118   Zero   RW          610    .bss                spi.o
    0x20002360        -       0x00000048   Zero   RW          653    .bss                tim.o
    0x200023a8        -       0x000002b8   Zero   RW          702    .bss                usart.o
    0x20002660        -       0x00000048   Zero   RW          937    .bss                stm32f4xx_hal_timebase_tim.o
    0x200026a8        -       0x00000028   Zero   RW         1422    .bss                rc_sensor.o
    0x200026d0        -       0x00000018   Zero   RW         2031    .bss                can_protocol.o
    0x200026e8        -       0x00000048   Zero   RW         2161    .bss                can_drv.o
    0x20002730        -       0x000000f8   Zero   RW         2404    .bss                uart_drv.o
    0x20002828        -       0x000000f0   Zero   RW         5860    .bss                tasks.o
    0x20002918        -       0x00003c00   Zero   RW         6513    .bss                heap_4.o
    0x20006518        -       0x00000060   Zero   RW        10005    .bss                c_w.l(libspace.o)
    0x20006578        -       0x00000200   Zero   RW         5328    HEAP                startup_stm32f407xx.o
    0x20006778        -       0x00000400   Zero   RW         5327    STACK               startup_stm32f407xx.o


    Execution Region RW_IRAM2 (Exec base: 0x2001c000, Load base: 0x08007608, Size: 0x00000000, Max: 0x00004000, ABSOLUTE)

    **** No section assigned to this execution region ****


==============================================================================

Image component sizes


      Code (inc. data)   RO Data    RW Data    ZI Data      Debug   Object Name

         0          0          0          0          0        384   arm_abs_f16.o
       552         28         40          0          0       8003   arm_atan2_f32.o
         0          0       2052          0          0       8417   arm_common_tables.o
       136         12          0          0          0        854   arm_cos_f32.o
       132         12          0          0          0        838   arm_sin_f32.o
         0          0          0          0          0       1580   bmi.o
       936         16          0         44          0       6774   bmi088driver.o
       182         34          0          4          0       5762   bmi088middleware.o
       400         46          0          4         80       2514   can.o
       226         30          0          0         72       4622   can_drv.o
       436         48          0         84         24       6076   can_protocol.o
       126          0          0          0          0      23063   cmsis_os.o
         8          0          0          0          0        535   control_task.o
       348         20          0        448          0       2467   device.o
       156          4          0          0          0        858   dma.o
        64          6          0          0          0        526   driver.o
         0          0          0          0          0      16884   event_groups.o
       104         14        108         12        596      33778   freertos.o
       288         20          0          0          0     706171   gpio.o
        56          6          0          0          0        532   gpio_drv.o
        52         14          0          4          0        972   haltick_drv.o
       480         26          0         32      15360       7547   heap_4.o
      2610         90          0        320          0     632752   imu.o
        44          8          0          0         12        727   iwdg.o
       138          0          0          0          0       3562   list.o
       240         10          0          0          0     690472   main.o
         8          0          0          0          0        535   monitor_task.o
      1836         92          0       6444          0      21139   motor.o
       702         74          0         12          0      11056   port.o
        28          6          0          0          0        859   rc_protocol.o
      1884         62          0        602         40      18290   rc_sensor.o
        42          0          0          0          0        660   rp_math.o
       336         32          0          0        280       1915   spi.o
        64         26        392          0       1536        812   startup_stm32f407xx.o
       100         14          0         12          0       8212   stm32f4xx_hal.o
      1766          6          0          0          0      14687   stm32f4xx_hal_can.o
       158         14          0          0          0      33118   stm32f4xx_hal_cortex.o
      1018         14          8          0          0       5827   stm32f4xx_hal_dma.o
       504         50          0          0          0       3504   stm32f4xx_hal_gpio.o
        90          0          0          0          0       1312   stm32f4xx_hal_iwdg.o
        56          4          0          0          0        858   stm32f4xx_hal_msp.o
      1536         88          0          0          0       6997   stm32f4xx_hal_rcc.o
      1004         14          0          0          0       4845   stm32f4xx_hal_spi.o
      1462        112          0          0          0      11544   stm32f4xx_hal_tim.o
         4          0          0          0          0       1601   stm32f4xx_hal_tim_ex.o
       152         18          0          0         72       1555   stm32f4xx_hal_timebase_tim.o
      1360         14          0          0          0       9648   stm32f4xx_hal_uart.o
       314         86          0          0          0      46340   stm32f4xx_it.o
        16          4         24          4          0       1127   system_stm32f4xx.o
         8          0          0          0          0        530   system_task.o
      1616        120          0         60        240      20769   tasks.o
       224         32          0          0         72       2290   tim.o
      1216         70          0          0        248       7842   uart_drv.o
       932         80          0          0        696       3811   usart.o

    ----------------------------------------------------------------------
     26200       1476       2656       8088      19328    2408353   Object Totals
         0          0         32          0          0          0   (incl. Generated)
        50          0          0          2          0          0   (incl. Padding)

    ----------------------------------------------------------------------

      Code (inc. data)   RO Data    RW Data    ZI Data      Debug   Library Member Name

        90          0          0          0          0          0   __dczerorl2.o
         8          0          0          0          0         68   __main.o
         0          0          0          0          0          0   __rtentry.o
        12          0          0          0          0          0   __rtentry2.o
         6          0          0          0          0          0   __rtentry4.o
        52          8          0          0          0          0   __scatter.o
        28          0          0          0          0          0   __scatter_zi.o
        18          0          0          0          0         80   exit.o
         6          0          0          0          0        152   heapauxi.o
         0          0          0          0          0          0   indicate_semi.o
         2          0          0          0          0          0   libinit.o
         6          0          0          0          0          0   libinit2.o
         2          0          0          0          0          0   libshutdown.o
         2          0          0          0          0          0   libshutdown2.o
         8          4          0          0         96         68   libspace.o
       238          0          0          0          0        100   lludivv7m.o
        68          0          0          0          0         68   rt_memclr.o
        78          0          0          0          0         80   rt_memclr_w.o
       100          0          0          0          0         80   rt_memcpy_w.o
         2          0          0          0          0          0   rtexit.o
        10          0          0          0          0          0   rtexit2.o
        12          4          0          0          0         68   sys_exit.o
        74          0          0          0          0         80   sys_stackheap_outer.o
         2          0          0          0          0         68   use_no_semi.o
        10          0          0          0          0        116   fpinit.o

    ----------------------------------------------------------------------
       844         16          0          0         96       1028   Library Totals
        10          0          0          0          0          0   (incl. Padding)

    ----------------------------------------------------------------------

      Code (inc. data)   RO Data    RW Data    ZI Data      Debug   Library Name

       824         16          0          0         96        912   c_w.l
        10          0          0          0          0        116   fz_wm.l

    ----------------------------------------------------------------------
       844         16          0          0         96       1028   Library Totals

    ----------------------------------------------------------------------

==============================================================================


      Code (inc. data)   RO Data    RW Data    ZI Data      Debug   

     27044       1492       2656       8088      19424    2383617   Grand Totals
     27044       1492       2656        516      19424    2383617   ELF Image Totals (compressed)
     27044       1492       2656        516          0          0   ROM Totals

==============================================================================

    Total RO  Size (Code + RO Data)                29700 (  29.00kB)
    Total RW  Size (RW Data + ZI Data)             27512 (  26.87kB)
    Total ROM Size (Code + RO Data + RW Data)      30216 (  29.51kB)

==============================================================================

