Component: ARM Compiler 5.06 update 7 (build 960) Tool: armlink [4d3601]

==============================================================================

Section Cross References

    startup_stm32f407xx.o(STACK) refers (Special) to heapauxi.o(.text) for __use_two_region_memory
    startup_stm32f407xx.o(HEAP) refers (Special) to heapauxi.o(.text) for __use_two_region_memory
    startup_stm32f407xx.o(RESET) refers (Special) to heapauxi.o(.text) for __use_two_region_memory
    startup_stm32f407xx.o(RESET) refers to startup_stm32f407xx.o(STACK) for __initial_sp
    startup_stm32f407xx.o(RESET) refers to startup_stm32f407xx.o(.text) for Reset_Handler
    startup_stm32f407xx.o(RESET) refers to stm32f4xx_it.o(i.NMI_Handler) for NMI_Handler
    startup_stm32f407xx.o(RESET) refers to stm32f4xx_it.o(i.HardFault_Handler) for HardFault_Handler
    startup_stm32f407xx.o(RESET) refers to stm32f4xx_it.o(i.MemManage_Handler) for MemManage_Handler
    startup_stm32f407xx.o(RESET) refers to stm32f4xx_it.o(i.BusFault_Handler) for BusFault_Handler
    startup_stm32f407xx.o(RESET) refers to stm32f4xx_it.o(i.UsageFault_Handler) for UsageFault_Handler
    startup_stm32f407xx.o(RESET) refers to port.o(.emb_text) for SVC_Handler
    startup_stm32f407xx.o(RESET) refers to stm32f4xx_it.o(i.DebugMon_Handler) for DebugMon_Handler
    startup_stm32f407xx.o(RESET) refers to port.o(i.SysTick_Handler) for SysTick_Handler
    startup_stm32f407xx.o(RESET) refers to stm32f4xx_it.o(i.CAN1_RX0_IRQHandler) for CAN1_RX0_IRQHandler
    startup_stm32f407xx.o(RESET) refers to stm32f4xx_it.o(i.TIM2_IRQHandler) for TIM2_IRQHandler
    startup_stm32f407xx.o(RESET) refers to stm32f4xx_it.o(i.DMA2_Stream0_IRQHandler) for DMA2_Stream0_IRQHandler
    startup_stm32f407xx.o(RESET) refers to stm32f4xx_it.o(i.DMA2_Stream3_IRQHandler) for DMA2_Stream3_IRQHandler
    startup_stm32f407xx.o(RESET) refers to stm32f4xx_it.o(i.CAN2_RX0_IRQHandler) for CAN2_RX0_IRQHandler
    startup_stm32f407xx.o(RESET) refers to stm32f4xx_it.o(i.OTG_FS_IRQHandler) for OTG_FS_IRQHandler
    startup_stm32f407xx.o(.text) refers (Special) to heapauxi.o(.text) for __use_two_region_memory
    startup_stm32f407xx.o(.text) refers to system_stm32f4xx.o(i.SystemInit) for SystemInit
    startup_stm32f407xx.o(.text) refers to __main.o(!!!main) for __main
    startup_stm32f407xx.o(.text) refers to startup_stm32f407xx.o(HEAP) for Heap_Mem
    startup_stm32f407xx.o(.text) refers to startup_stm32f407xx.o(STACK) for Stack_Mem
    main.o(i.HAL_TIM_PeriodElapsedCallback) refers to haltick_drv.o(i.HAL_IncTick) for HAL_IncTick
    main.o(i.SystemClock_Config) refers to rt_memclr_w.o(.text) for __aeabi_memclr4
    main.o(i.SystemClock_Config) refers to stm32f4xx_hal_rcc.o(i.HAL_RCC_OscConfig) for HAL_RCC_OscConfig
    main.o(i.SystemClock_Config) refers to stm32f4xx_hal_rcc.o(i.HAL_RCC_ClockConfig) for HAL_RCC_ClockConfig
    main.o(i.main) refers to stm32f4xx_hal.o(i.HAL_Init) for HAL_Init
    main.o(i.main) refers to main.o(i.SystemClock_Config) for SystemClock_Config
    main.o(i.main) refers to gpio.o(i.MX_GPIO_Init) for MX_GPIO_Init
    main.o(i.main) refers to dma.o(i.MX_DMA_Init) for MX_DMA_Init
    main.o(i.main) refers to can.o(i.MX_CAN1_Init) for MX_CAN1_Init
    main.o(i.main) refers to can.o(i.MX_CAN2_Init) for MX_CAN2_Init
    main.o(i.main) refers to spi.o(i.MX_SPI1_Init) for MX_SPI1_Init
    main.o(i.main) refers to tim.o(i.MX_TIM4_Init) for MX_TIM4_Init
    main.o(i.main) refers to usb_device.o(i.MX_USB_DEVICE_Init) for MX_USB_DEVICE_Init
    main.o(i.main) refers to device.o(i.Device_Init) for Device_Init
    main.o(i.main) refers to driver.o(i.Driver_Init) for Driver_Init
    main.o(i.main) refers to freertos.o(i.MX_FREERTOS_Init) for MX_FREERTOS_Init
    main.o(i.main) refers to cmsis_os.o(i.osKernelStart) for osKernelStart
    gpio.o(i.MX_GPIO_Init) refers to rt_memclr_w.o(.text) for __aeabi_memclr4
    gpio.o(i.MX_GPIO_Init) refers to stm32f4xx_hal_gpio.o(i.HAL_GPIO_WritePin) for HAL_GPIO_WritePin
    gpio.o(i.MX_GPIO_Init) refers to stm32f4xx_hal_gpio.o(i.HAL_GPIO_Init) for HAL_GPIO_Init
    freertos.o(i.MX_FREERTOS_Init) refers to rt_memcpy_w.o(.text) for __aeabi_memcpy4
    freertos.o(i.MX_FREERTOS_Init) refers to cmsis_os.o(i.osThreadCreate) for osThreadCreate
    freertos.o(i.MX_FREERTOS_Init) refers to freertos.o(.constdata) for .constdata
    freertos.o(i.MX_FREERTOS_Init) refers to freertos.o(.data) for .data
    freertos.o(i.StartMonitorTask) refers to usb_device.o(i.MX_USB_DEVICE_Init) for MX_USB_DEVICE_Init
    freertos.o(i.StartMonitorTask) refers to cmsis_os.o(i.osDelay) for osDelay
    freertos.o(i.vApplicationGetIdleTaskMemory) refers to freertos.o(.bss) for .bss
    freertos.o(.constdata) refers to freertos.o(.conststring) for .conststring
    freertos.o(.constdata) refers to monitor_task.o(i.StartMonitorTask) for StartMonitorTask
    freertos.o(.constdata) refers to control_task.o(i.StartControlTask) for StartControlTask
[...]
    USBD_LL_ClearStallEP                     0x080063fb   Thumb Code    18  usbd_conf.o(i.USBD_LL_ClearStallEP)
    USBD_LL_CloseEP                          0x0800640d   Thumb Code    18  usbd_conf.o(i.USBD_LL_CloseEP)
    USBD_LL_DataInStage                      0x0800641f   Thumb Code   184  usbd_core.o(i.USBD_LL_DataInStage)
    USBD_LL_DataOutStage                     0x080064d7   Thumb Code   148  usbd_core.o(i.USBD_LL_DataOutStage)
    USBD_LL_DevConnected                     0x0800656b   Thumb Code     4  usbd_core.o(i.USBD_LL_DevConnected)
    USBD_LL_DevDisconnected                  0x0800656f   Thumb Code    30  usbd_core.o(i.USBD_LL_DevDisconnected)
    USBD_LL_GetRxDataSize                    0x0800658d   Thumb Code     8  usbd_conf.o(i.USBD_LL_GetRxDataSize)
    USBD_LL_Init                             0x08006595   Thumb Code    90  usbd_conf.o(i.USBD_LL_Init)
    USBD_LL_IsStallEP                        0x080065f5   Thumb Code    30  usbd_conf.o(i.USBD_LL_IsStallEP)
    USBD_LL_IsoINIncomplete                  0x08006613   Thumb Code    40  usbd_core.o(i.USBD_LL_IsoINIncomplete)
    USBD_LL_IsoOUTIncomplete                 0x0800663b   Thumb Code    40  usbd_core.o(i.USBD_LL_IsoOUTIncomplete)
    USBD_LL_OpenEP                           0x08006663   Thumb Code    24  usbd_conf.o(i.USBD_LL_OpenEP)
    USBD_LL_PrepareReceive                   0x0800667b   Thumb Code    18  usbd_conf.o(i.USBD_LL_PrepareReceive)
    USBD_LL_Reset                            0x0800668d   Thumb Code    94  usbd_core.o(i.USBD_LL_Reset)
    USBD_LL_Resume                           0x080066eb   Thumb Code    20  usbd_core.o(i.USBD_LL_Resume)
    USBD_LL_SOF                              0x080066ff   Thumb Code    26  usbd_core.o(i.USBD_LL_SOF)
    USBD_LL_SetSpeed                         0x08006719   Thumb Code     6  usbd_core.o(i.USBD_LL_SetSpeed)
    USBD_LL_SetUSBAddress                    0x0800671f   Thumb Code    18  usbd_conf.o(i.USBD_LL_SetUSBAddress)
    USBD_LL_SetupStage                       0x08006731   Thumb Code    96  usbd_core.o(i.USBD_LL_SetupStage)
    USBD_LL_StallEP                          0x08006791   Thumb Code    18  usbd_conf.o(i.USBD_LL_StallEP)
    USBD_LL_Start                            0x080067a3   Thumb Code    18  usbd_conf.o(i.USBD_LL_Start)
    USBD_LL_Suspend                          0x080067b5   Thumb Code    26  usbd_core.o(i.USBD_LL_Suspend)
    USBD_LL_Transmit                         0x080067cf   Thumb Code    18  usbd_conf.o(i.USBD_LL_Transmit)
    USBD_ParseSetupRequest                   0x080067e1   Thumb Code    44  usbd_ctlreq.o(i.USBD_ParseSetupRequest)
    USBD_RegisterClass                       0x0800680d   Thumb Code    58  usbd_core.o(i.USBD_RegisterClass)
    USBD_SetClassConfig                      0x08006847   Thumb Code    20  usbd_core.o(i.USBD_SetClassConfig)
    USBD_Start                               0x08006915   Thumb Code     4  usbd_core.o(i.USBD_Start)
    USBD_StdDevReq                           0x08006919   Thumb Code   300  usbd_ctlreq.o(i.USBD_StdDevReq)
    USBD_StdEPReq                            0x08006a45   Thumb Code   358  usbd_ctlreq.o(i.USBD_StdEPReq)
    USBD_StdItfReq                           0x08006bab   Thumb Code   114  usbd_ctlreq.o(i.USBD_StdItfReq)
    USBD_static_free                         0x08006c1d   Thumb Code     2  usbd_conf.o(i.USBD_static_free)
    USBD_static_malloc                       0x08006c21   Thumb Code     4  usbd_conf.o(i.USBD_static_malloc)
    USB_ActivateEndpoint                     0x08006c29   Thumb Code   122  stm32f4xx_ll_usb.o(i.USB_ActivateEndpoint)
    USB_ActivateSetup                        0x08006ca9   Thumb Code    28  stm32f4xx_ll_usb.o(i.USB_ActivateSetup)
    USB_CoreInit                             0x08006cc5   Thumb Code   126  stm32f4xx_ll_usb.o(i.USB_CoreInit)
    USB_DeactivateEndpoint                   0x08006d8d   Thumb Code   194  stm32f4xx_ll_usb.o(i.USB_DeactivateEndpoint)
    USB_DevConnect                           0x08006e59   Thumb Code    28  stm32f4xx_ll_usb.o(i.USB_DevConnect)
    USB_DevDisconnect                        0x08006e75   Thumb Code    28  stm32f4xx_ll_usb.o(i.USB_DevDisconnect)
    USB_DevInit                              0x08006e91   Thumb Code   370  stm32f4xx_ll_usb.o(i.USB_DevInit)
    USB_DisableGlobalInt                     0x0800700d   Thumb Code    12  stm32f4xx_ll_usb.o(i.USB_DisableGlobalInt)
    USB_EP0_OutStart                         0x08007019   Thumb Code    84  stm32f4xx_ll_usb.o(i.USB_EP0_OutStart)
    USB_EPClearStall                         0x08007071   Thumb Code    88  stm32f4xx_ll_usb.o(i.USB_EPClearStall)
    USB_EPSetStall                           0x080070c9   Thumb Code    88  stm32f4xx_ll_usb.o(i.USB_EPSetStall)
    USB_EPStartXfer                          0x08007121   Thumb Code   562  stm32f4xx_ll_usb.o(i.USB_EPStartXfer)
    USB_EPStopXfer                           0x08007359   Thumb Code   158  stm32f4xx_ll_usb.o(i.USB_EPStopXfer)
    USB_EnableGlobalInt                      0x080073f7   Thumb Code    12  stm32f4xx_ll_usb.o(i.USB_EnableGlobalInt)
    USB_FlushRxFifo                          0x08007403   Thumb Code    56  stm32f4xx_ll_usb.o(i.USB_FlushRxFifo)
    USB_FlushTxFifo                          0x0800743b   Thumb Code    60  stm32f4xx_ll_usb.o(i.USB_FlushTxFifo)
    USB_GetDevSpeed                          0x08007477   Thumb Code    26  stm32f4xx_ll_usb.o(i.USB_GetDevSpeed)
    USB_GetMode                              0x08007491   Thumb Code     8  stm32f4xx_ll_usb.o(i.USB_GetMode)
    USB_ReadDevAllInEpInterrupt              0x08007499   Thumb Code    14  stm32f4xx_ll_usb.o(i.USB_ReadDevAllInEpInterrupt)
    USB_ReadDevAllOutEpInterrupt             0x080074a7   Thumb Code    14  stm32f4xx_ll_usb.o(i.USB_ReadDevAllOutEpInterrupt)
    USB_ReadDevInEPInterrupt                 0x080074b5   Thumb Code    36  stm32f4xx_ll_usb.o(i.USB_ReadDevInEPInterrupt)
    USB_ReadDevOutEPInterrupt                0x080074d9   Thumb Code    16  stm32f4xx_ll_usb.o(i.USB_ReadDevOutEPInterrupt)
    USB_ReadInterrupts                       0x080074e9   Thumb Code     8  stm32f4xx_ll_usb.o(i.USB_ReadInterrupts)
    USB_ReadPacket                           0x080074f1   Thumb Code    62  stm32f4xx_ll_usb.o(i.USB_ReadPacket)
    USB_SetCurrentMode                       0x0800752f   Thumb Code    92  stm32f4xx_ll_usb.o(i.USB_SetCurrentMode)
    USB_SetDevAddress                        0x0800758b   Thumb Code    34  stm32f4xx_ll_usb.o(i.USB_SetDevAddress)
    USB_SetTurnaroundTime                    0x080075ad   Thumb Code   158  stm32f4xx_ll_usb.o(i.USB_SetTurnaroundTime)
    USB_WritePacket                          0x08007695   Thumb Code    40  stm32f4xx_ll_usb.o(i.USB_WritePacket)
    UsageFault_Handler                       0x080076bd   Thumb Code     2  stm32f4xx_it.o(i.UsageFault_Handler)
    Vector_Transform                         0x080076c1   Thumb Code   158  bmi_ekf.o(i.Vector_Transform)
    __hardfp_acosf                           0x08007785   Thumb Code   234  acosf.o(i.__hardfp_acosf)
    __hardfp_sqrtf                           0x0800789d   Thumb Code    58  sqrtf.o(i.__hardfp_sqrtf)
    __mathlib_flt_infnan                     0x080078d7   Thumb Code     6  funder.o(i.__mathlib_flt_infnan)
    __mathlib_flt_invalid                    0x080078dd   Thumb Code    10  funder.o(i.__mathlib_flt_invalid)
    arm_atan2_f32                            0x080078ed   Thumb Code   512  fastmathfunctions.o(i.arm_atan2_f32)
    arm_cos_f32                              0x08007b09   Thumb Code   118  fastmathfunctions.o(i.arm_cos_f32)
    arm_mat_add_f32                          0x08007b8d   Thumb Code    42  matrixfunctions.o(i.arm_mat_add_f32)
    arm_mat_init_f32                         0x08007bb7   Thumb Code     8  matrixfunctions.o(i.arm_mat_init_f32)
    arm_mat_inverse_f32                      0x08007bc1   Thumb Code   690  matrixfunctions.o(i.arm_mat_inverse_f32)
    arm_mat_mult_f32                         0x08007e79   Thumb Code   112  matrixfunctions.o(i.arm_mat_mult_f32)
    arm_mat_sub_f32                          0x08007eed   Thumb Code    42  matrixfunctions.o(i.arm_mat_sub_f32)
    arm_mat_trans_f32                        0x08007f19   Thumb Code    52  matrixfunctions.o(i.arm_mat_trans_f32)
    arm_quaternion_normalize_f32             0x08007f4d   Thumb Code   118  quaternionmathfunctions.o(i.arm_quaternion_normalize_f32)
    arm_sin_f32                              0x08007fc5   Thumb Code   114  fastmathfunctions.o(i.arm_sin_f32)
    ave_fil_init                             0x08008045   Thumb Code    30  ave_filter.o(i.ave_fil_init)
    ave_fil_update                           0x08008069   Thumb Code   144  ave_filter.o(i.ave_fil_update)
    bmi088_accel_init                        0x080080f9   Thumb Code   266  bmi088driver.o(i.bmi088_accel_init)
    bmi088_gyro_init                         0x08008209   Thumb Code   214  bmi088driver.o(i.bmi088_gyro_init)
    bmi2_micros                              0x080082e5   Thumb Code    30  bmi088middleware.o(i.bmi2_micros)
    can_rx_buff                              0x08008309   Thumb Code    34  motor.o(i.can_rx_buff)
    clean_motor_err                          0x0800832d   Thumb Code    64  can_protocol.o(i.clean_motor_err)
    delay_ms                                 0x08008379   Thumb Code    22  haltick_drv.o(i.delay_ms)
    delay_us                                 0x08008391   Thumb Code    24  haltick_drv.o(i.delay_us)
    dm_motor_data                            0x080083a9   Thumb Code   124  can_protocol.o(i.dm_motor_data)
    enable_motor_mode                        0x0800842d   Thumb Code    64  can_protocol.o(i.enable_motor_mode)
    float_to_int16                           0x08008479   Thumb Code    90  math_support.o(i.float_to_int16)
    imu_heart_beat                           0x0800857f   Thumb Code    32  imu.o(i.imu_heart_beat)
    imu_init                                 0x080085a1   Thumb Code   166  imu.o(i.imu_init)
    imu_update                               0x08008665   Thumb Code   870  imu.o(i.imu_update)
    main                                     0x08008a01   Thumb Code    54  main.o(i.main)
    micros                                   0x08008a45   Thumb Code    30  haltick_drv.o(i.micros)
    mit_ctrl                                 0x08008a6d   Thumb Code    98  can_protocol.o(i.mit_ctrl)
    motor_class_heartbeat                    0x08008ae1   Thumb Code    58  motor.o(i.motor_class_heartbeat)
    motor_class_idling_flag                  0x08008b1b   Thumb Code    78  motor.o(i.motor_class_idling_flag)
    motor_class_init                         0x08008b69   Thumb Code   112  motor.o(i.motor_class_init)
    motor_class_pid_init                     0x08008c09   Thumb Code   112  motor.o(i.motor_class_pid_init)
    motor_class_stucking_flag                0x08008c7d   Thumb Code   166  motor.o(i.motor_class_stucking_flag)
    motor_judge_dir                          0x08008d69   Thumb Code    96  motor.o(i.motor_judge_dir)
    motor_offset                             0x08008dc9   Thumb Code   144  motor.o(i.motor_offset)
    motor_pid_angle                          0x08008e59   Thumb Code    54  motor.o(i.motor_pid_angle)
    motor_pid_cal                            0x08008e95   Thumb Code   274  motor.o(i.motor_pid_cal)
    motor_pid_ctrl                           0x08008fad   Thumb Code   292  motor.o(i.motor_pid_ctrl)
    motor_pid_double                         0x080090e9   Thumb Code     8  motor.o(i.motor_pid_double)
    motor_pid_err                            0x080090f1   Thumb Code    30  motor.o(i.motor_pid_err)
    motor_pid_position                       0x08009115   Thumb Code    62  motor.o(i.motor_pid_position)
    motor_pid_single                         0x08009159   Thumb Code    16  motor.o(i.motor_pid_single)
    motor_pid_speed                          0x0800916d   Thumb Code    62  motor.o(i.motor_pid_speed)
    osDelay                                  0x080091b1   Thumb Code    14  cmsis_os.o(i.osDelay)
    osKernelStart                            0x080091bf   Thumb Code    10  cmsis_os.o(i.osKernelStart)
    osThreadCreate                           0x080091c9   Thumb Code    84  cmsis_os.o(i.osThreadCreate)
    pvPortMalloc                             0x08009569   Thumb Code   216  heap_4.o(i.pvPortMalloc)
    pxPortInitialiseStack                    0x08009645   Thumb Code    40  port.o(i.pxPortInitialiseStack)
    single_pid_cal                           0x08009671   Thumb Code   206  my_pid.o(i.single_pid_cal)
    sqrtf                                    0x08009745   Thumb Code    62  sqrtf.o(i.sqrtf)
    transform_init                           0x08009785   Thumb Code   484  bmi_ekf.o(i.transform_init)
    uxListRemove                             0x0800999d   Thumb Code    38  list.o(i.uxListRemove)
    vApplicationGetIdleTaskMemory            0x080099c5   Thumb Code    16  freertos.o(i.vApplicationGetIdleTaskMemory)
    vListInitialise                          0x080099d9   Thumb Code    22  list.o(i.vListInitialise)
    vListInitialiseItem                      0x080099ef   Thumb Code     6  list.o(i.vListInitialiseItem)
    vListInsert                              0x080099f5   Thumb Code    48  list.o(i.vListInsert)
    vListInsertEnd                           0x08009a25   Thumb Code    24  list.o(i.vListInsertEnd)
    vPortEnterCritical                       0x08009a3d   Thumb Code    54  port.o(i.vPortEnterCritical)
    vPortExitCritical                        0x08009a7d   Thumb Code    34  port.o(i.vPortExitCritical)
    vPortFree                                0x08009aa5   Thumb Code    94  heap_4.o(i.vPortFree)
    vPortSetupTimerInterrupt                 0x08009b09   Thumb Code    32  port.o(i.vPortSetupTimerInterrupt)
    vTaskDelay                               0x08009b2d   Thumb Code    66  tasks.o(i.vTaskDelay)
    vTaskStartScheduler                      0x08009b79   Thumb Code    90  tasks.o(i.vTaskStartScheduler)
    vTaskSuspendAll                          0x08009be5   Thumb Code    10  tasks.o(i.vTaskSuspendAll)
    vTaskSwitchContext                       0x08009bf5   Thumb Code    82  tasks.o(i.vTaskSwitchContext)
    vision_check                             0x08009c51   Thumb Code    36  vision.o(i.vision_check)
    vision_heartbeat                         0x08009c79   Thumb Code    36  vision.o(i.vision_heartbeat)
    vision_init                              0x08009c9d   Thumb Code    20  vision.o(i.vision_init)
    vision_send_data                         0x08009cb1   Thumb Code    40  vision.o(i.vision_send_data)
    vision_update                            0x08009ce1   Thumb Code    14  vision.o(i.vision_update)
    xPortStartScheduler                      0x08009cf5   Thumb Code   222  port.o(i.xPortStartScheduler)
    xTaskCreate                              0x08009de9   Thumb Code    90  tasks.o(i.xTaskCreate)
    xTaskCreateStatic                        0x08009e43   Thumb Code    86  tasks.o(i.xTaskCreateStatic)
    xTaskIncrementTick                       0x08009e99   Thumb Code   194  tasks.o(i.xTaskIncrementTick)
    xTaskResumeAll                           0x08009f65   Thumb Code   182  tasks.o(i.xTaskResumeAll)
    __aeabi_d2f                              0x0800a029   Thumb Code     0  d2f.o(x$fpl$d2f)
    _d2f                                     0x0800a029   Thumb Code    98  d2f.o(x$fpl$d2f)
    __aeabi_ddiv                             0x0800a08d   Thumb Code     0  ddiv.o(x$fpl$ddiv)
    _ddiv                                    0x0800a08d   Thumb Code   552  ddiv.o(x$fpl$ddiv)
    __aeabi_dmul                             0x0800a33d   Thumb Code     0  dmul.o(x$fpl$dmul)
    _dmul                                    0x0800a33d   Thumb Code   332  dmul.o(x$fpl$dmul)
    __fpl_dnaninf                            0x0800a491   Thumb Code   156  dnaninf.o(x$fpl$dnaninf)
    __fpl_dretinf                            0x0800a52d   Thumb Code    12  dretinf.o(x$fpl$dretinf)
    __aeabi_f2d                              0x0800a539   Thumb Code     0  f2d.o(x$fpl$f2d)
    _f2d                                     0x0800a539   Thumb Code    86  f2d.o(x$fpl$f2d)
    __fpl_fnaninf                            0x0800a58f   Thumb Code   140  fnaninf.o(x$fpl$fnaninf)
    _fp_init                                 0x0800a61b   Thumb Code    10  fpinit.o(x$fpl$fpinit)
    __fplib_config_fpu_vfp                   0x0800a623   Thumb Code     0  fpinit.o(x$fpl$fpinit)
    __fplib_config_pureend_doubles           0x0800a623   Thumb Code     0  fpinit.o(x$fpl$fpinit)
    __fpl_fretinf                            0x0800a625   Thumb Code    10  fretinf.o(x$fpl$fretinf)
    __I$use$fp                               0x0800a62e   Number         0  usenofp.o(x$fpl$usenofp)
    AHBPrescTable                            0x0800a68c   Data          16  system_stm32f4xx.o(.constdata)
    APBPrescTable                            0x0800a69c   Data           8  system_stm32f4xx.o(.constdata)
    IMU_QuaternionEKF_F                      0x0800a6a4   Data         144  bmi_ekf.o(.constdata)
    sinTable_f32                             0x0800a734   Data        2052  commontables.o(.constdata)
    Region$$Table$$Base                      0x0800afc0   Number         0  anon$$obj.o(Region$$Table)
    Region$$Table$$Limit                     0x0800afe0   Number         0  anon$$obj.o(Region$$Table)
    MonitorHandle                            0x20000000   Data           4  freertos.o(.data)
    ControlHandle                            0x20000004   Data           4  freertos.o(.data)
    SystemHandle                             0x20000008   Data           4  freertos.o(.data)
    uwTickFreq                               0x20000010   Data           1  stm32f4xx_hal.o(.data)
    uwTickPrio                               0x20000014   Data           4  stm32f4xx_hal.o(.data)
    uwTick                                   0x20000018   Data           4  stm32f4xx_hal.o(.data)
    SystemCoreClock                          0x2000001c   Data           4  system_stm32f4xx.o(.data)
    pxCurrentTCB                             0x20000020   Data           4  tasks.o(.data)
    gimbal_yaw_imu_in_pid_param              0x20000088   Data          28  device.o(.data)
    gimbal_yaw_imu_pid_param                 0x200000a4   Data          28  device.o(.data)
    gimbal_pch_imu_in_pid_param              0x200000c0   Data          28  device.o(.data)
    gimbal_pch_imu_pid_param                 0x200000dc   Data          28  device.o(.data)
    motor                                    0x200000f8   Data        1456  motor.o(.data)
    x_mid_pixel                              0x200006a8   Data           2  vision.o(.data)
    y_mid_pixel                              0x200006aa   Data           2  vision.o(.data)
    Vision_tx_info                           0x200006ac   Data           3  vision.o(.data)
    vision_rx_info                           0x200006af   Data           8  vision.o(.data)
    vision_info                              0x200006b8   Data          24  vision.o(.data)
    vision                                   0x200006d0   Data          24  vision.o(.data)
    ctrl                                     0x200006f0   Data          48  ctrl_down.o(.data)
    HalTick                                  0x20000720   Data           4  haltick_drv.o(.data)
    gimbal_dev                               0x20000724   Data          12  gimbal.o(.data)
    gimbal_info                              0x20000730   Data          16  gimbal.o(.data)
    gimbal                                   0x20000740   Data          32  gimbal.o(.data)
    gimbal_cnt                               0x20000760   Data           8  gimbal.o(.data)
    gimbal_flag                              0x20000768   Data           1  gimbal.o(.data)
    pid_yaw_diff                             0x20000774   Data          64  module.o(.data)
    pid_pch_diff                             0x200007b4   Data          64  module.o(.data)
    robot                                    0x200007f4   Data          40  module.o(.data)
    TxMailbox                                0x2000081c   Data           4  can_protocol.o(.data)
    CAN1_6020                                0x20000820   Data           8  can_protocol.o(.data)
    EKFgim_trans                             0x2000082c   Data          48  bmi_ekf.o(.data)
    EKFTrans                                 0x2000089c   Data           8  bmi_ekf.o(.data)
    EKFSrc                                   0x200008a4   Data           8  bmi_ekf.o(.data)
    EKFDst                                   0x200008ac   Data           8  bmi_ekf.o(.data)
    IMU_QuaternionEKF_P                      0x200008b4   Data         144  bmi_ekf.o(.data)
    BMI088_ACCEL_SEN                         0x20000944   Data           4  bmi088driver.o(.data)
    BMI088_GYRO_SEN                          0x20000948   Data           4  bmi088driver.o(.data)
    btick                                    0x20000970   Data           4  bmi088middleware.o(.data)
    init_cnt                                 0x20000974   Data           1  imu.o(.data)
    imu                                      0x200009c4   Data          36  imu.o(.data)
    FS_Desc                                  0x200009e8   Data          28  usbd_desc.o(.data)
    USBD_LangIDDesc                          0x20000a04   Data           4  usbd_desc.o(.data)
    USBD_FS_DeviceDesc                       0x20000a08   Data          18  usbd_desc.o(.data)
    USBD_StringSerial                        0x20000a1c   Data          26  usbd_desc.o(.data)
    USBD_Interface_fops_FS                   0x20000a38   Data          20  usbd_cdc_if.o(.data)
    USBD_CDC                                 0x20000aa4   Data          56  usbd_cdc.o(.data)
    hcan1                                    0x20000d30   Data          40  can.o(.bss)
    hcan2                                    0x20000d58   Data          40  can.o(.bss)
    hspi1                                    0x20000d80   Data          88  spi.o(.bss)
    hdma_spi1_rx                             0x20000dd8   Data          96  spi.o(.bss)
    hdma_spi1_tx                             0x20000e38   Data          96  spi.o(.bss)
    htim4                                    0x20000e98   Data          72  tim.o(.bss)
    htim2                                    0x20000ee0   Data          72  stm32f4xx_hal_timebase_tim.o(.bss)
    Vision_txBuf                             0x20004c18   Data          20  vision.o(.bss)
    hcan1RxFrame                             0x20004c2c   Data          36  can_drv.o(.bss)
    hcan2RxFrame                             0x20004c50   Data          36  can_drv.o(.bss)
    gimbal_target                            0x20004c74   Data          16  gimbal.o(.bss)
    gimbal_measure                           0x20004c84   Data          36  gimbal.o(.bss)
    TxMessage                                0x20004ca8   Data          24  can_protocol.o(.bss)
    QEKF_INS                                 0x20004cc0   Data         480  bmi_ekf.o(.bss)
    IMU_QuaternionEKF_K                      0x20004ea0   Data          72  bmi_ekf.o(.bss)
    IMU_QuaternionEKF_H                      0x20004ee8   Data          72  bmi_ekf.o(.bss)
    imu_info                                 0x20004f30   Data          96  imu.o(.bss)
    imu_pitch_dif_speed_ave_filter           0x20004f90   Data         132  imu.o(.bss)
    imu_roll_dif_speed_ave_filter            0x20005014   Data         132  imu.o(.bss)
    imu_yaw_dif_speed_ave_filter             0x20005098   Data         132  imu.o(.bss)
    hUsbDeviceFS                             0x20005134   Data         732  usb_device.o(.bss)
    USBD_StrDesc                             0x20005410   Data         512  usbd_desc.o(.bss)
    UserRxBufferFS                           0x20005610   Data        2048  usbd_cdc_if.o(.bss)
    UserTxBufferFS                           0x20005e10   Data        2048  usbd_cdc_if.o(.bss)
    hpcd_USB_OTG_FS                          0x20006830   Data        1252  usbd_conf.o(.bss)
    __libspace_start                         0x20006d14   Data          96  libspace.o(.bss)
    __temporary_stack_top$libspace           0x20006d74   Data           0  libspace.o(.bss)



==============================================================================

Memory Map of the image

  Image Entry point : 0x08000189

  Load Region LR_IROM1 (Base: 0x08000000, Size: 0x0000babc, Max: 0x00100000, ABSOLUTE, COMPRESSED[0x0000b1bc])

    Execution Region ER_IROM1 (Exec base: 0x08000000, Load base: 0x08000000, Size: 0x0000afe0, Max: 0x00100000, ABSOLUTE)

    Exec Addr    Load Addr    Size         Type   Attr      Idx    E Section Name        Object

    0x08000000   0x08000000   0x00000188   Data   RO            3    RESET               startup_stm32f407xx.o
    0x08000188   0x08000188   0x00000008   Code   RO        14207  * !!!main             c_w.l(__main.o)
    0x08000190   0x08000190   0x00000034   Code   RO        14642    !!!scatter          c_w.l(__scatter.o)
    0x080001c4   0x080001c4   0x0000005a   Code   RO        14640    !!dczerorl2         c_w.l(__dczerorl2.o)
    0x0800021e   0x0800021e   0x00000002   PAD
    0x08000220   0x08000220   0x0000001c   Code   RO        14644    !!handler_zi        c_w.l(__scatter_zi.o)
    0x0800023c   0x0800023c   0x00000002   Code   RO        14511    .ARM.Collect$$libinit$$00000000  c_w.l(libinit.o)
    0x0800023e   0x0800023e   0x00000004   Code   RO        14520    .ARM.Collect$$libinit$$00000001  c_w.l(libinit2.o)
    0x08000242   0x08000242   0x00000000   Code   RO        14523    .ARM.Collect$$libinit$$00000004  c_w.l(libinit2.o)
    0x08000242   0x08000242   0x00000000   Code   RO        14526    .ARM.Collect$$libinit$$0000000A  c_w.l(libinit2.o)
    0x08000242   0x08000242   0x00000000   Code   RO        14528    .ARM.Collect$$libinit$$0000000C  c_w.l(libinit2.o)
    0x08000242   0x08000242   0x00000000   Code   RO        14530    .ARM.Collect$$libinit$$0000000E  c_w.l(libinit2.o)
    0x08000242   0x08000242   0x00000000   Code   RO        14533    .ARM.Collect$$libinit$$00000011  c_w.l(libinit2.o)
    0x08000242   0x08000242   0x00000000   Code   RO        14535    .ARM.Collect$$libinit$$00000013  c_w.l(libinit2.o)
    0x08000242   0x08000242   0x00000000   Code   RO        14537    .ARM.Collect$$libinit$$00000015  c_w.l(libinit2.o)
    0x08000242   0x08000242   0x00000000   Code   RO        14539    .ARM.Collect$$libinit$$00000017  c_w.l(libinit2.o)
    0x08000242   0x08000242   0x00000000   Code   RO        14541    .ARM.Collect$$libinit$$00000019  c_w.l(libinit2.o)
    0x08000242   0x08000242   0x00000000   Code   RO        14543    .ARM.Collect$$libinit$$0000001B  c_w.l(libinit2.o)
    0x08000242   0x08000242   0x00000000   Code   RO        14545    .ARM.Collect$$libinit$$0000001D  c_w.l(libinit2.o)
    0x08000242   0x08000242   0x00000000   Code   RO        14547    .ARM.Collect$$libinit$$0000001F  c_w.l(libinit2.o)
    0x08000242   0x08000242   0x00000000   Code   RO        14549    .ARM.Collect$$libinit$$00000021  c_w.l(libinit2.o)
    0x08000242   0x08000242   0x00000000   Code   RO        14551    .ARM.Collect$$libinit$$00000023  c_w.l(libinit2.o)
    0x08000242   0x08000242   0x00000000   Code   RO        14553    .ARM.Collect$$libinit$$00000025  c_w.l(libinit2.o)
    0x08000242   0x08000242   0x00000000   Code   RO        14557    .ARM.Collect$$libinit$$0000002C  c_w.l(libinit2.o)
    0x08000242   0x08000242   0x00000000   Code   RO        14559    .ARM.Collect$$libinit$$0000002E  c_w.l(libinit2.o)
    0x08000242   0x08000242   0x00000000   Code   RO        14561    .ARM.Collect$$libinit$$00000030  c_w.l(libinit2.o)
    0x08000242   0x08000242   0x00000000   Code   RO        14563    .ARM.Collect$$libinit$$00000032  c_w.l(libinit2.o)
    0x08000242   0x08000242   0x00000002   Code   RO        14564    .ARM.Collect$$libinit$$00000033  c_w.l(libinit2.o)
    0x08000244   0x08000244   0x00000002   Code   RO        14595    .ARM.Collect$$libshutdown$$00000000  c_w.l(libshutdown.o)
    0x08000246   0x08000246   0x00000000   Code   RO        14621    .ARM.Collect$$libshutdown$$00000002  c_w.l(libshutdown2.o)
    0x08000246   0x08000246   0x00000000   Code   RO        14623    .ARM.Collect$$libshutdown$$00000004  c_w.l(libshutdown2.o)
    0x08000246   0x08000246   0x00000000   Code   RO        14625    .ARM.Collect$$libshutdown$$00000006  c_w.l(libshutdown2.o)
    0x08000246   0x08000246   0x00000000   Code   RO        14628    .ARM.Collect$$libshutdown$$00000009  c_w.l(libshutdown2.o)
    0x08000246   0x08000246   0x00000000   Code   RO        14631    .ARM.Collect$$libshutdown$$0000000C  c_w.l(libshutdown2.o)
    0x08000246   0x08000246   0x00000000   Code   RO        14633    .ARM.Collect$$libshutdown$$0000000E  c_w.l(libshutdown2.o)
    0x08000246   0x08000246   0x00000000   Code   RO        14636    .ARM.Collect$$libshutdown$$00000011  c_w.l(libshutdown2.o)
    0x08000246   0x08000246   0x00000002   Code   RO        14637    .ARM.Collect$$libshutdown$$00000012  c_w.l(libshutdown2.o)
    0x08000248   0x08000248   0x00000000   Code   RO        14399    .ARM.Collect$$rtentry$$00000000  c_w.l(__rtentry.o)
    0x08000248   0x08000248   0x00000000   Code   RO        14474    .ARM.Collect$$rtentry$$00000002  c_w.l(__rtentry2.o)
    0x08000248   0x08000248   0x00000006   Code   RO        14486    .ARM.Collect$$rtentry$$00000004  c_w.l(__rtentry4.o)
    0x0800024e   0x0800024e   0x00000000   Code   RO        14476    .ARM.Collect$$rtentry$$00000009  c_w.l(__rtentry2.o)
    0x0800024e   0x0800024e   0x00000004   Code   RO        14477    .ARM.Collect$$rtentry$$0000000A  c_w.l(__rtentry2.o)
    0x08000252   0x08000252   0x00000000   Code   RO        14479    .ARM.Collect$$rtentry$$0000000C  c_w.l(__rtentry2.o)
    0x08000252   0x08000252   0x00000008   Code   RO        14480    .ARM.Collect$$rtentry$$0000000D  c_w.l(__rtentry2.o)
    0x0800025a   0x0800025a   0x00000002   Code   RO        14512    .ARM.Collect$$rtexit$$00000000  c_w.l(rtexit.o)
    0x0800025c   0x0800025c   0x00000000   Code   RO        14568    .ARM.Collect$$rtexit$$00000002  c_w.l(rtexit2.o)
    0x0800025c   0x0800025c   0x00000004   Code   RO        14569    .ARM.Collect$$rtexit$$00000003  c_w.l(rtexit2.o)
    0x08000260   0x08000260   0x00000006   Code   RO        14570    .ARM.Collect$$rtexit$$00000004  c_w.l(rtexit2.o)
    0x08000266   0x08000266   0x00000002   PAD
    0x08000268   0x08000268   0x000000be   Code   RO         5288    .emb_text           port.o
    0x08000326   0x08000326   0x00000002   PAD
    0x08000328   0x08000328   0x00000040   Code   RO            4    .text               startup_stm32f407xx.o
    0x08000368   0x08000368   0x000000ee   Code   RO        14187    .text               c_w.l(lludivv7m.o)
    0x08000456   0x08000456   0x00000064   Code   RO        14197    .text               c_w.l(rt_memcpy_w.o)
    0x080004ba   0x080004ba   0x00000044   Code   RO        14201    .text               c_w.l(rt_memclr.o)
    0x080004fe   0x080004fe   0x0000004e   Code   RO        14203    .text               c_w.l(rt_memclr_w.o)
    0x0800054c   0x0800054c   0x00000006   Code   RO        14205    .text               c_w.l(heapauxi.o)
    0x08000552   0x08000552   0x00000016   Code   RO        14404    .text               c_w.l(_rserrno.o)
    0x08000568   0x08000568   0x00000008   Code   RO        14493    .text               c_w.l(rt_errno_addr_intlibspace.o)
    0x08000570   0x08000570   0x00000008   Code   RO        14495    .text               c_w.l(libspace.o)
    0x08000578   0x08000578   0x0000004a   Code   RO        14498    .text               c_w.l(sys_stackheap_outer.o)
    0x080005c2   0x080005c2   0x00000012   Code   RO        14500    .text               c_w.l(exit.o)
    0x080005d4   0x080005d4   0x0000000c   Code   RO        14565    .text               c_w.l(sys_exit.o)
    0x080005e0   0x080005e0   0x00000002   Code   RO        14584    .text               c_w.l(use_no_semi.o)
    0x080005e2   0x080005e2   0x00000000   Code   RO        14586    .text               c_w.l(indicate_semi.o)
    0x080005e2   0x080005e2   0x00000002   PAD
    0x080005e4   0x080005e4   0x00000010   Code   RO         6606    i.BMI088_ACCEL_NS_H  bmi088middleware.o
    0x080005f4   0x080005f4   0x00000010   Code   RO         6607    i.BMI088_ACCEL_NS_L  bmi088middleware.o
    0x08000604   0x08000604   0x00000002   Code   RO         6608    i.BMI088_GPIO_init  bmi088middleware.o
    0x08000606   0x08000606   0x00000002   PAD
    0x08000608   0x08000608   0x00000010   Code   RO         6609    i.BMI088_GYRO_NS_H  bmi088middleware.o
    0x08000618   0x08000618   0x00000010   Code   RO         6610    i.BMI088_GYRO_NS_L  bmi088middleware.o
    0x08000628   0x08000628   0x00000002   Code   RO         6611    i.BMI088_com_init   bmi088middleware.o
    0x0800062a   0x0800062a   0x00000018   Code   RO         6612    i.BMI088_delay_ms   bmi088middleware.o
    0x08000642   0x08000642   0x00000002   PAD
    0x08000644   0x08000644   0x00000018   Code   RO         6613    i.BMI088_delay_us   bmi088middleware.o
    0x0800065c   0x0800065c   0x00000018   Code   RO         6462    i.BMI088_init       bmi088driver.o
    0x08000674   0x08000674   0x00000158   Code   RO         6463    i.BMI088_read       bmi088driver.o
    0x080007cc   0x080007cc   0x00000024   Code   RO         6464    i.BMI088_read_muli_reg  bmi088driver.o
    0x080007f0   0x080007f0   0x00000016   Code   RO         6465    i.BMI088_read_single_reg  bmi088driver.o
    0x08000806   0x08000806   0x00000002   PAD
    0x08000808   0x08000808   0x00000020   Code   RO         6614    i.BMI088_read_write_byte  bmi088middleware.o
    0x08000828   0x08000828   0x00000012   Code   RO         6466    i.BMI088_write_single_reg  bmi088driver.o
    0x0800083a   0x0800083a   0x00000002   PAD
    0x0800083c   0x0800083c   0x00000130   Code   RO         6299    i.BMI_Get_Acceleration  bmi_ekf.o
    0x0800096c   0x0800096c   0x00000002   Code   RO          582    i.BusFault_Handler  stm32f4xx_it.o
    0x0800096e   0x0800096e   0x00000002   PAD
    0x08000970   0x08000970   0x00000028   Code   RO         5649    i.CAN1_Init         can_drv.o
    0x08000998   0x08000998   0x0000000c   Code   RO          583    i.CAN1_RX0_IRQHandler  stm32f4xx_it.o
    0x080009a4   0x080009a4   0x0000006c   Code   RO         6102    i.CAN1_Send_6020    can_protocol.o
    0x08000a10   0x08000a10   0x00000038   Code   RO         6103    i.CAN1_rxDataHandler  can_protocol.o
    0x08000a48   0x08000a48   0x00000028   Code   RO         5651    i.CAN2_Init         can_drv.o
    0x08000a70   0x08000a70   0x0000000c   Code   RO          584    i.CAN2_RX0_IRQHandler  stm32f4xx_it.o
    0x08000a7c   0x08000a7c   0x00000002   Code   RO         6104    i.CAN2_rxDataHandler  can_protocol.o
    0x08000a7e   0x08000a7e   0x0000001a   Code   RO         5653    i.CAN_Filter_ParamsInit  can_drv.o
    0x08000a98   0x08000a98   0x00000058   Code   RO         5654    i.CAN_Rx_Callback   can_drv.o
    0x08000af0   0x08000af0   0x00000038   Code   RO         5655    i.CAN_Send_Data     can_drv.o
    0x08000b28   0x08000b28   0x00000004   Code   RO         6961    i.CDC_Control_FS    usbd_cdc_if.o
    0x08000b2c   0x08000b2c   0x00000004   Code   RO         6962    i.CDC_DeInit_FS     usbd_cdc_if.o
    0x08000b30   0x08000b30   0x00000024   Code   RO         6963    i.CDC_Init_FS       usbd_cdc_if.o
    0x08000b54   0x08000b54   0x00000030   Code   RO         6964    i.CDC_Receive_FS    usbd_cdc_if.o
    0x08000b84   0x08000b84   0x00000004   Code   RO         6965    i.CDC_TransmitCplt_FS  usbd_cdc_if.o
    0x08000b88   0x08000b88   0x0000002c   Code   RO         6966    i.CDC_Transmit_FS   usbd_cdc_if.o
    0x08000bb4   0x08000bb4   0x00000020   Code   RO         5603    i.Ctrl_Heartbeat    ctrl_down.o
    0x08000bd4   0x08000bd4   0x00000028   Code   RO         5604    i.Ctrl_Init         ctrl_down.o
    0x08000bfc   0x08000bfc   0x00000010   Code   RO         5605    i.Ctrl_Update       ctrl_down.o
    0x08000c0c   0x08000c0c   0x00000084   Code   RO         5606    i.Ctrl_Work         ctrl_down.o
    0x08000c90   0x08000c90   0x0000000c   Code   RO          585    i.DMA2_Stream0_IRQHandler  stm32f4xx_it.o
    0x08000c9c   0x08000c9c   0x0000000c   Code   RO          586    i.DMA2_Stream3_IRQHandler  stm32f4xx_it.o
    0x08000ca8   0x08000ca8   0x00000028   Code   RO         2756    i.DMA_CalcBaseAndBitshift  stm32f4xx_hal_dma.o
    0x08000cd0   0x08000cd0   0x00000054   Code   RO         2757    i.DMA_CheckFifoParam  stm32f4xx_hal_dma.o
    0x08000d24   0x08000d24   0x00000002   Code   RO          587    i.DebugMon_Handler  stm32f4xx_it.o
    0x08000d26   0x08000d26   0x00000002   PAD
    0x08000d28   0x08000d28   0x00000070   Code   RO         5368    i.Device_Init       device.o
    0x08000d98   0x08000d98   0x00000018   Code   RO         5724    i.Driver_Init       driver.o
    0x08000db0   0x08000db0   0x00000004   Code   RO           13    i.Error_Handler     main.o
    0x08000db4   0x08000db4   0x000000cc   Code   RO         5966    i.Gimal_Update      gimbal.o
    0x08000e80   0x08000e80   0x000001a0   Code   RO         5967    i.Gimbal_Control    gimbal.o
    0x08001020   0x08001020   0x00000028   Code   RO         5968    i.Gimbal_Heartbeat  gimbal.o
    0x08001048   0x08001048   0x00000028   Code   RO         5969    i.Gimbal_Init       gimbal.o
    0x08001070   0x08001070   0x000000dc   Code   RO         5970    i.Gimbal_Pch_Angle_Check  gimbal.o
    0x0800114c   0x0800114c   0x00000012   Code   RO         5971    i.Gimbal_Work       gimbal.o
    0x0800115e   0x0800115e   0x00000002   PAD
    0x08001160   0x08001160   0x00000170   Code   RO         5972    i.Gimbal_Yaw_Angle_Check  gimbal.o
    0x080012d0   0x080012d0   0x00000024   Code   RO         3448    i.HAL_CAN_ActivateNotification  stm32f4xx_hal_can.o
    0x080012f4   0x080012f4   0x000000d0   Code   RO         3449    i.HAL_CAN_AddTxMessage  stm32f4xx_hal_can.o
    0x080013c4   0x080013c4   0x0000010c   Code   RO         3450    i.HAL_CAN_ConfigFilter  stm32f4xx_hal_can.o
    0x080014d0   0x080014d0   0x00000002   Code   RO         3453    i.HAL_CAN_ErrorCallback  stm32f4xx_hal_can.o
    0x080014d2   0x080014d2   0x000000f4   Code   RO         3456    i.HAL_CAN_GetRxMessage  stm32f4xx_hal_can.o
    0x080015c6   0x080015c6   0x000001fc   Code   RO         3460    i.HAL_CAN_IRQHandler  stm32f4xx_hal_can.o
    0x080017c2   0x080017c2   0x0000011a   Code   RO         3461    i.HAL_CAN_Init      stm32f4xx_hal_can.o
    0x080018dc   0x080018dc   0x000000fc   Code   RO          390    i.HAL_CAN_MspInit   can.o
    0x080019d8   0x080019d8   0x00000002   Code   RO         3468    i.HAL_CAN_RxFifo0FullCallback  stm32f4xx_hal_can.o
    0x080019da   0x080019da   0x00000002   PAD
    0x080019dc   0x080019dc   0x0000001c   Code   RO         5656    i.HAL_CAN_RxFifo0MsgPendingCallback  can_drv.o
    0x080019f8   0x080019f8   0x00000002   Code   RO         3470    i.HAL_CAN_RxFifo1FullCallback  stm32f4xx_hal_can.o
    0x080019fa   0x080019fa   0x00000002   Code   RO         3471    i.HAL_CAN_RxFifo1MsgPendingCallback  stm32f4xx_hal_can.o
    0x080019fc   0x080019fc   0x00000002   Code   RO         3472    i.HAL_CAN_SleepCallback  stm32f4xx_hal_can.o
    0x080019fe   0x080019fe   0x00000002   PAD
    0x08001a00   0x08001a00   0x00000058   Code   RO         3473    i.HAL_CAN_Start     stm32f4xx_hal_can.o
    0x08001a58   0x08001a58   0x00000002   Code   RO         3475    i.HAL_CAN_TxMailbox0AbortCallback  stm32f4xx_hal_can.o
    0x08001a5a   0x08001a5a   0x00000002   Code   RO         3476    i.HAL_CAN_TxMailbox0CompleteCallback  stm32f4xx_hal_can.o
    0x08001a5c   0x08001a5c   0x00000002   Code   RO         3477    i.HAL_CAN_TxMailbox1AbortCallback  stm32f4xx_hal_can.o
    0x08001a5e   0x08001a5e   0x00000002   Code   RO         3478    i.HAL_CAN_TxMailbox1CompleteCallback  stm32f4xx_hal_can.o
    0x08001a60   0x08001a60   0x00000002   Code   RO         3479    i.HAL_CAN_TxMailbox2AbortCallback  stm32f4xx_hal_can.o
    0x08001a62   0x08001a62   0x00000002   Code   RO         3480    i.HAL_CAN_TxMailbox2CompleteCallback  stm32f4xx_hal_can.o
    0x08001a64   0x08001a64   0x00000002   Code   RO         3482    i.HAL_CAN_WakeUpFromRxMsgCallback  stm32f4xx_hal_can.o
    0x08001a66   0x08001a66   0x00000002   PAD
    0x08001a68   0x08001a68   0x000001a0   Code   RO         2764    i.HAL_DMA_IRQHandler  stm32f4xx_hal_dma.o
    0x08001c08   0x08001c08   0x000000d4   Code   RO         2765    i.HAL_DMA_Init      stm32f4xx_hal_dma.o
    0x08001cdc   0x08001cdc   0x00000024   Code   RO         3196    i.HAL_Delay         stm32f4xx_hal.o
    0x08001d00   0x08001d00   0x000001f0   Code   RO         2652    i.HAL_GPIO_Init     stm32f4xx_hal_gpio.o
    0x08001ef0   0x08001ef0   0x0000000a   Code   RO         2654    i.HAL_GPIO_ReadPin  stm32f4xx_hal_gpio.o
    0x08001efa   0x08001efa   0x0000000a   Code   RO         2656    i.HAL_GPIO_WritePin  stm32f4xx_hal_gpio.o
    0x08001f04   0x08001f04   0x0000000c   Code   RO         3202    i.HAL_GetTick       stm32f4xx_hal.o
    0x08001f10   0x08001f10   0x00000034   Code   RO         5768    i.HAL_IncTick       haltick_drv.o
    0x08001f44   0x08001f44   0x00000034   Code   RO         3209    i.HAL_Init          stm32f4xx_hal.o
    0x08001f78   0x08001f78   0x00000098   Code   RO          700    i.HAL_InitTick      stm32f4xx_hal_timebase_tim.o
    0x08002010   0x08002010   0x00000038   Code   RO          676    i.HAL_MspInit       stm32f4xx_hal_msp.o
    0x08002048   0x08002048   0x0000001a   Code   RO         3044    i.HAL_NVIC_EnableIRQ  stm32f4xx_hal_cortex.o
    0x08002062   0x08002062   0x00000002   PAD
    0x08002064   0x08002064   0x00000040   Code   RO         3050    i.HAL_NVIC_SetPriority  stm32f4xx_hal_cortex.o
    0x080020a4   0x080020a4   0x00000024   Code   RO         3051    i.HAL_NVIC_SetPriorityGrouping  stm32f4xx_hal_cortex.o
    0x080020c8   0x080020c8   0x00000002   Code   RO         1951    i.HAL_PCDEx_LPM_Callback  stm32f4xx_hal_pcd_ex.o
    0x080020ca   0x080020ca   0x00000008   Code   RO         1952    i.HAL_PCDEx_SetRxFiFo  stm32f4xx_hal_pcd_ex.o
    0x080020d2   0x080020d2   0x00000044   Code   RO         1953    i.HAL_PCDEx_SetTxFiFo  stm32f4xx_hal_pcd_ex.o
    0x08002116   0x08002116   0x00000008   Code   RO         7018    i.HAL_PCD_ConnectCallback  usbd_conf.o
    0x0800211e   0x0800211e   0x00000012   Code   RO         7019    i.HAL_PCD_DataInStageCallback  usbd_conf.o
    0x08002130   0x08002130   0x00000014   Code   RO         7020    i.HAL_PCD_DataOutStageCallback  usbd_conf.o
    0x08002144   0x08002144   0x00000008   Code   RO         7021    i.HAL_PCD_DisconnectCallback  usbd_conf.o
    0x0800214c   0x0800214c   0x0000001e   Code   RO         1721    i.HAL_PCD_EP_Abort  stm32f4xx_hal_pcd.o
    0x0800216a   0x0800216a   0x0000004a   Code   RO         1722    i.HAL_PCD_EP_Close  stm32f4xx_hal_pcd.o
    0x080021b4   0x080021b4   0x0000005a   Code   RO         1723    i.HAL_PCD_EP_ClrStall  stm32f4xx_hal_pcd.o
    0x0800220e   0x0800220e   0x00000012   Code   RO         1725    i.HAL_PCD_EP_GetRxCount  stm32f4xx_hal_pcd.o
    0x08002220   0x08002220   0x00000062   Code   RO         1726    i.HAL_PCD_EP_Open   stm32f4xx_hal_pcd.o
    0x08002282   0x08002282   0x00000038   Code   RO         1727    i.HAL_PCD_EP_Receive  stm32f4xx_hal_pcd.o
    0x080022ba   0x080022ba   0x00000072   Code   RO         1728    i.HAL_PCD_EP_SetStall  stm32f4xx_hal_pcd.o
    0x0800232c   0x0800232c   0x00000032   Code   RO         1729    i.HAL_PCD_EP_Transmit  stm32f4xx_hal_pcd.o
    0x0800235e   0x0800235e   0x00000002   PAD
    0x08002360   0x08002360   0x0000055c   Code   RO         1731    i.HAL_PCD_IRQHandler  stm32f4xx_hal_pcd.o
    0x080028bc   0x080028bc   0x00000008   Code   RO         7022    i.HAL_PCD_ISOINIncompleteCallback  usbd_conf.o
    0x080028c4   0x080028c4   0x00000008   Code   RO         7023    i.HAL_PCD_ISOOUTIncompleteCallback  usbd_conf.o
    0x080028cc   0x080028cc   0x000000cc   Code   RO         1734    i.HAL_PCD_Init      stm32f4xx_hal_pcd.o
    0x08002998   0x08002998   0x00000084   Code   RO         7025    i.HAL_PCD_MspInit   usbd_conf.o
    0x08002a1c   0x08002a1c   0x0000002c   Code   RO         7026    i.HAL_PCD_ResetCallback  usbd_conf.o
    0x08002a48   0x08002a48   0x00000008   Code   RO         7027    i.HAL_PCD_ResumeCallback  usbd_conf.o
    0x08002a50   0x08002a50   0x00000008   Code   RO         7028    i.HAL_PCD_SOFCallback  usbd_conf.o
    0x08002a58   0x08002a58   0x00000026   Code   RO         1740    i.HAL_PCD_SetAddress  stm32f4xx_hal_pcd.o
    0x08002a7e   0x08002a7e   0x0000000e   Code   RO         7029    i.HAL_PCD_SetupStageCallback  usbd_conf.o
    0x08002a8c   0x08002a8c   0x00000042   Code   RO         1743    i.HAL_PCD_Start     stm32f4xx_hal_pcd.o
    0x08002ace   0x08002ace   0x00000002   PAD
    0x08002ad0   0x08002ad0   0x00000030   Code   RO         7030    i.HAL_PCD_SuspendCallback  usbd_conf.o
    0x08002b00   0x08002b00   0x00000134   Code   RO         2298    i.HAL_RCC_ClockConfig  stm32f4xx_hal_rcc.o
    0x08002c34   0x08002c34   0x00000040   Code   RO         2302    i.HAL_RCC_GetClockConfig  stm32f4xx_hal_rcc.o
    0x08002c74   0x08002c74   0x0000000c   Code   RO         2303    i.HAL_RCC_GetHCLKFreq  stm32f4xx_hal_rcc.o
    0x08002c80   0x08002c80   0x00000020   Code   RO         2305    i.HAL_RCC_GetPCLK1Freq  stm32f4xx_hal_rcc.o
    0x08002ca0   0x08002ca0   0x00000064   Code   RO         2307    i.HAL_RCC_GetSysClockFreq  stm32f4xx_hal_rcc.o
    0x08002d04   0x08002d04   0x0000036c   Code   RO         2310    i.HAL_RCC_OscConfig  stm32f4xx_hal_rcc.o
    0x08003070   0x08003070   0x000000bc   Code   RO         3722    i.HAL_SPI_Init      stm32f4xx_hal_spi.o
    0x0800312c   0x0800312c   0x000000fc   Code   RO          493    i.HAL_SPI_MspInit   spi.o
    0x08003228   0x08003228   0x000001f0   Code   RO         3731    i.HAL_SPI_TransmitReceive  stm32f4xx_hal_spi.o
    0x08003418   0x08003418   0x00000002   Code   RO         1445    i.HAL_TIMEx_BreakCallback  stm32f4xx_hal_tim_ex.o
    0x0800341a   0x0800341a   0x00000002   Code   RO         1446    i.HAL_TIMEx_CommutCallback  stm32f4xx_hal_tim_ex.o
    0x0800341c   0x0800341c   0x00000090   Code   RO         1464    i.HAL_TIMEx_MasterConfigSynchronization  stm32f4xx_hal_tim_ex.o
    0x080034ac   0x080034ac   0x0000005a   Code   RO          741    i.HAL_TIM_Base_Init  stm32f4xx_hal_tim.o
    0x08003506   0x08003506   0x00000002   PAD
    0x08003508   0x08003508   0x00000028   Code   RO          535    i.HAL_TIM_Base_MspInit  tim.o
    0x08003530   0x08003530   0x00000080   Code   RO          746    i.HAL_TIM_Base_Start_IT  stm32f4xx_hal_tim.o
    0x080035b0   0x080035b0   0x000000dc   Code   RO          750    i.HAL_TIM_ConfigClockSource  stm32f4xx_hal_tim.o
    0x0800368c   0x0800368c   0x00000002   Code   RO          775    i.HAL_TIM_IC_CaptureCallback  stm32f4xx_hal_tim.o
    0x0800368e   0x0800368e   0x00000130   Code   RO          789    i.HAL_TIM_IRQHandler  stm32f4xx_hal_tim.o
    0x080037be   0x080037be   0x00000002   PAD
    0x080037c0   0x080037c0   0x00000054   Code   RO          536    i.HAL_TIM_MspPostInit  tim.o
    0x08003814   0x08003814   0x00000002   Code   RO          792    i.HAL_TIM_OC_DelayElapsedCallback  stm32f4xx_hal_tim.o
    0x08003816   0x08003816   0x000000cc   Code   RO          813    i.HAL_TIM_PWM_ConfigChannel  stm32f4xx_hal_tim.o
    0x080038e2   0x080038e2   0x0000005a   Code   RO          816    i.HAL_TIM_PWM_Init  stm32f4xx_hal_tim.o
    0x0800393c   0x0800393c   0x00000002   Code   RO          818    i.HAL_TIM_PWM_MspInit  stm32f4xx_hal_tim.o
    0x0800393e   0x0800393e   0x00000002   Code   RO          819    i.HAL_TIM_PWM_PulseFinishedCallback  stm32f4xx_hal_tim.o
    0x08003940   0x08003940   0x0000000e   Code   RO           14    i.HAL_TIM_PeriodElapsedCallback  main.o
    0x0800394e   0x0800394e   0x00000002   Code   RO          832    i.HAL_TIM_TriggerCallback  stm32f4xx_hal_tim.o
    0x08003950   0x08003950   0x000000f0   Code   RO         6753    i.H_K_R_Adjustment  kalman_filter.o
    0x08003a40   0x08003a40   0x00000002   Code   RO          588    i.HardFault_Handler  stm32f4xx_it.o
    0x08003a42   0x08003a42   0x00000002   PAD
    0x08003a44   0x08003a44   0x00000134   Code   RO         6300    i.IMU_QuaternionEKF_F_Linearization_P_Fading  bmi_ekf.o
    0x08003b78   0x08003b78   0x000000c8   Code   RO         6301    i.IMU_QuaternionEKF_Init  bmi_ekf.o
    0x08003c40   0x08003c40   0x00000034   Code   RO         6302    i.IMU_QuaternionEKF_Observe  bmi_ekf.o
    0x08003c74   0x08003c74   0x000000bc   Code   RO         6303    i.IMU_QuaternionEKF_SetH  bmi_ekf.o
    0x08003d30   0x08003d30   0x000003c4   Code   RO         6304    i.IMU_QuaternionEKF_Update  bmi_ekf.o
    0x080040f4   0x080040f4   0x00000398   Code   RO         6305    i.IMU_QuaternionEKF_xhatUpdate  bmi_ekf.o
    0x0800448c   0x0800448c   0x0000015c   Code   RO         6686    i.InitQuaternion    imu.o
    0x080045e8   0x080045e8   0x00000038   Code   RO         6875    i.IntToUnicode      usbd_desc.o
    0x08004620   0x08004620   0x0000032c   Code   RO         6754    i.Kalman_Filter_Init  kalman_filter.o
    0x0800494c   0x0800494c   0x0000003a   Code   RO         6755    i.Kalman_Filter_Measure  kalman_filter.o
    0x08004986   0x08004986   0x0000006a   Code   RO         6756    i.Kalman_Filter_P_Update  kalman_filter.o
    0x080049f0   0x080049f0   0x0000006c   Code   RO         6757    i.Kalman_Filter_PminusUpdate  kalman_filter.o
    0x08004a5c   0x08004a5c   0x000000cc   Code   RO         6758    i.Kalman_Filter_SetK  kalman_filter.o
    0x08004b28   0x08004b28   0x000000de   Code   RO         6759    i.Kalman_Filter_Update  kalman_filter.o
    0x08004c06   0x08004c06   0x00000074   Code   RO         6760    i.Kalman_Filter_xhatMinusUpdate  kalman_filter.o
    0x08004c7a   0x08004c7a   0x00000084   Code   RO         6761    i.Kalman_Filter_xhatUpdate  kalman_filter.o
    0x08004cfe   0x08004cfe   0x0000000a   Code   RO         5890    i.Lowpass           math_support.o
    0x08004d08   0x08004d08   0x00000048   Code   RO          391    i.MX_CAN1_Init      can.o
    0x08004d50   0x08004d50   0x00000048   Code   RO          392    i.MX_CAN2_Init      can.o
    0x08004d98   0x08004d98   0x0000003c   Code   RO          438    i.MX_DMA_Init       dma.o
    0x08004dd4   0x08004dd4   0x00000054   Code   RO          339    i.MX_FREERTOS_Init  freertos.o
    0x08004e28   0x08004e28   0x000000fc   Code   RO          315    i.MX_GPIO_Init      gpio.o
    0x08004f24   0x08004f24   0x00000048   Code   RO          494    i.MX_SPI1_Init      spi.o
    0x08004f6c   0x08004f6c   0x0000009c   Code   RO          537    i.MX_TIM4_Init      tim.o
    0x08005008   0x08005008   0x00000054   Code   RO         6827    i.MX_USB_DEVICE_Init  usb_device.o
    0x0800505c   0x0800505c   0x00000002   Code   RO          589    i.MemManage_Handler  stm32f4xx_it.o
    0x0800505e   0x0800505e   0x00000002   Code   RO          590    i.NMI_Handler       stm32f4xx_it.o
    0x08005060   0x08005060   0x0000000c   Code   RO          591    i.OTG_FS_IRQHandler  stm32f4xx_it.o
    0x0800506c   0x0800506c   0x000000cc   Code   RO         1747    i.PCD_EP_OutXfrComplete_int  stm32f4xx_hal_pcd.o
    0x08005138   0x08005138   0x000000a2   Code   RO         1748    i.PCD_WriteEmptyTxFifo  stm32f4xx_hal_pcd.o
    0x080051da   0x080051da   0x00000002   PAD
    0x080051dc   0x080051dc   0x00000054   Code   RO         6035    i.Robot_Buzzer_Ctrl  module.o
    0x08005230   0x08005230   0x00000188   Code   RO         6036    i.Robot_Decision_Set  module.o
    0x080053b8   0x080053b8   0x00000032   Code   RO         6037    i.Robot_Find_Heartbeat  module.o
    0x080053ea   0x080053ea   0x00000002   PAD
    0x080053ec   0x080053ec   0x000000d0   Code   RO         6038    i.Robot_Find_Target  module.o
    0x080054bc   0x080054bc   0x00000010   Code   RO         6039    i.Robot_Init        module.o
    0x080054cc   0x080054cc   0x00000028   Code   RO         6040    i.Robot_State_Update  module.o
    0x080054f4   0x080054f4   0x000000c0   Code   RO         6041    i.Robot_Vision_Ctrl  module.o
    0x080055b4   0x080055b4   0x0000006c   Code   RO         3760    i.SPI_EndRxTxTransaction  stm32f4xx_hal_spi.o
    0x08005620   0x08005620   0x000000bc   Code   RO         3765    i.SPI_WaitFlagStateUntilTimeout  stm32f4xx_hal_spi.o
    0x080056dc   0x080056dc   0x0000000a   Code   RO         7384    i.SWAPBYTE          usbd_ctlreq.o
    0x080056e6   0x080056e6   0x00000002   PAD
    0x080056e8   0x080056e8   0x000000a0   Code   RO         6203    i.StartControlTask  control_task.o
    0x08005788   0x08005788   0x0000003c   Code   RO         6244    i.StartMonitorTask  monitor_task.o
    0x080057c4   0x080057c4   0x00000014   Code   RO         6272    i.StartSystemTask   system_task.o
    0x080057d8   0x080057d8   0x0000002c   Code   RO         5289    i.SysTick_Handler   port.o
    0x08005804   0x08005804   0x0000009c   Code   RO           15    i.SystemClock_Config  main.o
    0x080058a0   0x080058a0   0x00000010   Code   RO         4034    i.SystemInit        system_stm32f4xx.o
    0x080058b0   0x080058b0   0x0000000c   Code   RO          592    i.TIM2_IRQHandler   stm32f4xx_it.o
    0x080058bc   0x080058bc   0x000000d0   Code   RO          834    i.TIM_Base_SetConfig  stm32f4xx_hal_tim.o
    0x0800598c   0x0800598c   0x00000014   Code   RO          845    i.TIM_ETR_SetConfig  stm32f4xx_hal_tim.o
    0x080059a0   0x080059a0   0x00000010   Code   RO          846    i.TIM_ITRx_SetConfig  stm32f4xx_hal_tim.o
    0x080059b0   0x080059b0   0x00000060   Code   RO          847    i.TIM_OC1_SetConfig  stm32f4xx_hal_tim.o
    0x08005a10   0x08005a10   0x0000006c   Code   RO          848    i.TIM_OC2_SetConfig  stm32f4xx_hal_tim.o
    0x08005a7c   0x08005a7c   0x00000068   Code   RO          849    i.TIM_OC3_SetConfig  stm32f4xx_hal_tim.o
    0x08005ae4   0x08005ae4   0x00000050   Code   RO          850    i.TIM_OC4_SetConfig  stm32f4xx_hal_tim.o
    0x08005b34   0x08005b34   0x00000022   Code   RO          852    i.TIM_TI1_ConfigInputStage  stm32f4xx_hal_tim.o
    0x08005b56   0x08005b56   0x00000024   Code   RO          854    i.TIM_TI2_ConfigInputStage  stm32f4xx_hal_tim.o
    0x08005b7a   0x08005b7a   0x00000076   Code   RO         7522    i.USBD_CDC_DataIn   usbd_cdc.o
    0x08005bf0   0x08005bf0   0x0000003c   Code   RO         7523    i.USBD_CDC_DataOut  usbd_cdc.o
    0x08005c2c   0x08005c2c   0x00000094   Code   RO         7524    i.USBD_CDC_DeInit   usbd_cdc.o
    0x08005cc0   0x08005cc0   0x00000036   Code   RO         7525    i.USBD_CDC_EP0_RxReady  usbd_cdc.o
    0x08005cf6   0x08005cf6   0x00000002   PAD
    0x08005cf8   0x08005cf8   0x0000000c   Code   RO         7526    i.USBD_CDC_GetDeviceQualifierDescriptor  usbd_cdc.o
    0x08005d04   0x08005d04   0x0000003c   Code   RO         7527    i.USBD_CDC_GetFSCfgDesc  usbd_cdc.o
    0x08005d40   0x08005d40   0x00000040   Code   RO         7528    i.USBD_CDC_GetHSCfgDesc  usbd_cdc.o
    0x08005d80   0x08005d80   0x0000003c   Code   RO         7529    i.USBD_CDC_GetOtherSpeedCfgDesc  usbd_cdc.o
    0x08005dbc   0x08005dbc   0x00000120   Code   RO         7530    i.USBD_CDC_Init     usbd_cdc.o
    0x08005edc   0x08005edc   0x00000038   Code   RO         7531    i.USBD_CDC_ReceivePacket  usbd_cdc.o
    0x08005f14   0x08005f14   0x00000016   Code   RO         7532    i.USBD_CDC_RegisterInterface  usbd_cdc.o
    0x08005f2a   0x08005f2a   0x0000001a   Code   RO         7533    i.USBD_CDC_SetRxBuffer  usbd_cdc.o
    0x08005f44   0x08005f44   0x0000001e   Code   RO         7534    i.USBD_CDC_SetTxBuffer  usbd_cdc.o
    0x08005f62   0x08005f62   0x000000d4   Code   RO         7535    i.USBD_CDC_Setup    usbd_cdc.o
    0x08006036   0x08006036   0x00000002   PAD
    0x08006038   0x08006038   0x00000050   Code   RO         7536    i.USBD_CDC_TransmitPacket  usbd_cdc.o
    0x08006088   0x08006088   0x00000014   Code   RO         7225    i.USBD_ClrClassConfig  usbd_core.o
    0x0800609c   0x0800609c   0x00000004   Code   RO         7226    i.USBD_CoreFindEP   usbd_core.o
    0x080060a0   0x080060a0   0x00000004   Code   RO         7227    i.USBD_CoreFindIF   usbd_core.o
    0x080060a4   0x080060a4   0x00000010   Code   RO         7462    i.USBD_CtlContinueRx  usbd_ioreq.o
    0x080060b4   0x080060b4   0x00000010   Code   RO         7463    i.USBD_CtlContinueSendData  usbd_ioreq.o
    0x080060c4   0x080060c4   0x00000016   Code   RO         7385    i.USBD_CtlError     usbd_ctlreq.o
    0x080060da   0x080060da   0x00000022   Code   RO         7464    i.USBD_CtlPrepareRx  usbd_ioreq.o
    0x080060fc   0x080060fc   0x00000016   Code   RO         7465    i.USBD_CtlReceiveStatus  usbd_ioreq.o
    0x08006112   0x08006112   0x0000001c   Code   RO         7466    i.USBD_CtlSendData  usbd_ioreq.o
    0x0800612e   0x0800612e   0x00000016   Code   RO         7467    i.USBD_CtlSendStatus  usbd_ioreq.o
    0x08006144   0x08006144   0x00000020   Code   RO         6876    i.USBD_FS_ConfigStrDescriptor  usbd_desc.o
    0x08006164   0x08006164   0x0000000c   Code   RO         6877    i.USBD_FS_DeviceDescriptor  usbd_desc.o
    0x08006170   0x08006170   0x00000024   Code   RO         6878    i.USBD_FS_InterfaceStrDescriptor  usbd_desc.o
    0x08006194   0x08006194   0x0000000c   Code   RO         6879    i.USBD_FS_LangIDStrDescriptor  usbd_desc.o
    0x080061a0   0x080061a0   0x00000028   Code   RO         6880    i.USBD_FS_ManufacturerStrDescriptor  usbd_desc.o
    0x080061c8   0x080061c8   0x0000002c   Code   RO         6881    i.USBD_FS_ProductStrDescriptor  usbd_desc.o
    0x080061f4   0x080061f4   0x00000038   Code   RO         6882    i.USBD_FS_SerialStrDescriptor  usbd_desc.o
    0x0800622c   0x0800622c   0x000000e6   Code   RO         7386    i.USBD_GetDescriptor  usbd_ctlreq.o
    0x08006312   0x08006312   0x0000003a   Code   RO         7229    i.USBD_GetEpDesc    usbd_core.o
    0x0800634c   0x0800634c   0x00000014   Code   RO         7387    i.USBD_GetLen       usbd_ctlreq.o
    0x08006360   0x08006360   0x0000000e   Code   RO         7230    i.USBD_GetNextDesc  usbd_core.o
    0x0800636e   0x0800636e   0x0000004e   Code   RO         7388    i.USBD_GetString    usbd_ctlreq.o
    0x080063bc   0x080063bc   0x00000018   Code   RO         7031    i.USBD_Get_USB_Status  usbd_conf.o
    0x080063d4   0x080063d4   0x00000026   Code   RO         7231    i.USBD_Init         usbd_core.o
    0x080063fa   0x080063fa   0x00000012   Code   RO         7032    i.USBD_LL_ClearStallEP  usbd_conf.o
    0x0800640c   0x0800640c   0x00000012   Code   RO         7033    i.USBD_LL_CloseEP   usbd_conf.o
    0x0800641e   0x0800641e   0x000000b8   Code   RO         7232    i.USBD_LL_DataInStage  usbd_core.o
    0x080064d6   0x080064d6   0x00000094   Code   RO         7233    i.USBD_LL_DataOutStage  usbd_core.o
    0x0800656a   0x0800656a   0x00000004   Code   RO         7234    i.USBD_LL_DevConnected  usbd_core.o
    0x0800656e   0x0800656e   0x0000001e   Code   RO         7235    i.USBD_LL_DevDisconnected  usbd_core.o
    0x0800658c   0x0800658c   0x00000008   Code   RO         7037    i.USBD_LL_GetRxDataSize  usbd_conf.o
    0x08006594   0x08006594   0x00000060   Code   RO         7038    i.USBD_LL_Init      usbd_conf.o
    0x080065f4   0x080065f4   0x0000001e   Code   RO         7039    i.USBD_LL_IsStallEP  usbd_conf.o
    0x08006612   0x08006612   0x00000028   Code   RO         7236    i.USBD_LL_IsoINIncomplete  usbd_core.o
    0x0800663a   0x0800663a   0x00000028   Code   RO         7237    i.USBD_LL_IsoOUTIncomplete  usbd_core.o
    0x08006662   0x08006662   0x00000018   Code   RO         7040    i.USBD_LL_OpenEP    usbd_conf.o
    0x0800667a   0x0800667a   0x00000012   Code   RO         7041    i.USBD_LL_PrepareReceive  usbd_conf.o
    0x0800668c   0x0800668c   0x0000005e   Code   RO         7238    i.USBD_LL_Reset     usbd_core.o
    0x080066ea   0x080066ea   0x00000014   Code   RO         7239    i.USBD_LL_Resume    usbd_core.o
    0x080066fe   0x080066fe   0x0000001a   Code   RO         7240    i.USBD_LL_SOF       usbd_core.o
    0x08006718   0x08006718   0x00000006   Code   RO         7241    i.USBD_LL_SetSpeed  usbd_core.o
    0x0800671e   0x0800671e   0x00000012   Code   RO         7042    i.USBD_LL_SetUSBAddress  usbd_conf.o
    0x08006730   0x08006730   0x00000060   Code   RO         7242    i.USBD_LL_SetupStage  usbd_core.o
    0x08006790   0x08006790   0x00000012   Code   RO         7043    i.USBD_LL_StallEP   usbd_conf.o
    0x080067a2   0x080067a2   0x00000012   Code   RO         7044    i.USBD_LL_Start     usbd_conf.o
    0x080067b4   0x080067b4   0x0000001a   Code   RO         7243    i.USBD_LL_Suspend   usbd_core.o
    0x080067ce   0x080067ce   0x00000012   Code   RO         7046    i.USBD_LL_Transmit  usbd_conf.o
    0x080067e0   0x080067e0   0x0000002c   Code   RO         7389    i.USBD_ParseSetupRequest  usbd_ctlreq.o
    0x0800680c   0x0800680c   0x0000003a   Code   RO         7244    i.USBD_RegisterClass  usbd_core.o
    0x08006846   0x08006846   0x00000014   Code   RO         7246    i.USBD_SetClassConfig  usbd_core.o
    0x0800685a   0x0800685a   0x00000002   PAD
    0x0800685c   0x0800685c   0x000000b8   Code   RO         7390    i.USBD_SetConfig    usbd_ctlreq.o
    0x08006914   0x08006914   0x00000004   Code   RO         7247    i.USBD_Start        usbd_core.o
    0x08006918   0x08006918   0x0000012c   Code   RO         7391    i.USBD_StdDevReq    usbd_ctlreq.o
    0x08006a44   0x08006a44   0x00000166   Code   RO         7392    i.USBD_StdEPReq     usbd_ctlreq.o
    0x08006baa   0x08006baa   0x00000072   Code   RO         7393    i.USBD_StdItfReq    usbd_ctlreq.o
    0x08006c1c   0x08006c1c   0x00000002   Code   RO         7047    i.USBD_static_free  usbd_conf.o
    0x08006c1e   0x08006c1e   0x00000002   PAD
    0x08006c20   0x08006c20   0x00000008   Code   RO         7048    i.USBD_static_malloc  usbd_conf.o
    0x08006c28   0x08006c28   0x00000080   Code   RO         1993    i.USB_ActivateEndpoint  stm32f4xx_ll_usb.o
    0x08006ca8   0x08006ca8   0x0000001c   Code   RO         1995    i.USB_ActivateSetup  stm32f4xx_ll_usb.o
    0x08006cc4   0x08006cc4   0x00000084   Code   RO         1997    i.USB_CoreInit      stm32f4xx_ll_usb.o
    0x08006d48   0x08006d48   0x00000044   Code   RO         1998    i.USB_CoreReset     stm32f4xx_ll_usb.o
    0x08006d8c   0x08006d8c   0x000000cc   Code   RO         2001    i.USB_DeactivateEndpoint  stm32f4xx_ll_usb.o
    0x08006e58   0x08006e58   0x0000001c   Code   RO         2002    i.USB_DevConnect    stm32f4xx_ll_usb.o
    0x08006e74   0x08006e74   0x0000001c   Code   RO         2003    i.USB_DevDisconnect  stm32f4xx_ll_usb.o
    0x08006e90   0x08006e90   0x0000017c   Code   RO         2004    i.USB_DevInit       stm32f4xx_ll_usb.o
    0x0800700c   0x0800700c   0x0000000c   Code   RO         2005    i.USB_DisableGlobalInt  stm32f4xx_ll_usb.o
    0x08007018   0x08007018   0x00000058   Code   RO         2008    i.USB_EP0_OutStart  stm32f4xx_ll_usb.o
    0x08007070   0x08007070   0x00000058   Code   RO         2009    i.USB_EPClearStall  stm32f4xx_ll_usb.o
    0x080070c8   0x080070c8   0x00000058   Code   RO         2010    i.USB_EPSetStall    stm32f4xx_ll_usb.o
    0x08007120   0x08007120   0x00000238   Code   RO         2011    i.USB_EPStartXfer   stm32f4xx_ll_usb.o
    0x08007358   0x08007358   0x0000009e   Code   RO         2012    i.USB_EPStopXfer    stm32f4xx_ll_usb.o
    0x080073f6   0x080073f6   0x0000000c   Code   RO         2013    i.USB_EnableGlobalInt  stm32f4xx_ll_usb.o
    0x08007402   0x08007402   0x00000038   Code   RO         2014    i.USB_FlushRxFifo   stm32f4xx_ll_usb.o
    0x0800743a   0x0800743a   0x0000003c   Code   RO         2015    i.USB_FlushTxFifo   stm32f4xx_ll_usb.o
    0x08007476   0x08007476   0x0000001a   Code   RO         2017    i.USB_GetDevSpeed   stm32f4xx_ll_usb.o
    0x08007490   0x08007490   0x00000008   Code   RO         2019    i.USB_GetMode       stm32f4xx_ll_usb.o
    0x08007498   0x08007498   0x0000000e   Code   RO         2027    i.USB_ReadDevAllInEpInterrupt  stm32f4xx_ll_usb.o
    0x080074a6   0x080074a6   0x0000000e   Code   RO         2028    i.USB_ReadDevAllOutEpInterrupt  stm32f4xx_ll_usb.o
    0x080074b4   0x080074b4   0x00000024   Code   RO         2029    i.USB_ReadDevInEPInterrupt  stm32f4xx_ll_usb.o
    0x080074d8   0x080074d8   0x00000010   Code   RO         2030    i.USB_ReadDevOutEPInterrupt  stm32f4xx_ll_usb.o
    0x080074e8   0x080074e8   0x00000008   Code   RO         2031    i.USB_ReadInterrupts  stm32f4xx_ll_usb.o
    0x080074f0   0x080074f0   0x0000003e   Code   RO         2032    i.USB_ReadPacket    stm32f4xx_ll_usb.o
    0x0800752e   0x0800752e   0x0000005c   Code   RO         2034    i.USB_SetCurrentMode  stm32f4xx_ll_usb.o
    0x0800758a   0x0800758a   0x00000022   Code   RO         2035    i.USB_SetDevAddress  stm32f4xx_ll_usb.o
    0x080075ac   0x080075ac   0x000000e8   Code   RO         2037    i.USB_SetTurnaroundTime  stm32f4xx_ll_usb.o
    0x08007694   0x08007694   0x00000028   Code   RO         2040    i.USB_WritePacket   stm32f4xx_ll_usb.o
    0x080076bc   0x080076bc   0x00000002   Code   RO          593    i.UsageFault_Handler  stm32f4xx_it.o
    0x080076be   0x080076be   0x00000002   PAD
    0x080076c0   0x080076c0   0x000000a4   Code   RO         6306    i.Vector_Transform  bmi_ekf.o
    0x08007764   0x08007764   0x00000020   Code   RO         3057    i.__NVIC_SetPriority  stm32f4xx_hal_cortex.o
    0x08007784   0x08007784   0x00000118   Code   RO        14251    i.__hardfp_acosf    m_wm.l(acosf.o)
    0x0800789c   0x0800789c   0x0000003a   Code   RO        14375    i.__hardfp_sqrtf    m_wm.l(sqrtf.o)
    0x080078d6   0x080078d6   0x00000006   Code   RO        14443    i.__mathlib_flt_infnan  m_wm.l(funder.o)
    0x080078dc   0x080078dc   0x00000010   Code   RO        14445    i.__mathlib_flt_invalid  m_wm.l(funder.o)
    0x080078ec   0x080078ec   0x0000021c   Code   RO         9224    i.arm_atan2_f32     fastmathfunctions.o
    0x08007b08   0x08007b08   0x00000084   Code   RO         9227    i.arm_cos_f32       fastmathfunctions.o
    0x08007b8c   0x08007b8c   0x0000002a   Code   RO        10620    i.arm_mat_add_f32   matrixfunctions.o
    0x08007bb6   0x08007bb6   0x00000008   Code   RO        10631    i.arm_mat_init_f32  matrixfunctions.o
    0x08007bbe   0x08007bbe   0x00000002   PAD
    0x08007bc0   0x08007bc0   0x000002b8   Code   RO        10635    i.arm_mat_inverse_f32  matrixfunctions.o
    0x08007e78   0x08007e78   0x00000074   Code   RO        10639    i.arm_mat_mult_f32  matrixfunctions.o
    0x08007eec   0x08007eec   0x0000002a   Code   RO        10656    i.arm_mat_sub_f32   matrixfunctions.o
    0x08007f16   0x08007f16   0x00000002   PAD
    0x08007f18   0x08007f18   0x00000034   Code   RO        10660    i.arm_mat_trans_f32  matrixfunctions.o
    0x08007f4c   0x08007f4c   0x00000076   Code   RO        11168    i.arm_quaternion_normalize_f32  quaternionmathfunctions.o
    0x08007fc2   0x08007fc2   0x00000002   PAD
    0x08007fc4   0x08007fc4   0x00000080   Code   RO         9232    i.arm_sin_f32       fastmathfunctions.o
    0x08008044   0x08008044   0x00000024   Code   RO         5857    i.ave_fil_init      ave_filter.o
    0x08008068   0x08008068   0x00000090   Code   RO         5858    i.ave_fil_update    ave_filter.o
    0x080080f8   0x080080f8   0x00000110   Code   RO         6467    i.bmi088_accel_init  bmi088driver.o
    0x08008208   0x08008208   0x000000dc   Code   RO         6468    i.bmi088_gyro_init  bmi088driver.o
    0x080082e4   0x080082e4   0x00000024   Code   RO         6615    i.bmi2_micros       bmi088middleware.o
    0x08008308   0x08008308   0x00000022   Code   RO         5416    i.can_rx_buff       motor.o
    0x0800832a   0x0800832a   0x00000002   PAD
    0x0800832c   0x0800832c   0x0000004c   Code   RO         6105    i.clean_motor_err   can_protocol.o
    0x08008378   0x08008378   0x00000016   Code   RO         5769    i.delay_ms          haltick_drv.o
    0x0800838e   0x0800838e   0x00000002   PAD
    0x08008390   0x08008390   0x00000018   Code   RO         5770    i.delay_us          haltick_drv.o
    0x080083a8   0x080083a8   0x00000084   Code   RO         6106    i.dm_motor_data     can_protocol.o
    0x0800842c   0x0800842c   0x0000004c   Code   RO         6107    i.enable_motor_mode  can_protocol.o
    0x08008478   0x08008478   0x0000005a   Code   RO         5891    i.float_to_int16    math_support.o
    0x080084d2   0x080084d2   0x000000ac   Code   RO         5417    i.get_rm_info       motor.o
    0x0800857e   0x0800857e   0x00000020   Code   RO         6687    i.imu_heart_beat    imu.o
    0x0800859e   0x0800859e   0x00000002   PAD
    0x080085a0   0x080085a0   0x000000c4   Code   RO         6688    i.imu_init          imu.o
    0x08008664   0x08008664   0x0000039c   Code   RO         6689    i.imu_update        imu.o
    0x08008a00   0x08008a00   0x00000036   Code   RO           16    i.main              main.o
    0x08008a36   0x08008a36   0x0000000c   Code   RO         4854    i.makeFreeRtosPriority  cmsis_os.o
    0x08008a42   0x08008a42   0x00000002   PAD
    0x08008a44   0x08008a44   0x00000028   Code   RO         5771    i.micros            haltick_drv.o
    0x08008a6c   0x08008a6c   0x00000074   Code   RO         6108    i.mit_ctrl          can_protocol.o
    0x08008ae0   0x08008ae0   0x0000003a   Code   RO         5418    i.motor_class_heartbeat  motor.o
    0x08008b1a   0x08008b1a   0x0000004e   Code   RO         5419    i.motor_class_idling_flag  motor.o
    0x08008b68   0x08008b68   0x000000a0   Code   RO         5420    i.motor_class_init  motor.o
    0x08008c08   0x08008c08   0x00000074   Code   RO         5421    i.motor_class_pid_init  motor.o
    0x08008c7c   0x08008c7c   0x000000b0   Code   RO         5422    i.motor_class_stucking_flag  motor.o
    0x08008d2c   0x08008d2c   0x0000003c   Code   RO         5423    i.motor_half_cycle  motor.o
    0x08008d68   0x08008d68   0x00000060   Code   RO         5424    i.motor_judge_dir   motor.o
    0x08008dc8   0x08008dc8   0x00000090   Code   RO         5425    i.motor_offset      motor.o
    0x08008e58   0x08008e58   0x0000003c   Code   RO         5426    i.motor_pid_angle   motor.o
    0x08008e94   0x08008e94   0x00000118   Code   RO         5427    i.motor_pid_cal     motor.o
    0x08008fac   0x08008fac   0x0000013c   Code   RO         5428    i.motor_pid_ctrl    motor.o
    0x080090e8   0x080090e8   0x00000008   Code   RO         5429    i.motor_pid_double  motor.o
    0x080090f0   0x080090f0   0x00000024   Code   RO         5430    i.motor_pid_err     motor.o
    0x08009114   0x08009114   0x00000044   Code   RO         5431    i.motor_pid_position  motor.o
    0x08009158   0x08009158   0x00000014   Code   RO         5432    i.motor_pid_single  motor.o
    0x0800916c   0x0800916c   0x00000044   Code   RO         5433    i.motor_pid_speed   motor.o
    0x080091b0   0x080091b0   0x0000000e   Code   RO         4856    i.osDelay           cmsis_os.o
    0x080091be   0x080091be   0x0000000a   Code   RO         4859    i.osKernelStart     cmsis_os.o
    0x080091c8   0x080091c8   0x00000054   Code   RO         4893    i.osThreadCreate    cmsis_os.o
    0x0800921c   0x0800921c   0x00000070   Code   RO         4536    i.prvAddCurrentTaskToDelayedList  tasks.o
    0x0800928c   0x0800928c   0x000000d0   Code   RO         4537    i.prvAddNewTaskToReadyList  tasks.o
    0x0800935c   0x0800935c   0x00000034   Code   RO         4538    i.prvDeleteTCB      tasks.o
    0x08009390   0x08009390   0x0000004c   Code   RO         5221    i.prvHeapInit       heap_4.o
    0x080093dc   0x080093dc   0x00000060   Code   RO         4539    i.prvIdleTask       tasks.o
    0x0800943c   0x0800943c   0x00000098   Code   RO         4540    i.prvInitialiseNewTask  tasks.o
    0x080094d4   0x080094d4   0x0000004c   Code   RO         5222    i.prvInsertBlockIntoFreeList  heap_4.o
    0x08009520   0x08009520   0x00000020   Code   RO         4541    i.prvResetNextTaskUnblockTime  tasks.o
    0x08009540   0x08009540   0x00000028   Code   RO         5290    i.prvTaskExitError  port.o
    0x08009568   0x08009568   0x000000dc   Code   RO         5223    i.pvPortMalloc      heap_4.o
    0x08009644   0x08009644   0x0000002c   Code   RO         5291    i.pxPortInitialiseStack  port.o
    0x08009670   0x08009670   0x000000d4   Code   RO         5934    i.single_pid_cal    my_pid.o
    0x08009744   0x08009744   0x0000003e   Code   RO        14377    i.sqrtf             m_wm.l(sqrtf.o)
    0x08009782   0x08009782   0x00000002   PAD
    0x08009784   0x08009784   0x000001f0   Code   RO         6307    i.transform_init    bmi_ekf.o
    0x08009974   0x08009974   0x00000028   Code   RO         6109    i.uint_to_float     can_protocol.o
    0x0800999c   0x0800999c   0x00000026   Code   RO         4172    i.uxListRemove      list.o
    0x080099c2   0x080099c2   0x00000002   PAD
    0x080099c4   0x080099c4   0x00000014   Code   RO          341    i.vApplicationGetIdleTaskMemory  freertos.o
    0x080099d8   0x080099d8   0x00000016   Code   RO         4173    i.vListInitialise   list.o
    0x080099ee   0x080099ee   0x00000006   Code   RO         4174    i.vListInitialiseItem  list.o
    0x080099f4   0x080099f4   0x00000030   Code   RO         4175    i.vListInsert       list.o
    0x08009a24   0x08009a24   0x00000018   Code   RO         4176    i.vListInsertEnd    list.o
    0x08009a3c   0x08009a3c   0x00000040   Code   RO         5293    i.vPortEnterCritical  port.o
    0x08009a7c   0x08009a7c   0x00000028   Code   RO         5294    i.vPortExitCritical  port.o
    0x08009aa4   0x08009aa4   0x00000064   Code   RO         5224    i.vPortFree         heap_4.o
    0x08009b08   0x08009b08   0x00000024   Code   RO         5295    i.vPortSetupTimerInterrupt  port.o
    0x08009b2c   0x08009b2c   0x0000004c   Code   RO         4550    i.vTaskDelay        tasks.o
    0x08009b78   0x08009b78   0x0000006c   Code   RO         4563    i.vTaskStartScheduler  tasks.o
    0x08009be4   0x08009be4   0x00000010   Code   RO         4565    i.vTaskSuspendAll   tasks.o
    0x08009bf4   0x08009bf4   0x0000005c   Code   RO         4566    i.vTaskSwitchContext  tasks.o
    0x08009c50   0x08009c50   0x00000028   Code   RO         5546    i.vision_check      vision.o
    0x08009c78   0x08009c78   0x00000024   Code   RO         5547    i.vision_heartbeat  vision.o
    0x08009c9c   0x08009c9c   0x00000014   Code   RO         5548    i.vision_init       vision.o
    0x08009cb0   0x08009cb0   0x00000030   Code   RO         5549    i.vision_send_data  vision.o
    0x08009ce0   0x08009ce0   0x00000014   Code   RO         5550    i.vision_update     vision.o
    0x08009cf4   0x08009cf4   0x000000f4   Code   RO         5297    i.xPortStartScheduler  port.o
    0x08009de8   0x08009de8   0x0000005a   Code   RO         4569    i.xTaskCreate       tasks.o
    0x08009e42   0x08009e42   0x00000056   Code   RO         4570    i.xTaskCreateStatic  tasks.o
    0x08009e98   0x08009e98   0x000000cc   Code   RO         4577    i.xTaskIncrementTick  tasks.o
    0x08009f64   0x08009f64   0x000000c4   Code   RO         4583    i.xTaskResumeAll    tasks.o
    0x0800a028   0x0800a028   0x00000062   Code   RO        14211    x$fpl$d2f           fz_wm.l(d2f.o)
    0x0800a08a   0x0800a08a   0x00000002   PAD
    0x0800a08c   0x0800a08c   0x000002b0   Code   RO        14220    x$fpl$ddiv          fz_wm.l(ddiv.o)
    0x0800a33c   0x0800a33c   0x00000154   Code   RO        14241    x$fpl$dmul          fz_wm.l(dmul.o)
    0x0800a490   0x0800a490   0x0000009c   Code   RO        14408    x$fpl$dnaninf       fz_wm.l(dnaninf.o)
    0x0800a52c   0x0800a52c   0x0000000c   Code   RO        14410    x$fpl$dretinf       fz_wm.l(dretinf.o)
    0x0800a538   0x0800a538   0x00000056   Code   RO        14245    x$fpl$f2d           fz_wm.l(f2d.o)
    0x0800a58e   0x0800a58e   0x0000008c   Code   RO        14414    x$fpl$fnaninf       fz_wm.l(fnaninf.o)
    0x0800a61a   0x0800a61a   0x0000000a   Code   RO        14580    x$fpl$fpinit        fz_wm.l(fpinit.o)
    0x0800a624   0x0800a624   0x0000000a   Code   RO        14416    x$fpl$fretinf       fz_wm.l(fretinf.o)
    0x0800a62e   0x0800a62e   0x00000000   Code   RO        14420    x$fpl$usenofp       fz_wm.l(usenofp.o)
    0x0800a62e   0x0800a62e   0x00000002   PAD
    0x0800a630   0x0800a630   0x00000054   Data   RO          343    .constdata          freertos.o
    0x0800a684   0x0800a684   0x00000008   Data   RO         2771    .constdata          stm32f4xx_hal_dma.o
    0x0800a68c   0x0800a68c   0x00000010   Data   RO         4035    .constdata          system_stm32f4xx.o
    0x0800a69c   0x0800a69c   0x00000008   Data   RO         4036    .constdata          system_stm32f4xx.o
    0x0800a6a4   0x0800a6a4   0x00000090   Data   RO         6309    .constdata          bmi_ekf.o
    0x0800a734   0x0800a734   0x00000804   Data   RO         8403    .constdata          commontables.o
    0x0800af38   0x0800af38   0x00000070   Data   RO         9243    .constdata          fastmathfunctions.o
    0x0800afa8   0x0800afa8   0x00000018   Data   RO          344    .conststring        freertos.o
    0x0800afc0   0x0800afc0   0x00000020   Data   RO        14638    Region$$Table       anon$$obj.o


    Execution Region RW_IRAM1 (Exec base: 0x20000000, Load base: 0x0800afe0, Size: 0x00007378, Max: 0x0001c000, ABSOLUTE, COMPRESSED[0x000001dc])

    Exec Addr    Load Addr    Size         Type   Attr      Idx    E Section Name        Object

    0x20000000   COMPRESSED   0x0000000c   Data   RW          345    .data               freertos.o
    0x2000000c   COMPRESSED   0x00000004   Data   RW          394    .data               can.o
    0x20000010   COMPRESSED   0x0000000c   Data   RW         3216    .data               stm32f4xx_hal.o
    0x2000001c   COMPRESSED   0x00000004   Data   RW         4037    .data               system_stm32f4xx.o
    0x20000020   COMPRESSED   0x0000003c   Data   RW         4586    .data               tasks.o
    0x2000005c   COMPRESSED   0x00000020   Data   RW         5230    .data               heap_4.o
    0x2000007c   COMPRESSED   0x0000000c   Data   RW         5298    .data               port.o
    0x20000088   COMPRESSED   0x00000070   Data   RW         5369    .data               device.o
    0x200000f8   COMPRESSED   0x000005b0   Data   RW         5434    .data               motor.o
    0x200006a8   COMPRESSED   0x0000000f   Data   RW         5552    .data               vision.o
    0x200006b7   COMPRESSED   0x00000001   PAD
    0x200006b8   COMPRESSED   0x00000018   Data   RW         5553    .data               vision.o
    0x200006d0   COMPRESSED   0x00000018   Data   RW         5554    .data               vision.o
    0x200006e8   COMPRESSED   0x00000008   Data   RW         5607    .data               ctrl_down.o
    0x200006f0   COMPRESSED   0x00000030   Data   RW         5608    .data               ctrl_down.o
    0x20000720   COMPRESSED   0x00000004   Data   RW         5772    .data               haltick_drv.o
    0x20000724   COMPRESSED   0x0000000c   Data   RW         5975    .data               gimbal.o
    0x20000730   COMPRESSED   0x00000010   Data   RW         5976    .data               gimbal.o
    0x20000740   COMPRESSED   0x00000020   Data   RW         5977    .data               gimbal.o
    0x20000760   COMPRESSED   0x00000008   Data   RW         5978    .data               gimbal.o
    0x20000768   COMPRESSED   0x00000001   Data   RW         5979    .data               gimbal.o
    0x20000769   COMPRESSED   0x00000003   PAD
    0x2000076c   COMPRESSED   0x00000088   Data   RW         6042    .data               module.o
    0x200007f4   COMPRESSED   0x00000028   Data   RW         6043    .data               module.o
    0x2000081c   COMPRESSED   0x0000000c   Data   RW         6111    .data               can_protocol.o
    0x20000828   COMPRESSED   0x00000002   Data   RW         6204    .data               control_task.o
    0x2000082a   COMPRESSED   0x00000002   PAD
    0x2000082c   COMPRESSED   0x00000030   Data   RW         6310    .data               bmi_ekf.o
    0x2000085c   COMPRESSED   0x000000e8   Data   RW         6311    .data               bmi_ekf.o
    0x20000944   COMPRESSED   0x0000002c   Data   RW         6469    .data               bmi088driver.o
    0x20000970   COMPRESSED   0x00000004   Data   RW         6616    .data               bmi088middleware.o
    0x20000974   COMPRESSED   0x00000074   Data   RW         6693    .data               imu.o
    0x200009e8   COMPRESSED   0x0000001c   Data   RW         6884    .data               usbd_desc.o
    0x20000a04   COMPRESSED   0x00000032   Data   RW         6885    .data               usbd_desc.o
    0x20000a36   COMPRESSED   0x00000002   PAD
    0x20000a38   COMPRESSED   0x00000014   Data   RW         6968    .data               usbd_cdc_if.o
    0x20000a4c   COMPRESSED   0x00000001   Data   RW         7394    .data               usbd_ctlreq.o
    0x20000a4d   COMPRESSED   0x00000003   PAD
    0x20000a50   COMPRESSED   0x00000053   Data   RW         7537    .data               usbd_cdc.o
    0x20000aa3   COMPRESSED   0x00000001   PAD
    0x20000aa4   COMPRESSED   0x00000038   Data   RW         7538    .data               usbd_cdc.o
    0x20000adc        -       0x00000254   Zero   RW          342    .bss                freertos.o
    0x20000d30        -       0x00000050   Zero   RW          393    .bss                can.o
    0x20000d80        -       0x00000118   Zero   RW          495    .bss                spi.o
    0x20000e98        -       0x00000048   Zero   RW          538    .bss                tim.o
    0x20000ee0        -       0x00000048   Zero   RW          703    .bss                stm32f4xx_hal_timebase_tim.o
    0x20000f28        -       0x000000f0   Zero   RW         4585    .bss                tasks.o
    0x20001018        -       0x00003c00   Zero   RW         5229    .bss                heap_4.o
    0x20004c18        -       0x00000014   Zero   RW         5551    .bss                vision.o
    0x20004c2c        -       0x00000048   Zero   RW         5657    .bss                can_drv.o
    0x20004c74        -       0x00000010   Zero   RW         5973    .bss                gimbal.o
    0x20004c84        -       0x00000024   Zero   RW         5974    .bss                gimbal.o
    0x20004ca8        -       0x00000018   Zero   RW         6110    .bss                can_protocol.o
    0x20004cc0        -       0x00000270   Zero   RW         6308    .bss                bmi_ekf.o
    0x20004f30        -       0x00000060   Zero   RW         6690    .bss                imu.o
    0x20004f90        -       0x000001a4   Zero   RW         6692    .bss                imu.o
    0x20005134        -       0x000002dc   Zero   RW         6828    .bss                usb_device.o
    0x20005410        -       0x00000200   Zero   RW         6883    .bss                usbd_desc.o
    0x20005610        -       0x00001000   Zero   RW         6967    .bss                usbd_cdc_if.o
    0x20006610        -       0x00000704   Zero   RW         7049    .bss                usbd_conf.o
    0x20006d14        -       0x00000060   Zero   RW        14496    .bss                c_w.l(libspace.o)
    0x20006d74   COMPRESSED   0x00000004   PAD
    0x20006d78        -       0x00000200   Zero   RW            2    HEAP                startup_stm32f407xx.o
    0x20006f78        -       0x00000400   Zero   RW            1    STACK               startup_stm32f407xx.o


    Execution Region RW_IRAM2 (Exec base: 0x2001c000, Load base: 0x0800b1bc, Size: 0x00000000, Max: 0x00004000, ABSOLUTE)

    **** No section assigned to this execution region ****


==============================================================================

Image component sizes


      Code (inc. data)   RO Data    RW Data    ZI Data      Debug   Object Name

       180          6          0          0          0       2276   ave_filter.o
       936         16          0         44          0     587394   bmi088driver.o
       184         34          0          4          0       6190   bmi088middleware.o
      3596        174        144        280        624      20273   bmi_ekf.o
       396         46          0          4         80       2594   can.o
       278         38          0          0         72       5538   can_drv.o
       606         72          0         12         24       6522   can_protocol.o
       120          0          0          0          0      23501   cmsis_os.o
         0          0       2052          0          0      13529   commontables.o
       160         22          0          2          0        763   control_task.o
       220         34          0         56          0       3863   ctrl_down.o
       112         24          0        112          0       3178   device.o
        60          4          0          0          0        826   dma.o
        24          4          0          0          0       2648   driver.o
         0          0          0          0          0      16992   event_groups.o
       800         56        112          0          0       6372   fastmathfunctions.o
       104         14        108         12        596       2214   freertos.o
      1306         70          0         69         52       9126   gimbal.o
       252         18          0          0          0       1079   gpio.o
       138         24          0          4          0       2701   haltick_drv.o
       472         24          0         32      15360       7571   heap_4.o
      1500         96          0        116        516      42819   imu.o
      1998          0          0          0          0       6986   kalman_filter.o
       138          0          0          0          0       3686   list.o
       228         10          0          0          0     755053   main.o
       100          0          0          0          0       1491   math_support.o
       956         10          0          0          0      10732   matrixfunctions.o
       982        116          0        176          0       8367   module.o
        60         14          0          0          0        535   monitor_task.o
      1950        132          0       1456          0      15627   motor.o
       212          6          0          0          0       1537   my_pid.o
       702         72          0         12          0      11232   port.o
       118          0          0          0          0       1463   quaternionmathfunctions.o
       324         32          0          0        280       2003   spi.o
        64         26        392          0       1536        864   startup_stm32f407xx.o
       100         14          0         12          0       8336   stm32f4xx_hal.o
      1658          6          0          0          0      14751   stm32f4xx_hal_can.o
       158         14          0          0          0      33146   stm32f4xx_hal_cortex.o
       752         16          8          0          0       4188   stm32f4xx_hal_dma.o
       516         46          0          0          0       2943   stm32f4xx_hal_gpio.o
        56          4          0          0          0        910   stm32f4xx_hal_msp.o
      2576         12          0          0          0      13888   stm32f4xx_hal_pcd.o
        78          0          0          0          0       2489   stm32f4xx_hal_pcd_ex.o
      1392         80          0          0          0       5958   stm32f4xx_hal_rcc.o
       980         16          0          0          0       5013   stm32f4xx_hal_spi.o
      1748        108          0          0          0      16042   stm32f4xx_hal_tim.o
       148         28          0          0          0       2577   stm32f4xx_hal_tim_ex.o
       152         18          0          0         72       1547   stm32f4xx_hal_timebase_tim.o
        84         36          0          0          0       5887   stm32f4xx_it.o
      2708        116          0          0          0      23928   stm32f4xx_ll_usb.o
         0          0          0          0          0        404   stream_buffer.o
        16          4         24          4          0       1195   system_stm32f4xx.o
        20          4          0          0          0        518   system_task.o
      1520        112          0         60        240      19854   tasks.o
       280         32          0          0         72       2476   tim.o
        84         18          0          0        732       2683   usb_device.o
      1290         38          0        139          0      14793   usbd_cdc.o
       140         28          0         20       4096       4144   usbd_cdc_if.o
       642         24          0          0       1796      17424   usbd_conf.o
       934          0          0          0          0      15855   usbd_core.o
      1360         28          0          1          0      15600   usbd_ctlreq.o
       288        104          0         78        512       6401   usbd_desc.o
       138          0          0          0          0       4684   usbd_ioreq.o
       164         18          0         63         20       4599   vision.o

    ----------------------------------------------------------------------
     39324       2118       2872       2780      26680    1839778   Object Totals
         0          0         32          0          0          0   (incl. Generated)
        66          0          0         12          0          0   (incl. Padding)

    ----------------------------------------------------------------------

      Code (inc. data)   RO Data    RW Data    ZI Data      Debug   Library Member Name

        90          0          0          0          0          0   __dczerorl2.o
         8          0          0          0          0         68   __main.o
         0          0          0          0          0          0   __rtentry.o
        12          0          0          0          0          0   __rtentry2.o
         6          0          0          0          0          0   __rtentry4.o
        52          8          0          0          0          0   __scatter.o
        28          0          0          0          0          0   __scatter_zi.o
        22          0          0          0          0        100   _rserrno.o
        18          0          0          0          0         80   exit.o
         6          0          0          0          0        152   heapauxi.o
         0          0          0          0          0          0   indicate_semi.o
         2          0          0          0          0          0   libinit.o
         6          0          0          0          0          0   libinit2.o
         2          0          0          0          0          0   libshutdown.o
         2          0          0          0          0          0   libshutdown2.o
         8          4          0          0         96         68   libspace.o
       238          0          0          0          0        100   lludivv7m.o
         8          4          0          0          0         68   rt_errno_addr_intlibspace.o
        68          0          0          0          0         68   rt_memclr.o
        78          0          0          0          0         80   rt_memclr_w.o
       100          0          0          0          0         80   rt_memcpy_w.o
         2          0          0          0          0          0   rtexit.o
        10          0          0          0          0          0   rtexit2.o
        12          4          0          0          0         68   sys_exit.o
        74          0          0          0          0         80   sys_stackheap_outer.o
         2          0          0          0          0         68   use_no_semi.o
        98          4          0          0          0        140   d2f.o
       688        140          0          0          0        256   ddiv.o
       340         12          0          0          0        152   dmul.o
       156          4          0          0          0        140   dnaninf.o
        12          0          0          0          0        116   dretinf.o
        86          4          0          0          0        132   f2d.o
       140          4          0          0          0        132   fnaninf.o
        10          0          0          0          0        116   fpinit.o
        10          0          0          0          0        116   fretinf.o
         0          0          0          0          0          0   usenofp.o
       280         46          0          0          0        176   acosf.o
        22          6          0          0          0        232   funder.o
       120          0          0          0          0        272   sqrtf.o

    ----------------------------------------------------------------------
      2828        240          0          0        100       3060   Library Totals
        12          0          0          0          4          0   (incl. Padding)

    ----------------------------------------------------------------------

      Code (inc. data)   RO Data    RW Data    ZI Data      Debug   Library Name

       854         20          0          0         96       1080   c_w.l
      1540        168          0          0          0       1300   fz_wm.l
       422         52          0          0          0        680   m_wm.l

    ----------------------------------------------------------------------
      2828        240          0          0        100       3060   Library Totals

    ----------------------------------------------------------------------

==============================================================================


      Code (inc. data)   RO Data    RW Data    ZI Data      Debug   

     42152       2358       2872       2780      26780    1803970   Grand Totals
     42152       2358       2872        476      26780    1803970   ELF Image Totals (compressed)
     42152       2358       2872        476          0          0   ROM Totals

==============================================================================

    Total RO  Size (Code + RO Data)                45024 (  43.97kB)
    Total RW  Size (RW Data + ZI Data)             29560 (  28.87kB)
    Total ROM Size (Code + RO Data + RW Data)      45500 (  44.43kB)

==============================================================================

